ASxxxx Linker V03.00/V05.40 + sdld,  page 1.
Hexadecimal  [32-Bits]

Area                                    Addr        Size        Decimal Bytes (Attributes)
--------------------------------        ----        ----        ------- ----- ------------
.  .ABS.                            00000000    00000000 =           0. bytes (ABS,CON)

      Value  Global                              Global Defined In Module
      -----  --------------------------------   ------------------------
     00000000  .__.ABS.                           itoa
     00000000  _rRAMG                             
     00000000  l__BASE                         
     00000000  l__BSS                          
     00000000  l__CABS                         
     00000000  l__CODE_0                       
     00000000  l__DABS                         
     00000000  l__HEADER                       
     00000000  l__HEADER_LCD                   
     00000000  l__HEADER_NESTED_TIM            
     00000000  l__HEAP                         
     00000000  l__HEAP_END                     
     00000000  l__HRAM                         
     00000000  l__LIT                          
     00000000  s__CABS                         
     00000000  s__DABS                         
     00000000  s__HEADER                       
     00000000  s__HEADER0                      
     00000000  s__HEADER1                      
     00000000  s__HEADER10                     
     00000000  s__HEADER11                     
     00000000  s__HEADER2                      
     00000000  s__HEADER3                      
     00000000  s__HEADER4                      
     00000000  s__HEADER5                      
     00000000  s__HEADER6                      
     00000000  s__HEADER7                      
     00000000  s__HEADER8                      
     00000000  s__HEADER9                      
     00000000  s__HEADER_LCD                   
     00000000  s__HEADER_LCD0                  
     00000000  s__HEADER_NESTED_TIM            
     00000000  s__HEADER_NESTED_TIM0           
     00000000  s__HEADERa                      
     00000000  s__HEADERb                      
     00000000  s__HEADERc                      
     00000000  s__HEADERd                      
     00000000  s__HEADERe                      
     00000000  s__HEADERf                      
     00000000  s__HRAM                         
     00000000  s__HRAM12                       
     00000001  ___bank_SpriteCamera               SpriteCamera
     00000001  ___bank_SpriteOrpheus              SpriteOrpheus
     00000001  ___bank_StateGame                  StateGame
     00000001  ___bank_UtilEnemy                  UtilEnemy
     00000001  ___bank_camera                     camera_gbr
     00000001  ___bank_hudmap                     hudmap_gbm
     00000001  ___bank_hudt                       hudt_gbr
     00000001  ___bank_omapintro                  omapintro_gbm
     00000001  ___bank_omapintrot                 omapintrot_gbr
ASxxxx Linker V03.00/V05.40 + sdld,  page 2.
Hexadecimal  [32-Bits]

Area                                    Addr        Size        Decimal Bytes (Attributes)
--------------------------------        ----        ----        ------- ----- ------------
.  .ABS.                            00000000    00000000 =           0. bytes (ABS,CON)

      Value  Global                              Global Defined In Module
      -----  --------------------------------   ------------------------
     00000001  b_FadeIn_b                         Fade_b
     00000001  b_FadeOut_b                        Fade_b
     00000001  b_UpdateHUD                        StateGame
     00000001  b_e_change_state                   UtilEnemy
     00000001  b_e_check_tile_collision           UtilEnemy
     00000001  b_e_configure                      UtilEnemy
     00000001  b_e_destroy                        UtilEnemy
     00000001  b_e_management                     UtilEnemy
     00000001  b_e_start                          UtilEnemy
     00000001  b_e_turn                           UtilEnemy
     00000001  b_e_update_anim                    UtilEnemy
     00000001  b_orhpeus_change_state             SpriteOrpheus
     00000001  b_orpheus_hit                      SpriteOrpheus
     00000001  b_orpheus_recharge                 SpriteOrpheus
     00000001  b_orpheus_update_position          SpriteOrpheus
     00000001  l__GSFINAL                      
     00000001  l__HEADER0                      
     00000001  l__HEADER5                      
     00000001  l__HEADERa                      
     00000001  l__HEADERb                      
     00000001  l__HEADERc                      
     00000001  l__HEADERe                      
     00000001  l__HEADERf                      
     00000002  ___bank_SpriteSkeleton             SpriteSkeleton
     00000002  ___bank_enemyskeletor              enemyskeletor_gbr
     00000002  ___bank_font                       font_gbr
     00000002  ___bank_orpheus                    orpheus_gbr
     00000002  b_skeleton_update_anim             SpriteSkeleton
     00000002  l__HEADER10                     
     00000002  l__HEADER6                      
     00000002  l__HEADERd                      
     00000003  l__HEADER9                      
     00000003  l__HEADER_LCD0                  
     00000003  l__HRAM12                       
     00000005  l__HEADER1                      
     00000006  l__HEADER8                      
     00000006  l__HEADER_NESTED_TIM0           
     00000007  l__HEADER2                      
     00000008  l__HEADER3                      
     0000000C  l__GSINIT                       
     00000030  l__HEADER7                      
     0000005C  l__HEADER4                      
     00000072  l__INITIALIZED                  
     00000072  l__INITIALIZER                  
     000000AF  l__HEADER11                     
     000000FF  G$__bank_SpriteCamera$0_0$0        SpriteCamera
     000000FF  G$__bank_SpriteOrpheus$0_0$0       SpriteOrpheus
     000000FF  G$__bank_SpriteSkeleton$0_0$0      SpriteSkeleton
     000000FF  G$__bank_StateGame$0_0$0           StateGame
     000000FF  G$__bank_UtilEnemy$0_0$0           UtilEnemy
     000000FF  G$__bank_font$0_0$0                font_gbr
ASxxxx Linker V03.00/V05.40 + sdld,  page 3.
Hexadecimal  [32-Bits]

Area                                    Addr        Size        Decimal Bytes (Attributes)
--------------------------------        ----        ----        ------- ----- ------------
.  .ABS.                            00000000    00000000 =           0. bytes (ABS,CON)

      Value  Global                              Global Defined In Module
      -----  --------------------------------   ------------------------
     000000FF  G$__bank_hudmap$0_0$0              hudmap_gbm
     000000FF  G$__bank_hudt$0_0$0                hudt_gbr
     000000FF  G$__bank_omapintro$0_0$0           omapintro_gbm
     000000FF  G$__bank_omapintrot$0_0$0          omapintrot_gbr
     00000200  s__CODE                         
     0000028F  l__HOME                         
     00000765  l__DATA                         
     000009D7  l__CODE_2                       
     00002000  _rROMB0                            
     00002B59  l__CODE                         
     00002D59  s__HOME                         
     00002FE8  s__BASE                         
     00002FE8  s__CODE_0                       
     00002FE8  s__INITIALIZER                  
     00002FE8  s__LIT                          
     00003000  _rROMB1                            
     0000305A  s__GSINIT                       
     00003066  s__GSFINAL                      
     00003889  l__CODE_1                       
     00004000  _rRAMB                             
     00008000  __VRAM                             
     00008000  __VRAM8000                         
     00008800  __VRAM8800                         
     00009000  __VRAM9000                         
     00009800  __SCRN0                            
     00009C00  __SCRN1                            
     0000A000  __SRAM                             
     0000C000  __RAM                              
     0000C000  _shadow_OAM                     
     0000C0A0  s__DATA                         
     0000C805  s__BSS                          
     0000C805  s__INITIALIZED                  
     0000C877  s__HEAP                         
     0000C877  s__HEAP_END                     
     0000D000  __RAMBANK                          
     0000DEFF  .STACK                          
     0000DF00  G$oam_mirror$0_0$0                 OAMManager
     0000DF00  _oam_mirror                        OAMManager
     0000FE00  __OAMRAM                           
     0000FF00  _P1_REG                            
     0000FF00  __IO                               
     0000FF01  _SB_REG                            
     0000FF02  _SC_REG                            
     0000FF04  _DIV_REG                           
     0000FF05  _TIMA_REG                          
     0000FF06  _TMA_REG                           
     0000FF07  _TAC_REG                           
     0000FF0F  _IF_REG                            
     0000FF10  _NR10_REG                          
     0000FF11  _NR11_REG                          
     0000FF12  _NR12_REG                          
ASxxxx Linker V03.00/V05.40 + sdld,  page 4.
Hexadecimal  [32-Bits]

Area                                    Addr        Size        Decimal Bytes (Attributes)
--------------------------------        ----        ----        ------- ----- ------------
.  .ABS.                            00000000    00000000 =           0. bytes (ABS,CON)

      Value  Global                              Global Defined In Module
      -----  --------------------------------   ------------------------
     0000FF13  _NR13_REG                          
     0000FF14  _NR14_REG                          
     0000FF16  _NR21_REG                          
     0000FF17  _NR22_REG                          
     0000FF18  _NR23_REG                          
     0000FF19  _NR24_REG                          
     0000FF1A  _NR30_REG                          
     0000FF1B  _NR31_REG                          
     0000FF1C  _NR32_REG                          
     0000FF1D  _NR33_REG                          
     0000FF1E  _NR34_REG                          
     0000FF20  _NR41_REG                          
     0000FF21  _NR42_REG                          
     0000FF22  _NR43_REG                          
     0000FF23  _NR44_REG                          
     0000FF24  _NR50_REG                          
     0000FF25  _NR51_REG                          
     0000FF26  _NR52_REG                          
     0000FF30  _AUD3WAVE                          
     0000FF30  _PCM_SAMPLE                        
     0000FF30  __AUD3WAVERAM                      
     0000FF40  _LCDC_REG                          
     0000FF41  _STAT_REG                          
     0000FF42  _SCY_REG                           
     0000FF43  _SCX_REG                           
     0000FF44  _LY_REG                            
     0000FF45  _LYC_REG                           
     0000FF46  _DMA_REG                           
     0000FF47  _BGP_REG                           
     0000FF48  _OBP0_REG                          
     0000FF49  _OBP1_REG                          
     0000FF4A  _WY_REG                            
     0000FF4B  _WX_REG                            
     0000FF4D  _KEY1_REG                          
     0000FF4F  _VBK_REG                           
     0000FF51  _HDMA1_REG                         
     0000FF52  _HDMA2_REG                         
     0000FF53  _HDMA3_REG                         
     0000FF54  _HDMA4_REG                         
     0000FF55  _HDMA5_REG                         
     0000FF56  _RP_REG                            
     0000FF68  _BCPS_REG                          
     0000FF69  _BCPD_REG                          
     0000FF6A  _OCPS_REG                          
     0000FF6B  _OCPD_REG                          
     0000FF70  _SVBK_REG                          
     0000FF76  _PCM12_REG                         
     0000FF77  _PCM34_REG                         
     0000FF80  .refresh_OAM                    
     0000FF80  __HRAM                             
     0000FFFF  _IE_REG                            
ASxxxx Linker V03.00/V05.40 + sdld,  page 5.
Hexadecimal  [32-Bits]

Area                                    Addr        Size        Decimal Bytes (Attributes)
--------------------------------        ----        ----        ------- ----- ------------
.  .ABS.                            00000000    00000000 =           0. bytes (ABS,CON)

      Value  Global                              Global Defined In Module
      -----  --------------------------------   ------------------------
     00014000  s__CODE_1                       
     00024000  s__CODE_2                       

ASxxxx Linker V03.00/V05.40 + sdld,  page 6.
Hexadecimal  [32-Bits]

Area                                    Addr        Size        Decimal Bytes (Attributes)
--------------------------------        ----        ----        ------- ----- ------------
_CODE                               00000200    00002B59 =       11097. bytes (REL,CON)

      Value  Global                              Global Defined In Module
      -----  --------------------------------   ------------------------
     00000200  A$ZGBMain$56                       ZGBMain
     00000200  C$ZGBMain.c$6$0_0$160              ZGBMain
     00000200  G$GetTileReplacement$0$0           ZGBMain
     00000200  _GetTileReplacement                ZGBMain
     00000202  A$ZGBMain$57                       ZGBMain
     00000204  A$ZGBMain$58                       ZGBMain
     00000205  A$ZGBMain$59                       ZGBMain
     00000206  A$ZGBMain$60                       ZGBMain
     00000207  A$ZGBMain$64                       ZGBMain
     00000207  C$ZGBMain.c$7$1_0$160              ZGBMain
     0000020A  A$ZGBMain$65                       ZGBMain
     0000020B  A$ZGBMain$66                       ZGBMain
     0000020D  A$ZGBMain$70                       ZGBMain
     0000020D  C$ZGBMain.c$8$2_0$161              ZGBMain
     0000020F  A$ZGBMain$71                       ZGBMain
     00000210  A$ZGBMain$72                       ZGBMain
     00000211  A$ZGBMain$73                       ZGBMain
     00000212  A$ZGBMain$74                       ZGBMain
     00000213  A$ZGBMain$75                       ZGBMain
     00000214  A$ZGBMain$76                       ZGBMain
     00000215  A$ZGBMain$77                       ZGBMain
     00000216  A$ZGBMain$78                       ZGBMain
     00000217  A$ZGBMain$79                       ZGBMain
     00000219  A$ZGBMain$80                       ZGBMain
     0000021B  A$ZGBMain$81                       ZGBMain
     0000021C  A$ZGBMain$82                       ZGBMain
     0000021D  A$ZGBMain$83                       ZGBMain
     0000021E  A$ZGBMain$84                       ZGBMain
     0000021F  A$ZGBMain$85                       ZGBMain
     00000221  A$ZGBMain$89                       ZGBMain
     00000221  C$ZGBMain.c$9$3_0$162              ZGBMain
     00000222  A$ZGBMain$90                       ZGBMain
     00000223  A$ZGBMain$94                       ZGBMain
     00000223  C$ZGBMain.c$10$3_0$162             ZGBMain
     00000225  A$ZGBMain$95                       ZGBMain
     00000226  A$ZGBMain$96                       ZGBMain
     00000227  A$ZGBMain$97                       ZGBMain
     00000228  A$ZGBMain$98                       ZGBMain
     00000229  A$ZGBMain$99                       ZGBMain
     0000022A  A$ZGBMain$100                      ZGBMain
     0000022C  A$ZGBMain$101                      ZGBMain
     0000022D  A$ZGBMain$102                      ZGBMain
     0000022F  A$ZGBMain$107                      ZGBMain
     0000022F  C$ZGBMain.c$13$2_0$161             ZGBMain
     00000231  A$ZGBMain$108                      ZGBMain
     00000232  A$ZGBMain$109                      ZGBMain
     00000233  A$ZGBMain$114                      ZGBMain
     00000233  C$ZGBMain.c$16$1_0$160             ZGBMain
     00000235  A$ZGBMain$119                      ZGBMain
     00000237  A$ZGBMain$124                      ZGBMain
ASxxxx Linker V03.00/V05.40 + sdld,  page 7.
Hexadecimal  [32-Bits]

Area                                    Addr        Size        Decimal Bytes (Attributes)
--------------------------------        ----        ----        ------- ----- ------------
_CODE                               00000200    00002B59 =       11097. bytes (REL,CON)

      Value  Global                              Global Defined In Module
      -----  --------------------------------   ------------------------
     00000237  C$ZGBMain.c$17$1_0$160             ZGBMain
     00000237  XG$GetTileReplacement$0$0          ZGBMain
     00000238  _hUGE_init                         hUGEDriver_obj
     0000023A  hUGE_init                          hUGEDriver_obj
     00000290  _hUGE_mute_channel                 hUGEDriver_obj
     00000292  hUGE_mute_channel                  hUGEDriver_obj
     000004E0  _hUGE_set_position                 hUGEDriver_obj
     000004E1  hUGE_set_position                  hUGEDriver_obj
     000006A6  _hUGE_dosound                      hUGEDriver_obj
     000006A6  hUGE_dosound                       hUGEDriver_obj
     000009D2  A$Sprite$103                       Sprite
     000009D2  C$Sprite.c$8$0_0$179               Sprite
     000009D2  G$SetFrame$0$0                     Sprite
     000009D2  _SetFrame                          Sprite
     000009D4  A$Sprite$104                       Sprite
     000009D6  A$Sprite$105                       Sprite
     000009D7  A$Sprite$106                       Sprite
     000009D8  A$Sprite$107                       Sprite
     000009D9  A$Sprite$108                       Sprite
     000009DA  A$Sprite$109                       Sprite
     000009DB  A$Sprite$113                       Sprite
     000009DB  C$Sprite.c$10$1_0$179              Sprite
     000009DC  A$Sprite$114                       Sprite
     000009DD  A$Sprite$115                       Sprite
     000009DE  A$Sprite$116                       Sprite
     000009DF  A$Sprite$117                       Sprite
     000009E0  A$Sprite$118                       Sprite
     000009E1  A$Sprite$119                       Sprite
     000009E2  A$Sprite$120                       Sprite
     000009E5  A$Sprite$121                       Sprite
     000009E6  A$Sprite$125                       Sprite
     000009E6  C$Sprite.c$11$1_0$179              Sprite
     000009E8  A$Sprite$126                       Sprite
     000009E9  A$Sprite$127                       Sprite
     000009EA  A$Sprite$128                       Sprite
     000009EB  A$Sprite$129                       Sprite
     000009EE  A$Sprite$130                       Sprite
     000009EF  A$Sprite$131                       Sprite
     000009F0  A$Sprite$132                       Sprite
     000009F1  A$Sprite$133                       Sprite
     000009F2  A$Sprite$134                       Sprite
     000009F4  A$Sprite$135                       Sprite
     000009F5  A$Sprite$136                       Sprite
     000009F6  A$Sprite$139                       Sprite
     000009F7  A$Sprite$142                       Sprite
     000009F8  A$Sprite$143                       Sprite
     000009F9  A$Sprite$144                       Sprite
     000009FA  A$Sprite$145                       Sprite
     000009FB  A$Sprite$146                       Sprite
     000009FE  A$Sprite$147                       Sprite
     000009FF  A$Sprite$148                       Sprite
ASxxxx Linker V03.00/V05.40 + sdld,  page 8.
Hexadecimal  [32-Bits]

Area                                    Addr        Size        Decimal Bytes (Attributes)
--------------------------------        ----        ----        ------- ----- ------------
_CODE                               00000200    00002B59 =       11097. bytes (REL,CON)

      Value  Global                              Global Defined In Module
      -----  --------------------------------   ------------------------
     00000A00  A$Sprite$149                       Sprite
     00000A01  A$Sprite$150                       Sprite
     00000A02  A$Sprite$151                       Sprite
     00000A04  A$Sprite$152                       Sprite
     00000A05  A$Sprite$153                       Sprite
     00000A07  A$Sprite$154                       Sprite
     00000A08  A$Sprite$155                       Sprite
     00000A09  A$Sprite$156                       Sprite
     00000A0A  A$Sprite$157                       Sprite
     00000A0B  A$Sprite$158                       Sprite
     00000A0C  A$Sprite$159                       Sprite
     00000A0D  A$Sprite$160                       Sprite
     00000A0E  A$Sprite$161                       Sprite
     00000A0F  A$Sprite$162                       Sprite
     00000A10  A$Sprite$163                       Sprite
     00000A11  A$Sprite$167                       Sprite
     00000A11  C$Sprite.c$12$1_0$179              Sprite
     00000A14  A$Sprite$171                       Sprite
     00000A14  C$Sprite.c$13$1_0$179              Sprite
     00000A16  A$Sprite$172                       Sprite
     00000A17  A$Sprite$173                       Sprite
     00000A18  A$Sprite$174                       Sprite
     00000A19  A$Sprite$175                       Sprite
     00000A1C  A$Sprite$176                       Sprite
     00000A1D  A$Sprite$177                       Sprite
     00000A1E  A$Sprite$178                       Sprite
     00000A1F  A$Sprite$179                       Sprite
     00000A21  A$Sprite$180                       Sprite
     00000A22  A$Sprite$181                       Sprite
     00000A23  A$Sprite$185                       Sprite
     00000A25  A$Sprite$190                       Sprite
     00000A25  C$Sprite.c$14$1_0$179              Sprite
     00000A25  XG$SetFrame$0$0                    Sprite
     00000A26  A$Sprite$200                       Sprite
     00000A26  C$Sprite.c$16$1_0$181              Sprite
     00000A26  G$InitSprite$0$0                   Sprite
     00000A26  _InitSprite                        Sprite
     00000A28  A$Sprite$201                       Sprite
     00000A29  A$Sprite$202                       Sprite
     00000A2A  A$Sprite$203                       Sprite
     00000A2C  A$Sprite$204                       Sprite
     00000A2D  A$Sprite$208                       Sprite
     00000A2D  C$Sprite.c$17$1_0$181              Sprite
     00000A2E  A$Sprite$209                       Sprite
     00000A30  A$Sprite$210                       Sprite
     00000A31  A$Sprite$211                       Sprite
     00000A34  A$Sprite$212                       Sprite
     00000A35  A$Sprite$213                       Sprite
     00000A36  A$Sprite$214                       Sprite
     00000A37  A$Sprite$215                       Sprite
     00000A38  A$Sprite$216                       Sprite
ASxxxx Linker V03.00/V05.40 + sdld,  page 9.
Hexadecimal  [32-Bits]

Area                                    Addr        Size        Decimal Bytes (Attributes)
--------------------------------        ----        ----        ------- ----- ------------
_CODE                               00000200    00002B59 =       11097. bytes (REL,CON)

      Value  Global                              Global Defined In Module
      -----  --------------------------------   ------------------------
     00000A3A  A$Sprite$217                       Sprite
     00000A3B  A$Sprite$218                       Sprite
     00000A3C  A$Sprite$219                       Sprite
     00000A3D  A$Sprite$220                       Sprite
     00000A3E  A$Sprite$224                       Sprite
     00000A3E  C$Sprite.c$19$1_0$181              Sprite
     00000A3F  A$Sprite$225                       Sprite
     00000A40  A$Sprite$226                       Sprite
     00000A41  A$Sprite$227                       Sprite
     00000A43  A$Sprite$228                       Sprite
     00000A44  A$Sprite$229                       Sprite
     00000A45  A$Sprite$230                       Sprite
     00000A46  A$Sprite$231                       Sprite
     00000A47  A$Sprite$232                       Sprite
     00000A48  A$Sprite$236                       Sprite
     00000A48  C$Sprite.c$20$1_0$181              Sprite
     00000A4B  A$Sprite$237                       Sprite
     00000A4D  A$Sprite$238                       Sprite
     00000A4E  A$Sprite$239                       Sprite
     00000A50  A$Sprite$240                       Sprite
     00000A51  A$Sprite$241                       Sprite
     00000A52  A$Sprite$242                       Sprite
     00000A53  A$Sprite$243                       Sprite
     00000A55  A$Sprite$244                       Sprite
     00000A56  A$Sprite$245                       Sprite
     00000A57  A$Sprite$246                       Sprite
     00000A58  A$Sprite$247                       Sprite
     00000A5A  A$Sprite$248                       Sprite
     00000A5B  A$Sprite$249                       Sprite
     00000A5C  A$Sprite$250                       Sprite
     00000A5D  A$Sprite$251                       Sprite
     00000A5E  A$Sprite$252                       Sprite
     00000A5F  A$Sprite$253                       Sprite
     00000A60  A$Sprite$257                       Sprite
     00000A60  C$Sprite.c$22$1_0$181              Sprite
     00000A63  A$Sprite$258                       Sprite
     00000A64  A$Sprite$259                       Sprite
     00000A65  A$Sprite$260                       Sprite
     00000A66  A$Sprite$261                       Sprite
     00000A68  A$Sprite$262                       Sprite
     00000A69  A$Sprite$263                       Sprite
     00000A6A  A$Sprite$264                       Sprite
     00000A6B  A$Sprite$265                       Sprite
     00000A6D  A$Sprite$266                       Sprite
     00000A6E  A$Sprite$267                       Sprite
     00000A71  A$Sprite$268                       Sprite
     00000A72  A$Sprite$269                       Sprite
     00000A74  A$Sprite$270                       Sprite
     00000A75  A$Sprite$271                       Sprite
     00000A76  A$Sprite$272                       Sprite
     00000A77  A$Sprite$273                       Sprite
ASxxxx Linker V03.00/V05.40 + sdld,  page 10.
Hexadecimal  [32-Bits]

Area                                    Addr        Size        Decimal Bytes (Attributes)
--------------------------------        ----        ----        ------- ----- ------------
_CODE                               00000200    00002B59 =       11097. bytes (REL,CON)

      Value  Global                              Global Defined In Module
      -----  --------------------------------   ------------------------
     00000A78  A$Sprite$274                       Sprite
     00000A7A  A$Sprite$275                       Sprite
     00000A7B  A$Sprite$276                       Sprite
     00000A7C  A$Sprite$277                       Sprite
     00000A7D  A$Sprite$278                       Sprite
     00000A7E  A$Sprite$279                       Sprite
     00000A7F  A$Sprite$280                       Sprite
     00000A80  A$Sprite$284                       Sprite
     00000A80  C$Sprite.c$26$1_0$181              Sprite
     00000A83  A$Sprite$285                       Sprite
     00000A84  A$Sprite$286                       Sprite
     00000A86  A$Sprite$290                       Sprite
     00000A86  C$Sprite.c$28$1_0$181              Sprite
     00000A89  A$Sprite$291                       Sprite
     00000A8A  A$Sprite$292                       Sprite
     00000A8B  A$Sprite$293                       Sprite
     00000A8C  A$Sprite$294                       Sprite
     00000A8D  A$Sprite$298                       Sprite
     00000A8D  C$Sprite.c$30$1_0$181              Sprite
     00000A8E  A$Sprite$299                       Sprite
     00000A8F  A$Sprite$300                       Sprite
     00000A90  A$Sprite$301                       Sprite
     00000A91  A$Sprite$302                       Sprite
     00000A94  A$Sprite$303                       Sprite
     00000A95  A$Sprite$307                       Sprite
     00000A95  C$Sprite.c$32$1_0$181              Sprite
     00000A98  A$Sprite$308                       Sprite
     00000A99  A$Sprite$309                       Sprite
     00000A9B  A$Sprite$313                       Sprite
     00000A9B  C$Sprite.c$34$1_0$181              Sprite
     00000A9E  A$Sprite$314                       Sprite
     00000A9F  A$Sprite$315                       Sprite
     00000AA0  A$Sprite$316                       Sprite
     00000AA1  A$Sprite$317                       Sprite
     00000AA2  A$Sprite$321                       Sprite
     00000AA2  C$Sprite.c$35$1_0$181              Sprite
     00000AA5  A$Sprite$322                       Sprite
     00000AA6  A$Sprite$323                       Sprite
     00000AA7  A$Sprite$324                       Sprite
     00000AA8  A$Sprite$325                       Sprite
     00000AA9  A$Sprite$329                       Sprite
     00000AA9  C$Sprite.c$37$1_0$181              Sprite
     00000AAB  A$Sprite$330                       Sprite
     00000AAC  A$Sprite$331                       Sprite
     00000AAD  A$Sprite$332                       Sprite
     00000AAE  A$Sprite$333                       Sprite
     00000AAF  A$Sprite$334                       Sprite
     00000AB0  A$Sprite$335                       Sprite
     00000AB1  A$Sprite$336                       Sprite
     00000AB2  A$Sprite$337                       Sprite
     00000AB5  A$Sprite$338                       Sprite
ASxxxx Linker V03.00/V05.40 + sdld,  page 11.
Hexadecimal  [32-Bits]

Area                                    Addr        Size        Decimal Bytes (Attributes)
--------------------------------        ----        ----        ------- ----- ------------
_CODE                               00000200    00002B59 =       11097. bytes (REL,CON)

      Value  Global                              Global Defined In Module
      -----  --------------------------------   ------------------------
     00000AB6  A$Sprite$339                       Sprite
     00000AB7  A$Sprite$343                       Sprite
     00000AB7  C$Sprite.c$38$1_0$181              Sprite
     00000ABA  A$Sprite$344                       Sprite
     00000ABB  A$Sprite$345                       Sprite
     00000ABC  A$Sprite$346                       Sprite
     00000ABD  A$Sprite$347                       Sprite
     00000ABF  A$Sprite$348                       Sprite
     00000AC0  A$Sprite$349                       Sprite
     00000AC1  A$Sprite$350                       Sprite
     00000AC2  A$Sprite$351                       Sprite
     00000AC4  A$Sprite$352                       Sprite
     00000AC5  A$Sprite$353                       Sprite
     00000AC6  A$Sprite$354                       Sprite
     00000AC7  A$Sprite$355                       Sprite
     00000AC8  A$Sprite$356                       Sprite
     00000AC9  A$Sprite$357                       Sprite
     00000ACA  A$Sprite$358                       Sprite
     00000ACB  A$Sprite$359                       Sprite
     00000ACC  A$Sprite$360                       Sprite
     00000ACD  A$Sprite$361                       Sprite
     00000ACE  A$Sprite$365                       Sprite
     00000ACE  C$Sprite.c$39$1_0$181              Sprite
     00000AD1  A$Sprite$366                       Sprite
     00000AD2  A$Sprite$367                       Sprite
     00000AD3  A$Sprite$368                       Sprite
     00000AD4  A$Sprite$369                       Sprite
     00000AD5  A$Sprite$370                       Sprite
     00000AD6  A$Sprite$371                       Sprite
     00000AD7  A$Sprite$372                       Sprite
     00000AD8  A$Sprite$373                       Sprite
     00000AD9  A$Sprite$377                       Sprite
     00000AD9  C$Sprite.c$40$1_0$181              Sprite
     00000ADC  A$Sprite$381                       Sprite
     00000ADE  A$Sprite$386                       Sprite
     00000ADE  C$Sprite.c$41$1_0$181              Sprite
     00000ADE  XG$InitSprite$0$0                  Sprite
     00000ADF  A$Sprite$396                       Sprite
     00000ADF  C$Sprite.c$43$1_0$183              Sprite
     00000ADF  G$SetSpriteAnim$0$0                Sprite
     00000ADF  _SetSpriteAnim                     Sprite
     00000AE1  A$Sprite$397                       Sprite
     00000AE3  A$Sprite$398                       Sprite
     00000AE4  A$Sprite$399                       Sprite
     00000AE5  A$Sprite$403                       Sprite
     00000AE5  C$Sprite.c$44$1_0$183              Sprite
     00000AE6  A$Sprite$404                       Sprite
     00000AE7  A$Sprite$405                       Sprite
     00000AE8  A$Sprite$406                       Sprite
     00000AE9  A$Sprite$407                       Sprite
     00000AEA  A$Sprite$408                       Sprite
ASxxxx Linker V03.00/V05.40 + sdld,  page 12.
Hexadecimal  [32-Bits]

Area                                    Addr        Size        Decimal Bytes (Attributes)
--------------------------------        ----        ----        ------- ----- ------------
_CODE                               00000200    00002B59 =       11097. bytes (REL,CON)

      Value  Global                              Global Defined In Module
      -----  --------------------------------   ------------------------
     00000AED  A$Sprite$409                       Sprite
     00000AEE  A$Sprite$410                       Sprite
     00000AEF  A$Sprite$411                       Sprite
     00000AF0  A$Sprite$412                       Sprite
     00000AF1  A$Sprite$413                       Sprite
     00000AF2  A$Sprite$414                       Sprite
     00000AF3  A$Sprite$415                       Sprite
     00000AF4  A$Sprite$416                       Sprite
     00000AF5  A$Sprite$419                       Sprite
     00000AF6  A$Sprite$420                       Sprite
     00000AF7  A$Sprite$421                       Sprite
     00000AF8  A$Sprite$424                       Sprite
     00000AF9  A$Sprite$425                       Sprite
     00000AFA  A$Sprite$426                       Sprite
     00000AFC  A$Sprite$427                       Sprite
     00000AFD  A$Sprite$428                       Sprite
     00000AFE  A$Sprite$429                       Sprite
     00000B00  A$Sprite$434                       Sprite
     00000B00  C$Sprite.c$45$2_0$184              Sprite
     00000B01  A$Sprite$435                       Sprite
     00000B02  A$Sprite$436                       Sprite
     00000B03  A$Sprite$437                       Sprite
     00000B04  A$Sprite$438                       Sprite
     00000B05  A$Sprite$442                       Sprite
     00000B05  C$Sprite.c$46$2_0$184              Sprite
     00000B06  A$Sprite$443                       Sprite
     00000B07  A$Sprite$444                       Sprite
     00000B09  A$Sprite$445                       Sprite
     00000B0A  A$Sprite$446                       Sprite
     00000B0B  A$Sprite$447                       Sprite
     00000B0C  A$Sprite$448                       Sprite
     00000B0F  A$Sprite$452                       Sprite
     00000B0F  C$Sprite.c$47$2_0$184              Sprite
     00000B11  A$Sprite$453                       Sprite
     00000B12  A$Sprite$454                       Sprite
     00000B13  A$Sprite$455                       Sprite
     00000B14  A$Sprite$456                       Sprite
     00000B17  A$Sprite$457                       Sprite
     00000B18  A$Sprite$458                       Sprite
     00000B19  A$Sprite$459                       Sprite
     00000B1A  A$Sprite$460                       Sprite
     00000B1B  A$Sprite$461                       Sprite
     00000B1C  A$Sprite$465                       Sprite
     00000B1C  C$Sprite.c$48$2_0$184              Sprite
     00000B1E  A$Sprite$466                       Sprite
     00000B1F  A$Sprite$467                       Sprite
     00000B20  A$Sprite$468                       Sprite
     00000B21  A$Sprite$469                       Sprite
     00000B24  A$Sprite$470                       Sprite
     00000B25  A$Sprite$471                       Sprite
     00000B26  A$Sprite$472                       Sprite
ASxxxx Linker V03.00/V05.40 + sdld,  page 13.
Hexadecimal  [32-Bits]

Area                                    Addr        Size        Decimal Bytes (Attributes)
--------------------------------        ----        ----        ------- ----- ------------
_CODE                               00000200    00002B59 =       11097. bytes (REL,CON)

      Value  Global                              Global Defined In Module
      -----  --------------------------------   ------------------------
     00000B27  A$Sprite$473                       Sprite
     00000B28  A$Sprite$474                       Sprite
     00000B29  A$Sprite$478                       Sprite
     00000B29  C$Sprite.c$49$2_0$184              Sprite
     00000B2B  A$Sprite$479                       Sprite
     00000B2C  A$Sprite$480                       Sprite
     00000B2D  A$Sprite$481                       Sprite
     00000B2E  A$Sprite$482                       Sprite
     00000B31  A$Sprite$483                       Sprite
     00000B32  A$Sprite$484                       Sprite
     00000B33  A$Sprite$485                       Sprite
     00000B34  A$Sprite$486                       Sprite
     00000B36  A$Sprite$487                       Sprite
     00000B37  A$Sprite$488                       Sprite
     00000B38  A$Sprite$493                       Sprite
     00000B38  C$Sprite.c$51$1_0$183              Sprite
     00000B3A  A$Sprite$494                       Sprite
     00000B3B  A$Sprite$495                       Sprite
     00000B3C  A$Sprite$496                       Sprite
     00000B3D  A$Sprite$506                       Sprite
     00000B3D  C$Sprite.c$88$1_0$187              Sprite
     00000B3D  G$DrawSprite$0$0                   Sprite
     00000B3D  _DrawSprite                        Sprite
     00000B3F  A$Sprite$510                       Sprite
     00000B42  A$Sprite$511                       Sprite
     00000B44  A$Sprite$512                       Sprite
     00000B45  A$Sprite$513                       Sprite
     00000B48  A$Sprite$514                       Sprite
     00000B4A  A$Sprite$515                       Sprite
     00000B4B  A$Sprite$516                       Sprite
     00000B4C  A$Sprite$517                       Sprite
     00000B4D  A$Sprite$518                       Sprite
     00000B4E  A$Sprite$519                       Sprite
     00000B51  A$Sprite$520                       Sprite
     00000B52  A$Sprite$521                       Sprite
     00000B53  A$Sprite$522                       Sprite
     00000B54  A$Sprite$523                       Sprite
     00000B57  A$Sprite$527                       Sprite
     00000B59  A$Sprite$528                       Sprite
     00000B5A  A$Sprite$529                       Sprite
     00000B5B  A$Sprite$530                       Sprite
     00000B5C  A$Sprite$531                       Sprite
     00000B5F  A$Sprite$532                       Sprite
     00000B60  A$Sprite$533                       Sprite
     00000B61  A$Sprite$534                       Sprite
     00000B62  A$Sprite$535                       Sprite
     00000B63  A$Sprite$536                       Sprite
     00000B65  A$Sprite$537                       Sprite
     00000B66  A$Sprite$538                       Sprite
     00000B67  A$Sprite$539                       Sprite
     00000B68  A$Sprite$540                       Sprite
ASxxxx Linker V03.00/V05.40 + sdld,  page 14.
Hexadecimal  [32-Bits]

Area                                    Addr        Size        Decimal Bytes (Attributes)
--------------------------------        ----        ----        ------- ----- ------------
_CODE                               00000200    00002B59 =       11097. bytes (REL,CON)

      Value  Global                              Global Defined In Module
      -----  --------------------------------   ------------------------
     00000B69  A$Sprite$541                       Sprite
     00000B6A  A$Sprite$542                       Sprite
     00000B6B  A$Sprite$543                       Sprite
     00000B6E  A$Sprite$544                       Sprite
     00000B6F  A$Sprite$545                       Sprite
     00000B70  A$Sprite$546                       Sprite
     00000B71  A$Sprite$547                       Sprite
     00000B72  A$Sprite$548                       Sprite
     00000B73  A$Sprite$549                       Sprite
     00000B76  A$Sprite$550                       Sprite
     00000B77  A$Sprite$551                       Sprite
     00000B78  A$Sprite$552                       Sprite
     00000B7A  A$Sprite$554                       Sprite
     00000B7B  A$Sprite$556                       Sprite
     00000B7C  A$Sprite$557                       Sprite
     00000B7E  A$Sprite$558                       Sprite
     00000B80  A$Sprite$559                       Sprite
     00000B81  A$Sprite$560                       Sprite
     00000B82  A$Sprite$564                       Sprite
     00000B85  A$Sprite$565                       Sprite
     00000B86  A$Sprite$566                       Sprite
     00000B87  A$Sprite$567                       Sprite
     00000B88  A$Sprite$571                       Sprite
     00000B88  C$Sprite.c$98$2_0$188              Sprite
     00000B8B  A$Sprite$572                       Sprite
     00000B8C  A$Sprite$573                       Sprite
     00000B8D  A$Sprite$574                       Sprite
     00000B8F  A$Sprite$575                       Sprite
     00000B90  A$Sprite$576                       Sprite
     00000B93  A$Sprite$580                       Sprite
     00000B93  C$Sprite.c$99$3_0$189              Sprite
     00000B96  A$Sprite$581                       Sprite
     00000B97  A$Sprite$582                       Sprite
     00000B98  A$Sprite$583                       Sprite
     00000B99  A$Sprite$587                       Sprite
     00000B9C  A$Sprite$588                       Sprite
     00000B9D  A$Sprite$589                       Sprite
     00000B9E  A$Sprite$590                       Sprite
     00000B9F  A$Sprite$594                       Sprite
     00000B9F  C$Sprite.c$99$1_0$187              Sprite
     00000BA2  A$Sprite$595                       Sprite
     00000BA3  A$Sprite$596                       Sprite
     00000BA4  A$Sprite$597                       Sprite
     00000BA5  A$Sprite$601                       Sprite
     00000BA5  C$Sprite.c$100$3_0$189             Sprite
     00000BA6  A$Sprite$602                       Sprite
     00000BA8  A$Sprite$603                       Sprite
     00000BA9  A$Sprite$604                       Sprite
     00000BAC  A$Sprite$605                       Sprite
     00000BAD  A$Sprite$606                       Sprite
     00000BAE  A$Sprite$607                       Sprite
ASxxxx Linker V03.00/V05.40 + sdld,  page 15.
Hexadecimal  [32-Bits]

Area                                    Addr        Size        Decimal Bytes (Attributes)
--------------------------------        ----        ----        ------- ----- ------------
_CODE                               00000200    00002B59 =       11097. bytes (REL,CON)

      Value  Global                              Global Defined In Module
      -----  --------------------------------   ------------------------
     00000BAF  A$Sprite$609                       Sprite
     00000BB0  A$Sprite$612                       Sprite
     00000BB1  A$Sprite$613                       Sprite
     00000BB3  A$Sprite$614                       Sprite
     00000BB4  A$Sprite$615                       Sprite
     00000BB5  A$Sprite$616                       Sprite
     00000BB7  A$Sprite$620                       Sprite
     00000BB7  C$Sprite.c$101$4_0$190             Sprite
     00000BB8  A$Sprite$621                       Sprite
     00000BB9  A$Sprite$626                       Sprite
     00000BBC  A$Sprite$627                       Sprite
     00000BBD  A$Sprite$628                       Sprite
     00000BBE  A$Sprite$629                       Sprite
     00000BBF  A$Sprite$633                       Sprite
     00000BBF  C$Sprite.c$104$3_0$189             Sprite
     00000BC2  A$Sprite$634                       Sprite
     00000BC3  A$Sprite$635                       Sprite
     00000BC4  A$Sprite$636                       Sprite
     00000BC5  A$Sprite$638                       Sprite
     00000BC6  A$Sprite$641                       Sprite
     00000BC7  A$Sprite$642                       Sprite
     00000BC9  A$Sprite$643                       Sprite
     00000BCA  A$Sprite$644                       Sprite
     00000BCB  A$Sprite$645                       Sprite
     00000BCD  A$Sprite$646                       Sprite
     00000BCE  A$Sprite$647                       Sprite
     00000BCF  A$Sprite$648                       Sprite
     00000BD1  A$Sprite$649                       Sprite
     00000BD2  A$Sprite$650                       Sprite
     00000BD3  A$Sprite$651                       Sprite
     00000BD4  A$Sprite$652                       Sprite
     00000BD5  A$Sprite$653                       Sprite
     00000BD7  A$Sprite$654                       Sprite
     00000BD8  A$Sprite$658                       Sprite
     00000BD8  C$Sprite.c$105$3_0$189             Sprite
     00000BD9  A$Sprite$659                       Sprite
     00000BDA  A$Sprite$660                       Sprite
     00000BDB  A$Sprite$661                       Sprite
     00000BDE  A$Sprite$662                       Sprite
     00000BDF  A$Sprite$666                       Sprite
     00000BE2  A$Sprite$667                       Sprite
     00000BE3  A$Sprite$668                       Sprite
     00000BE4  A$Sprite$669                       Sprite
     00000BE5  A$Sprite$673                       Sprite
     00000BE5  C$Sprite.c$106$3_0$189             Sprite
     00000BE8  A$Sprite$674                       Sprite
     00000BE9  A$Sprite$675                       Sprite
     00000BEA  A$Sprite$676                       Sprite
     00000BEB  A$Sprite$677                       Sprite
     00000BED  A$Sprite$678                       Sprite
     00000BEE  A$Sprite$679                       Sprite
ASxxxx Linker V03.00/V05.40 + sdld,  page 16.
Hexadecimal  [32-Bits]

Area                                    Addr        Size        Decimal Bytes (Attributes)
--------------------------------        ----        ----        ------- ----- ------------
_CODE                               00000200    00002B59 =       11097. bytes (REL,CON)

      Value  Global                              Global Defined In Module
      -----  --------------------------------   ------------------------
     00000BEF  A$Sprite$680                       Sprite
     00000BF0  A$Sprite$681                       Sprite
     00000BF2  A$Sprite$682                       Sprite
     00000BF3  A$Sprite$683                       Sprite
     00000BF4  A$Sprite$684                       Sprite
     00000BF5  A$Sprite$685                       Sprite
     00000BF6  A$Sprite$686                       Sprite
     00000BF7  A$Sprite$687                       Sprite
     00000BF8  A$Sprite$688                       Sprite
     00000BF9  A$Sprite$689                       Sprite
     00000BFC  A$Sprite$690                       Sprite
     00000BFD  A$Sprite$691                       Sprite
     00000BFE  A$Sprite$692                       Sprite
     00000BFF  A$Sprite$693                       Sprite
     00000C00  A$Sprite$694                       Sprite
     00000C02  A$Sprite$695                       Sprite
     00000C03  A$Sprite$696                       Sprite
     00000C05  A$Sprite$697                       Sprite
     00000C06  A$Sprite$698                       Sprite
     00000C07  A$Sprite$699                       Sprite
     00000C08  A$Sprite$700                       Sprite
     00000C09  A$Sprite$701                       Sprite
     00000C0A  A$Sprite$702                       Sprite
     00000C0C  A$Sprite$703                       Sprite
     00000C0D  A$Sprite$704                       Sprite
     00000C0E  A$Sprite$705                       Sprite
     00000C0F  A$Sprite$706                       Sprite
     00000C10  A$Sprite$707                       Sprite
     00000C11  A$Sprite$708                       Sprite
     00000C12  A$Sprite$712                       Sprite
     00000C12  C$Sprite.c$107$3_0$189             Sprite
     00000C15  A$Sprite$716                       Sprite
     00000C18  A$Sprite$717                       Sprite
     00000C19  A$Sprite$718                       Sprite
     00000C1A  A$Sprite$719                       Sprite
     00000C1B  A$Sprite$723                       Sprite
     00000C1B  C$Sprite.c$97$1_0$187              Sprite
     00000C1E  A$Sprite$724                       Sprite
     00000C1F  A$Sprite$728                       Sprite
     00000C1F  C$Sprite.c$108$3_0$189             Sprite
     00000C20  A$Sprite$729                       Sprite
     00000C22  A$Sprite$730                       Sprite
     00000C23  A$Sprite$735                       Sprite
     00000C26  A$Sprite$736                       Sprite
     00000C28  A$Sprite$737                       Sprite
     00000C29  A$Sprite$738                       Sprite
     00000C2C  A$Sprite$739                       Sprite
     00000C2E  A$Sprite$743                       Sprite
     00000C2E  C$Sprite.c$112$1_0$187             Sprite
     00000C2F  A$Sprite$744                       Sprite
     00000C30  A$Sprite$745                       Sprite
ASxxxx Linker V03.00/V05.40 + sdld,  page 17.
Hexadecimal  [32-Bits]

Area                                    Addr        Size        Decimal Bytes (Attributes)
--------------------------------        ----        ----        ------- ----- ------------
_CODE                               00000200    00002B59 =       11097. bytes (REL,CON)

      Value  Global                              Global Defined In Module
      -----  --------------------------------   ------------------------
     00000C31  A$Sprite$746                       Sprite
     00000C32  A$Sprite$747                       Sprite
     00000C35  A$Sprite$748                       Sprite
     00000C36  A$Sprite$749                       Sprite
     00000C37  A$Sprite$750                       Sprite
     00000C38  A$Sprite$751                       Sprite
     00000C39  A$Sprite$752                       Sprite
     00000C3C  A$Sprite$753                       Sprite
     00000C3E  A$Sprite$754                       Sprite
     00000C3F  A$Sprite$755                       Sprite
     00000C42  A$Sprite$756                       Sprite
     00000C44  A$Sprite$757                       Sprite
     00000C45  A$Sprite$758                       Sprite
     00000C46  A$Sprite$759                       Sprite
     00000C47  A$Sprite$760                       Sprite
     00000C48  A$Sprite$761                       Sprite
     00000C49  A$Sprite$762                       Sprite
     00000C4A  A$Sprite$763                       Sprite
     00000C4B  A$Sprite$764                       Sprite
     00000C4C  A$Sprite$765                       Sprite
     00000C4D  A$Sprite$766                       Sprite
     00000C4F  A$Sprite$767                       Sprite
     00000C50  A$Sprite$768                       Sprite
     00000C51  A$Sprite$772                       Sprite
     00000C51  C$Sprite.c$113$1_0$187             Sprite
     00000C53  A$Sprite$773                       Sprite
     00000C54  A$Sprite$774                       Sprite
     00000C55  A$Sprite$775                       Sprite
     00000C56  A$Sprite$776                       Sprite
     00000C59  A$Sprite$777                       Sprite
     00000C5A  A$Sprite$778                       Sprite
     00000C5B  A$Sprite$779                       Sprite
     00000C5C  A$Sprite$780                       Sprite
     00000C5D  A$Sprite$781                       Sprite
     00000C60  A$Sprite$782                       Sprite
     00000C62  A$Sprite$783                       Sprite
     00000C63  A$Sprite$784                       Sprite
     00000C66  A$Sprite$785                       Sprite
     00000C68  A$Sprite$786                       Sprite
     00000C69  A$Sprite$787                       Sprite
     00000C6A  A$Sprite$788                       Sprite
     00000C6B  A$Sprite$789                       Sprite
     00000C6C  A$Sprite$790                       Sprite
     00000C6D  A$Sprite$791                       Sprite
     00000C6E  A$Sprite$792                       Sprite
     00000C6F  A$Sprite$793                       Sprite
     00000C70  A$Sprite$794                       Sprite
     00000C71  A$Sprite$795                       Sprite
     00000C73  A$Sprite$796                       Sprite
     00000C74  A$Sprite$800                       Sprite
     00000C74  C$Sprite.c$115$1_0$187             Sprite
ASxxxx Linker V03.00/V05.40 + sdld,  page 18.
Hexadecimal  [32-Bits]

Area                                    Addr        Size        Decimal Bytes (Attributes)
--------------------------------        ----        ----        ------- ----- ------------
_CODE                               00000200    00002B59 =       11097. bytes (REL,CON)

      Value  Global                              Global Defined In Module
      -----  --------------------------------   ------------------------
     00000C75  A$Sprite$801                       Sprite
     00000C76  A$Sprite$802                       Sprite
     00000C77  A$Sprite$803                       Sprite
     00000C78  A$Sprite$804                       Sprite
     00000C79  A$Sprite$805                       Sprite
     00000C7A  A$Sprite$806                       Sprite
     00000C7D  A$Sprite$807                       Sprite
     00000C7E  A$Sprite$808                       Sprite
     00000C7F  A$Sprite$809                       Sprite
     00000C80  A$Sprite$810                       Sprite
     00000C81  A$Sprite$811                       Sprite
     00000C83  A$Sprite$812                       Sprite
     00000C84  A$Sprite$813                       Sprite
     00000C86  A$Sprite$814                       Sprite
     00000C89  A$Sprite$815                       Sprite
     00000C8B  A$Sprite$816                       Sprite
     00000C8C  A$Sprite$817                       Sprite
     00000C8D  A$Sprite$818                       Sprite
     00000C8E  A$Sprite$819                       Sprite
     00000C91  A$Sprite$820                       Sprite
     00000C92  A$Sprite$821                       Sprite
     00000C93  A$Sprite$822                       Sprite
     00000C94  A$Sprite$823                       Sprite
     00000C95  A$Sprite$824                       Sprite
     00000C97  A$Sprite$825                       Sprite
     00000C98  A$Sprite$826                       Sprite
     00000C9A  A$Sprite$827                       Sprite
     00000C9D  A$Sprite$831                       Sprite
     00000C9D  C$Sprite.c$116$2_0$191             Sprite
     00000C9F  A$Sprite$832                       Sprite
     00000CA0  A$Sprite$833                       Sprite
     00000CA1  A$Sprite$834                       Sprite
     00000CA2  A$Sprite$835                       Sprite
     00000CA5  A$Sprite$836                       Sprite
     00000CA6  A$Sprite$837                       Sprite
     00000CA7  A$Sprite$838                       Sprite
     00000CA8  A$Sprite$839                       Sprite
     00000CAA  A$Sprite$840                       Sprite
     00000CAB  A$Sprite$841                       Sprite
     00000CAC  A$Sprite$842                       Sprite
     00000CAD  A$Sprite$843                       Sprite
     00000CAF  A$Sprite$844                       Sprite
     00000CB0  A$Sprite$848                       Sprite
     00000CB0  C$Sprite.c$117$2_0$191             Sprite
     00000CB2  A$Sprite$849                       Sprite
     00000CB3  A$Sprite$850                       Sprite
     00000CB4  A$Sprite$851                       Sprite
     00000CB5  A$Sprite$852                       Sprite
     00000CB8  A$Sprite$853                       Sprite
     00000CB9  A$Sprite$854                       Sprite
     00000CBA  A$Sprite$855                       Sprite
ASxxxx Linker V03.00/V05.40 + sdld,  page 19.
Hexadecimal  [32-Bits]

Area                                    Addr        Size        Decimal Bytes (Attributes)
--------------------------------        ----        ----        ------- ----- ------------
_CODE                               00000200    00002B59 =       11097. bytes (REL,CON)

      Value  Global                              Global Defined In Module
      -----  --------------------------------   ------------------------
     00000CBB  A$Sprite$859                       Sprite
     00000CBB  C$Sprite.c$118$2_0$191             Sprite
     00000CBE  A$Sprite$860                       Sprite
     00000CC0  A$Sprite$861                       Sprite
     00000CC1  A$Sprite$865                       Sprite
     00000CC1  C$Sprite.c$119$2_0$191             Sprite
     00000CC3  A$Sprite$866                       Sprite
     00000CC4  A$Sprite$867                       Sprite
     00000CC5  A$Sprite$868                       Sprite
     00000CC6  A$Sprite$869                       Sprite
     00000CC7  A$Sprite$870                       Sprite
     00000CC8  A$Sprite$871                       Sprite
     00000CC9  A$Sprite$872                       Sprite
     00000CCA  A$Sprite$873                       Sprite
     00000CCD  A$Sprite$874                       Sprite
     00000CCE  A$Sprite$875                       Sprite
     00000CCF  A$Sprite$879                       Sprite
     00000CD2  A$Sprite$880                       Sprite
     00000CD4  A$Sprite$881                       Sprite
     00000CD5  A$Sprite$882                       Sprite
     00000CD8  A$Sprite$883                       Sprite
     00000CDA  A$Sprite$887                       Sprite
     00000CDB  A$Sprite$888                       Sprite
     00000CDC  A$Sprite$889                       Sprite
     00000CDD  A$Sprite$890                       Sprite
     00000CDE  A$Sprite$891                       Sprite
     00000CE1  A$Sprite$892                       Sprite
     00000CE2  A$Sprite$893                       Sprite
     00000CE3  A$Sprite$894                       Sprite
     00000CE4  A$Sprite$895                       Sprite
     00000CE5  A$Sprite$896                       Sprite
     00000CE7  A$Sprite$897                       Sprite
     00000CE8  A$Sprite$901                       Sprite
     00000CE8  C$Sprite.c$118$1_0$187             Sprite
     00000CEB  A$Sprite$902                       Sprite
     00000CED  A$Sprite$906                       Sprite
     00000CEE  A$Sprite$907                       Sprite
     00000CEF  A$Sprite$908                       Sprite
     00000CF1  A$Sprite$909                       Sprite
     00000CF2  A$Sprite$910                       Sprite
     00000CF4  A$Sprite$911                       Sprite
     00000CF5  A$Sprite$915                       Sprite
     00000CF5  C$Sprite.c$106$1_0$187             Sprite
     00000CF7  A$Sprite$916                       Sprite
     00000CF8  A$Sprite$917                       Sprite
     00000CF9  A$Sprite$918                       Sprite
     00000CFA  A$Sprite$919                       Sprite
     00000CFD  A$Sprite$920                       Sprite
     00000CFE  A$Sprite$921                       Sprite
     00000CFF  A$Sprite$922                       Sprite
     00000D00  A$Sprite$923                       Sprite
ASxxxx Linker V03.00/V05.40 + sdld,  page 20.
Hexadecimal  [32-Bits]

Area                                    Addr        Size        Decimal Bytes (Attributes)
--------------------------------        ----        ----        ------- ----- ------------
_CODE                               00000200    00002B59 =       11097. bytes (REL,CON)

      Value  Global                              Global Defined In Module
      -----  --------------------------------   ------------------------
     00000D02  A$Sprite$924                       Sprite
     00000D03  A$Sprite$925                       Sprite
     00000D04  A$Sprite$926                       Sprite
     00000D05  A$Sprite$927                       Sprite
     00000D07  A$Sprite$928                       Sprite
     00000D08  A$Sprite$932                       Sprite
     00000D08  C$Sprite.c$122$1_0$187             Sprite
     00000D0A  A$Sprite$933                       Sprite
     00000D0B  A$Sprite$934                       Sprite
     00000D0C  A$Sprite$935                       Sprite
     00000D0D  A$Sprite$936                       Sprite
     00000D10  A$Sprite$937                       Sprite
     00000D11  A$Sprite$938                       Sprite
     00000D12  A$Sprite$939                       Sprite
     00000D13  A$Sprite$940                       Sprite
     00000D15  A$Sprite$941                       Sprite
     00000D16  A$Sprite$942                       Sprite
     00000D17  A$Sprite$943                       Sprite
     00000D18  A$Sprite$944                       Sprite
     00000D1A  A$Sprite$945                       Sprite
     00000D1B  A$Sprite$949                       Sprite
     00000D1D  A$Sprite$950                       Sprite
     00000D1E  A$Sprite$951                       Sprite
     00000D1F  A$Sprite$952                       Sprite
     00000D21  A$Sprite$956                       Sprite
     00000D21  C$Sprite.c$123$1_0$187             Sprite
     00000D23  A$Sprite$957                       Sprite
     00000D24  A$Sprite$958                       Sprite
     00000D25  A$Sprite$959                       Sprite
     00000D26  A$Sprite$960                       Sprite
     00000D29  A$Sprite$961                       Sprite
     00000D2A  A$Sprite$962                       Sprite
     00000D2B  A$Sprite$963                       Sprite
     00000D2C  A$Sprite$967                       Sprite
     00000D2E  A$Sprite$968                       Sprite
     00000D2F  A$Sprite$969                       Sprite
     00000D30  A$Sprite$970                       Sprite
     00000D32  A$Sprite$974                       Sprite
     00000D32  C$Sprite.c$124$1_0$187             Sprite
     00000D34  A$Sprite$975                       Sprite
     00000D35  A$Sprite$976                       Sprite
     00000D36  A$Sprite$977                       Sprite
     00000D37  A$Sprite$978                       Sprite
     00000D3A  A$Sprite$979                       Sprite
     00000D3B  A$Sprite$980                       Sprite
     00000D3C  A$Sprite$981                       Sprite
     00000D3D  A$Sprite$985                       Sprite
     00000D3D  C$Sprite.c$120$2_0$191             Sprite
     00000D3F  A$Sprite$986                       Sprite
     00000D40  A$Sprite$987                       Sprite
     00000D42  A$Sprite$988                       Sprite
ASxxxx Linker V03.00/V05.40 + sdld,  page 21.
Hexadecimal  [32-Bits]

Area                                    Addr        Size        Decimal Bytes (Attributes)
--------------------------------        ----        ----        ------- ----- ------------
_CODE                               00000200    00002B59 =       11097. bytes (REL,CON)

      Value  Global                              Global Defined In Module
      -----  --------------------------------   ------------------------
     00000D45  A$Sprite$989                       Sprite
     00000D47  A$Sprite$990                       Sprite
     00000D48  A$Sprite$991                       Sprite
     00000D4A  A$Sprite$992                       Sprite
     00000D4D  A$Sprite$993                       Sprite
     00000D50  A$Sprite$998                       Sprite
     00000D50  C$Sprite.c$122$3_0$192             Sprite
     00000D52  A$Sprite$999                       Sprite
     00000D53  A$Sprite$1000                      Sprite
     00000D54  A$Sprite$1001                      Sprite
     00000D55  A$Sprite$1002                      Sprite
     00000D57  A$Sprite$1003                      Sprite
     00000D58  A$Sprite$1004                      Sprite
     00000D59  A$Sprite$1005                      Sprite
     00000D5A  A$Sprite$1006                      Sprite
     00000D5B  A$Sprite$1007                      Sprite
     00000D5E  A$Sprite$1008                      Sprite
     00000D60  A$Sprite$1009                      Sprite
     00000D61  A$Sprite$1010                      Sprite
     00000D62  A$Sprite$1011                      Sprite
     00000D63  A$Sprite$1012                      Sprite
     00000D64  A$Sprite$1013                      Sprite
     00000D65  A$Sprite$1016                      Sprite
     00000D66  A$Sprite$1017                      Sprite
     00000D67  A$Sprite$1019                      Sprite
     00000D68  A$Sprite$1020                      Sprite
     00000D69  A$Sprite$1021                      Sprite
     00000D6C  A$Sprite$1022                      Sprite
     00000D6D  A$Sprite$1023                      Sprite
     00000D6E  A$Sprite$1024                      Sprite
     00000D6F  A$Sprite$1026                      Sprite
     00000D72  A$Sprite$1027                      Sprite
     00000D74  A$Sprite$1029                      Sprite
     00000D75  A$Sprite$1030                      Sprite
     00000D76  A$Sprite$1031                      Sprite
     00000D77  A$Sprite$1032                      Sprite
     00000D78  A$Sprite$1033                      Sprite
     00000D7A  A$Sprite$1034                      Sprite
     00000D7B  A$Sprite$1035                      Sprite
     00000D7E  A$Sprite$1039                      Sprite
     00000D7E  C$Sprite.c$122$5_0$197             Sprite
     00000D81  A$Sprite$1040                      Sprite
     00000D82  A$Sprite$1041                      Sprite
     00000D83  A$Sprite$1042                      Sprite
     00000D86  A$Sprite$1047                      Sprite
     00000D86  C$Sprite.c$123$3_0$192             Sprite
     00000D87  A$Sprite$1048                      Sprite
     00000D89  A$Sprite$1049                      Sprite
     00000D8A  A$Sprite$1050                      Sprite
     00000D8B  A$Sprite$1051                      Sprite
     00000D8C  A$Sprite$1052                      Sprite
ASxxxx Linker V03.00/V05.40 + sdld,  page 22.
Hexadecimal  [32-Bits]

Area                                    Addr        Size        Decimal Bytes (Attributes)
--------------------------------        ----        ----        ------- ----- ------------
_CODE                               00000200    00002B59 =       11097. bytes (REL,CON)

      Value  Global                              Global Defined In Module
      -----  --------------------------------   ------------------------
     00000D8E  A$Sprite$1053                      Sprite
     00000D8F  A$Sprite$1054                      Sprite
     00000D90  A$Sprite$1055                      Sprite
     00000D91  A$Sprite$1056                      Sprite
     00000D92  A$Sprite$1057                      Sprite
     00000D95  A$Sprite$1058                      Sprite
     00000D97  A$Sprite$1059                      Sprite
     00000D98  A$Sprite$1060                      Sprite
     00000D99  A$Sprite$1061                      Sprite
     00000D9A  A$Sprite$1062                      Sprite
     00000D9B  A$Sprite$1063                      Sprite
     00000D9C  A$Sprite$1064                      Sprite
     00000D9D  A$Sprite$1065                      Sprite
     00000D9E  A$Sprite$1066                      Sprite
     00000D9F  A$Sprite$1067                      Sprite
     00000DA1  A$Sprite$1068                      Sprite
     00000DA2  A$Sprite$1069                      Sprite
     00000DA4  A$Sprite$1070                      Sprite
     00000DA5  A$Sprite$1071                      Sprite
     00000DA6  A$Sprite$1073                      Sprite
     00000DA9  A$Sprite$1074                      Sprite
     00000DAA  A$Sprite$1075                      Sprite
     00000DAB  A$Sprite$1076                      Sprite
     00000DAC  A$Sprite$1078                      Sprite
     00000DAF  A$Sprite$1079                      Sprite
     00000DB1  A$Sprite$1081                      Sprite
     00000DB3  A$Sprite$1082                      Sprite
     00000DB4  A$Sprite$1083                      Sprite
     00000DB6  A$Sprite$1084                      Sprite
     00000DB8  A$Sprite$1085                      Sprite
     00000DBA  A$Sprite$1086                      Sprite
     00000DBD  A$Sprite$1087                      Sprite
     00000DBF  A$Sprite$1089                      Sprite
     00000DC2  A$Sprite$1091                      Sprite
     00000DC3  A$Sprite$1092                      Sprite
     00000DC4  A$Sprite$1093                      Sprite
     00000DC5  A$Sprite$1094                      Sprite
     00000DC6  A$Sprite$1095                      Sprite
     00000DC7  A$Sprite$1096                      Sprite
     00000DC8  A$Sprite$1097                      Sprite
     00000DCA  A$Sprite$1098                      Sprite
     00000DCB  A$Sprite$1099                      Sprite
     00000DCE  A$Sprite$1103                      Sprite
     00000DCE  C$Sprite.c$123$5_0$200             Sprite
     00000DD1  A$Sprite$1104                      Sprite
     00000DD2  A$Sprite$1105                      Sprite
     00000DD3  A$Sprite$1106                      Sprite
     00000DD6  A$Sprite$1111                      Sprite
     00000DD6  C$Sprite.c$124$3_0$192             Sprite
     00000DD8  A$Sprite$1112                      Sprite
     00000DD9  A$Sprite$1113                      Sprite
ASxxxx Linker V03.00/V05.40 + sdld,  page 23.
Hexadecimal  [32-Bits]

Area                                    Addr        Size        Decimal Bytes (Attributes)
--------------------------------        ----        ----        ------- ----- ------------
_CODE                               00000200    00002B59 =       11097. bytes (REL,CON)

      Value  Global                              Global Defined In Module
      -----  --------------------------------   ------------------------
     00000DDA  A$Sprite$1114                      Sprite
     00000DDB  A$Sprite$1115                      Sprite
     00000DDC  A$Sprite$1116                      Sprite
     00000DDD  A$Sprite$1117                      Sprite
     00000DDF  A$Sprite$1118                      Sprite
     00000DE0  A$Sprite$1119                      Sprite
     00000DE1  A$Sprite$1120                      Sprite
     00000DE2  A$Sprite$1121                      Sprite
     00000DE3  A$Sprite$1122                      Sprite
     00000DE6  A$Sprite$1123                      Sprite
     00000DE8  A$Sprite$1124                      Sprite
     00000DE9  A$Sprite$1125                      Sprite
     00000DEA  A$Sprite$1126                      Sprite
     00000DEB  A$Sprite$1127                      Sprite
     00000DEC  A$Sprite$1128                      Sprite
     00000DED  A$Sprite$1131                      Sprite
     00000DEE  A$Sprite$1132                      Sprite
     00000DEF  A$Sprite$1134                      Sprite
     00000DF0  A$Sprite$1135                      Sprite
     00000DF1  A$Sprite$1136                      Sprite
     00000DF4  A$Sprite$1137                      Sprite
     00000DF5  A$Sprite$1138                      Sprite
     00000DF6  A$Sprite$1139                      Sprite
     00000DF7  A$Sprite$1141                      Sprite
     00000DFA  A$Sprite$1142                      Sprite
     00000DFC  A$Sprite$1144                      Sprite
     00000DFD  A$Sprite$1145                      Sprite
     00000DFF  A$Sprite$1146                      Sprite
     00000E00  A$Sprite$1147                      Sprite
     00000E02  A$Sprite$1148                      Sprite
     00000E03  A$Sprite$1149                      Sprite
     00000E04  A$Sprite$1150                      Sprite
     00000E06  A$Sprite$1151                      Sprite
     00000E07  A$Sprite$1152                      Sprite
     00000E0A  A$Sprite$1156                      Sprite
     00000E0A  C$Sprite.c$124$5_0$203             Sprite
     00000E0D  A$Sprite$1157                      Sprite
     00000E0E  A$Sprite$1158                      Sprite
     00000E0F  A$Sprite$1159                      Sprite
     00000E11  A$Sprite$1164                      Sprite
     00000E11  C$Sprite.c$125$3_0$192             Sprite
     00000E12  A$Sprite$1165                      Sprite
     00000E14  A$Sprite$1166                      Sprite
     00000E15  A$Sprite$1167                      Sprite
     00000E16  A$Sprite$1168                      Sprite
     00000E17  A$Sprite$1169                      Sprite
     00000E18  A$Sprite$1170                      Sprite
     00000E19  A$Sprite$1171                      Sprite
     00000E1B  A$Sprite$1172                      Sprite
     00000E1C  A$Sprite$1173                      Sprite
     00000E1D  A$Sprite$1174                      Sprite
ASxxxx Linker V03.00/V05.40 + sdld,  page 24.
Hexadecimal  [32-Bits]

Area                                    Addr        Size        Decimal Bytes (Attributes)
--------------------------------        ----        ----        ------- ----- ------------
_CODE                               00000200    00002B59 =       11097. bytes (REL,CON)

      Value  Global                              Global Defined In Module
      -----  --------------------------------   ------------------------
     00000E1E  A$Sprite$1175                      Sprite
     00000E1F  A$Sprite$1176                      Sprite
     00000E22  A$Sprite$1177                      Sprite
     00000E24  A$Sprite$1178                      Sprite
     00000E25  A$Sprite$1179                      Sprite
     00000E26  A$Sprite$1180                      Sprite
     00000E27  A$Sprite$1181                      Sprite
     00000E28  A$Sprite$1182                      Sprite
     00000E29  A$Sprite$1183                      Sprite
     00000E2A  A$Sprite$1184                      Sprite
     00000E2B  A$Sprite$1185                      Sprite
     00000E2C  A$Sprite$1186                      Sprite
     00000E2D  A$Sprite$1187                      Sprite
     00000E2E  A$Sprite$1188                      Sprite
     00000E30  A$Sprite$1189                      Sprite
     00000E31  A$Sprite$1190                      Sprite
     00000E33  A$Sprite$1191                      Sprite
     00000E34  A$Sprite$1192                      Sprite
     00000E35  A$Sprite$1194                      Sprite
     00000E38  A$Sprite$1195                      Sprite
     00000E39  A$Sprite$1196                      Sprite
     00000E3A  A$Sprite$1197                      Sprite
     00000E3B  A$Sprite$1199                      Sprite
     00000E3E  A$Sprite$1200                      Sprite
     00000E40  A$Sprite$1202                      Sprite
     00000E42  A$Sprite$1203                      Sprite
     00000E43  A$Sprite$1204                      Sprite
     00000E45  A$Sprite$1205                      Sprite
     00000E46  A$Sprite$1206                      Sprite
     00000E48  A$Sprite$1207                      Sprite
     00000E4A  A$Sprite$1208                      Sprite
     00000E4C  A$Sprite$1209                      Sprite
     00000E4E  A$Sprite$1210                      Sprite
     00000E50  A$Sprite$1211                      Sprite
     00000E51  A$Sprite$1212                      Sprite
     00000E52  A$Sprite$1213                      Sprite
     00000E53  A$Sprite$1214                      Sprite
     00000E55  A$Sprite$1216                      Sprite
     00000E57  A$Sprite$1217                      Sprite
     00000E59  A$Sprite$1218                      Sprite
     00000E5A  A$Sprite$1219                      Sprite
     00000E5B  A$Sprite$1220                      Sprite
     00000E5C  A$Sprite$1222                      Sprite
     00000E5E  A$Sprite$1223                      Sprite
     00000E5F  A$Sprite$1224                      Sprite
     00000E60  A$Sprite$1225                      Sprite
     00000E61  A$Sprite$1226                      Sprite
     00000E62  A$Sprite$1227                      Sprite
     00000E63  A$Sprite$1228                      Sprite
     00000E64  A$Sprite$1229                      Sprite
     00000E65  A$Sprite$1230                      Sprite
ASxxxx Linker V03.00/V05.40 + sdld,  page 25.
Hexadecimal  [32-Bits]

Area                                    Addr        Size        Decimal Bytes (Attributes)
--------------------------------        ----        ----        ------- ----- ------------
_CODE                               00000200    00002B59 =       11097. bytes (REL,CON)

      Value  Global                              Global Defined In Module
      -----  --------------------------------   ------------------------
     00000E67  A$Sprite$1231                      Sprite
     00000E69  A$Sprite$1232                      Sprite
     00000E6A  A$Sprite$1233                      Sprite
     00000E6C  A$Sprite$1234                      Sprite
     00000E6D  A$Sprite$1235                      Sprite
     00000E6E  A$Sprite$1236                      Sprite
     00000E6F  A$Sprite$1237                      Sprite
     00000E70  A$Sprite$1238                      Sprite
     00000E73  A$Sprite$1242                      Sprite
     00000E73  C$Sprite.c$125$5_0$206             Sprite
     00000E76  A$Sprite$1243                      Sprite
     00000E77  A$Sprite$1244                      Sprite
     00000E78  A$Sprite$1252                      Sprite
     00000E78  C$Sprite.c$126$2_0$191             Sprite
     00000E78  C$Sprite.c$127$2_0$191             Sprite
     00000E7B  A$Sprite$1256                      Sprite
     00000E7B  C$Sprite.c$96$1_0$187              Sprite
     00000E7E  A$Sprite$1257                      Sprite
     00000E7F  A$Sprite$1258                      Sprite
     00000E80  A$Sprite$1259                      Sprite
     00000E81  A$Sprite$1263                      Sprite
     00000E81  C$Sprite.c$130$1_0$187             Sprite
     00000E84  A$Sprite$1264                      Sprite
     00000E85  A$Sprite$1265                      Sprite
     00000E86  A$Sprite$1266                      Sprite
     00000E87  A$Sprite$1267                      Sprite
     00000E88  A$Sprite$1268                      Sprite
     00000E8B  A$Sprite$1272                      Sprite
     00000E8B  C$Sprite.c$131$3_0$193             Sprite
     00000E8E  A$Sprite$1273                      Sprite
     00000E90  A$Sprite$1274                      Sprite
     00000E91  A$Sprite$1275                      Sprite
[...]
     000248D0  A$SpriteSkeleton$133               SpriteSkeleton
     000248D1  A$SpriteSkeleton$134               SpriteSkeleton
     000248D2  A$SpriteSkeleton$135               SpriteSkeleton
     000248D3  A$SpriteSkeleton$136               SpriteSkeleton
     000248D4  A$SpriteSkeleton$137               SpriteSkeleton
     000248D6  A$SpriteSkeleton$138               SpriteSkeleton
     000248D8  A$SpriteSkeleton$139               SpriteSkeleton
     000248D9  A$SpriteSkeleton$144               SpriteSkeleton
     000248D9  C$SpriteSkeleton.c$38$1_1$186      SpriteSkeleton
     000248DC  A$SpriteSkeleton$145               SpriteSkeleton
     000248DD  A$SpriteSkeleton$146               SpriteSkeleton
     000248DE  A$SpriteSkeleton$147               SpriteSkeleton
     000248DF  A$SpriteSkeleton$148               SpriteSkeleton
     000248E2  A$SpriteSkeleton$149               SpriteSkeleton
     000248E3  A$SpriteSkeleton$150               SpriteSkeleton
     000248E4  A$SpriteSkeleton$151               SpriteSkeleton
     000248E6  A$SpriteSkeleton$152               SpriteSkeleton
     000248E7  A$SpriteSkeleton$153               SpriteSkeleton
     000248EA  A$SpriteSkeleton$154               SpriteSkeleton
     000248EB  A$SpriteSkeleton$155               SpriteSkeleton
     000248EC  A$SpriteSkeleton$156               SpriteSkeleton
     000248ED  A$SpriteSkeleton$157               SpriteSkeleton
     000248EE  A$SpriteSkeleton$158               SpriteSkeleton
     000248F0  A$SpriteSkeleton$159               SpriteSkeleton
     000248F3  A$SpriteSkeleton$160               SpriteSkeleton
     000248F6  A$SpriteSkeleton$161               SpriteSkeleton
     000248F8  A$SpriteSkeleton$169               SpriteSkeleton
     000248F8  C$SpriteSkeleton.c$39$1_1$185      SpriteSkeleton
     000248F8  XG$Start_SpriteSkeleton$0$0        SpriteSkeleton
     000248F9  G$a_skeleton_hidden$0_0$0          SpriteSkeleton
     000248F9  _a_skeleton_hidden                 SpriteSkeleton
     000248FB  G$a_skeleton_up$0_0$0              SpriteSkeleton
     000248FB  _a_skeleton_up                     SpriteSkeleton
     000248FE  G$a_skeleton_down$0_0$0            SpriteSkeleton
     000248FE  _a_skeleton_down                   SpriteSkeleton
     00024901  G$a_skeleton_h$0_0$0               SpriteSkeleton
     00024901  _a_skeleton_h                      SpriteSkeleton
     00024904  G$a_skeleton_repelled$0_0$0        SpriteSkeleton
     00024904  _a_skeleton_repelled               SpriteSkeleton
     00024909  A$SpriteSkeleton$210               SpriteSkeleton
     00024909  C$SpriteSkeleton.c$41$1_1$188      SpriteSkeleton
     00024909  C$SpriteSkeleton.c$42$1_0$188      SpriteSkeleton
ASxxxx Linker V03.00/V05.40 + sdld,  page 287.
Hexadecimal  [32-Bits]

Area                                    Addr        Size        Decimal Bytes (Attributes)
--------------------------------        ----        ----        ------- ----- ------------
_CODE_2                             00024000    000009D7 =        2519. bytes (REL,CON)

      Value  Global                              Global Defined In Module
      -----  --------------------------------   ------------------------
     00024909  G$Update_SpriteSkeleton$0$0        SpriteSkeleton
     00024909  _Update_SpriteSkeleton             SpriteSkeleton
     0002490C  A$SpriteSkeleton$211               SpriteSkeleton
     0002490D  A$SpriteSkeleton$212               SpriteSkeleton
     0002490E  A$SpriteSkeleton$213               SpriteSkeleton
     0002490F  A$SpriteSkeleton$217               SpriteSkeleton
     0002490F  C$SpriteSkeleton.c$43$1_0$188      SpriteSkeleton
     00024912  A$SpriteSkeleton$218               SpriteSkeleton
     00024913  A$SpriteSkeleton$219               SpriteSkeleton
     00024914  A$SpriteSkeleton$220               SpriteSkeleton
     00024915  A$SpriteSkeleton$224               SpriteSkeleton
     00024915  C$SpriteSkeleton.c$44$2_0$189      SpriteSkeleton
     00024916  A$SpriteSkeleton$228               SpriteSkeleton
     00024916  C$SpriteSkeleton.c$46$1_0$188      SpriteSkeleton
     00024919  A$SpriteSkeleton$229               SpriteSkeleton
     0002491A  A$SpriteSkeleton$230               SpriteSkeleton
     0002491B  A$SpriteSkeleton$231               SpriteSkeleton
     0002491C  A$SpriteSkeleton$232               SpriteSkeleton
     0002491D  A$SpriteSkeleton$233               SpriteSkeleton
     0002491F  A$SpriteSkeleton$234               SpriteSkeleton
     00024922  A$SpriteSkeleton$235               SpriteSkeleton
     00024925  A$SpriteSkeleton$236               SpriteSkeleton
     00024926  A$SpriteSkeleton$244               SpriteSkeleton
     00024926  C$SpriteSkeleton.c$47$1_0$188      SpriteSkeleton
     00024926  XG$Update_SpriteSkeleton$0$0       SpriteSkeleton
     00024927  A$SpriteSkeleton$258               SpriteSkeleton
     00024927  C$SpriteSkeleton.c$49$1_0$191      SpriteSkeleton
     00024927  G$skeleton_update_anim$0$0         SpriteSkeleton
     00024927  _skeleton_update_anim              SpriteSkeleton
     00024929  A$SpriteSkeleton$259               SpriteSkeleton
     0002492B  A$SpriteSkeleton$260               SpriteSkeleton
     0002492C  A$SpriteSkeleton$261               SpriteSkeleton
     0002492D  A$SpriteSkeleton$265               SpriteSkeleton
     0002492D  C$SpriteSkeleton.c$58$1_0$191      SpriteSkeleton
     0002492E  A$SpriteSkeleton$266               SpriteSkeleton
     0002492F  A$SpriteSkeleton$267               SpriteSkeleton
     00024930  A$SpriteSkeleton$268               SpriteSkeleton
     00024931  A$SpriteSkeleton$269               SpriteSkeleton
     00024932  A$SpriteSkeleton$270               SpriteSkeleton
     00024935  A$SpriteSkeleton$271               SpriteSkeleton
     00024936  A$SpriteSkeleton$272               SpriteSkeleton
     00024937  A$SpriteSkeleton$273               SpriteSkeleton
     00024938  A$SpriteSkeleton$277               SpriteSkeleton
     00024938  C$SpriteSkeleton.c$50$1_0$191      SpriteSkeleton
     00024939  A$SpriteSkeleton$278               SpriteSkeleton
     0002493B  A$SpriteSkeleton$279               SpriteSkeleton
     0002493C  A$SpriteSkeleton$280               SpriteSkeleton
     0002493E  A$SpriteSkeleton$281               SpriteSkeleton
     00024941  A$SpriteSkeleton$282               SpriteSkeleton
     00024942  A$SpriteSkeleton$283               SpriteSkeleton
     00024943  A$SpriteSkeleton$284               SpriteSkeleton
ASxxxx Linker V03.00/V05.40 + sdld,  page 288.
Hexadecimal  [32-Bits]

Area                                    Addr        Size        Decimal Bytes (Attributes)
--------------------------------        ----        ----        ------- ----- ------------
_CODE_2                             00024000    000009D7 =        2519. bytes (REL,CON)

      Value  Global                              Global Defined In Module
      -----  --------------------------------   ------------------------
     00024944  A$SpriteSkeleton$285               SpriteSkeleton
     00024945  A$SpriteSkeleton$286               SpriteSkeleton
     00024946  A$SpriteSkeleton$288               SpriteSkeleton
     00024949  A$SpriteSkeleton$289               SpriteSkeleton
     0002494C  A$SpriteSkeleton$290               SpriteSkeleton
     0002494F  A$SpriteSkeleton$291               SpriteSkeleton
     00024952  A$SpriteSkeleton$292               SpriteSkeleton
     00024955  A$SpriteSkeleton$293               SpriteSkeleton
     00024958  A$SpriteSkeleton$294               SpriteSkeleton
     0002495B  A$SpriteSkeleton$295               SpriteSkeleton
     0002495E  A$SpriteSkeleton$296               SpriteSkeleton
     00024961  A$SpriteSkeleton$297               SpriteSkeleton
     00024964  A$SpriteSkeleton$298               SpriteSkeleton
     00024967  A$SpriteSkeleton$299               SpriteSkeleton
     0002496A  A$SpriteSkeleton$300               SpriteSkeleton
     0002496D  A$SpriteSkeleton$308               SpriteSkeleton
     0002496D  C$SpriteSkeleton.c$51$2_0$192      SpriteSkeleton
     0002496D  C$SpriteSkeleton.c$52$2_0$192      SpriteSkeleton
     0002496F  A$SpriteSkeleton$309               SpriteSkeleton
     00024970  A$SpriteSkeleton$310               SpriteSkeleton
     00024971  A$SpriteSkeleton$311               SpriteSkeleton
     00024974  A$SpriteSkeleton$312               SpriteSkeleton
     00024976  A$SpriteSkeleton$313               SpriteSkeleton
     00024977  A$SpriteSkeleton$314               SpriteSkeleton
     00024978  A$SpriteSkeleton$315               SpriteSkeleton
     00024979  A$SpriteSkeleton$316               SpriteSkeleton
     0002497C  A$SpriteSkeleton$320               SpriteSkeleton
     0002497C  C$SpriteSkeleton.c$53$2_0$192      SpriteSkeleton
     0002497D  A$SpriteSkeleton$328               SpriteSkeleton
     0002497D  C$SpriteSkeleton.c$54$2_0$192      SpriteSkeleton
     0002497D  C$SpriteSkeleton.c$55$2_0$192      SpriteSkeleton
     0002497F  A$SpriteSkeleton$329               SpriteSkeleton
     00024980  A$SpriteSkeleton$330               SpriteSkeleton
     00024981  A$SpriteSkeleton$331               SpriteSkeleton
     00024984  A$SpriteSkeleton$332               SpriteSkeleton
     00024986  A$SpriteSkeleton$333               SpriteSkeleton
     00024987  A$SpriteSkeleton$334               SpriteSkeleton
     00024988  A$SpriteSkeleton$335               SpriteSkeleton
     00024989  A$SpriteSkeleton$336               SpriteSkeleton
     0002498C  A$SpriteSkeleton$340               SpriteSkeleton
     0002498C  C$SpriteSkeleton.c$56$2_0$192      SpriteSkeleton
     0002498D  A$SpriteSkeleton$348               SpriteSkeleton
     0002498D  C$SpriteSkeleton.c$57$2_0$192      SpriteSkeleton
     0002498D  C$SpriteSkeleton.c$58$2_0$192      SpriteSkeleton
     0002498F  A$SpriteSkeleton$349               SpriteSkeleton
     00024990  A$SpriteSkeleton$353               SpriteSkeleton
     00024990  C$SpriteSkeleton.c$59$2_0$192      SpriteSkeleton
     00024992  A$SpriteSkeleton$354               SpriteSkeleton
     00024993  A$SpriteSkeleton$355               SpriteSkeleton
     00024994  A$SpriteSkeleton$356               SpriteSkeleton
     00024997  A$SpriteSkeleton$357               SpriteSkeleton
ASxxxx Linker V03.00/V05.40 + sdld,  page 289.
Hexadecimal  [32-Bits]

Area                                    Addr        Size        Decimal Bytes (Attributes)
--------------------------------        ----        ----        ------- ----- ------------
_CODE_2                             00024000    000009D7 =        2519. bytes (REL,CON)

      Value  Global                              Global Defined In Module
      -----  --------------------------------   ------------------------
     0002499A  A$SpriteSkeleton$361               SpriteSkeleton
     0002499A  C$SpriteSkeleton.c$60$2_0$192      SpriteSkeleton
     0002499B  A$SpriteSkeleton$369               SpriteSkeleton
     0002499B  C$SpriteSkeleton.c$61$2_0$192      SpriteSkeleton
     0002499B  C$SpriteSkeleton.c$62$2_0$192      SpriteSkeleton
     0002499C  A$SpriteSkeleton$370               SpriteSkeleton
     0002499D  A$SpriteSkeleton$374               SpriteSkeleton
     0002499D  C$SpriteSkeleton.c$63$2_0$192      SpriteSkeleton
     0002499F  A$SpriteSkeleton$375               SpriteSkeleton
     000249A0  A$SpriteSkeleton$376               SpriteSkeleton
     000249A1  A$SpriteSkeleton$377               SpriteSkeleton
     000249A4  A$SpriteSkeleton$378               SpriteSkeleton
     000249A7  A$SpriteSkeleton$382               SpriteSkeleton
     000249A7  C$SpriteSkeleton.c$64$2_0$192      SpriteSkeleton
     000249A8  A$SpriteSkeleton$390               SpriteSkeleton
     000249A8  C$SpriteSkeleton.c$65$2_0$192      SpriteSkeleton
     000249A8  C$SpriteSkeleton.c$66$2_0$192      SpriteSkeleton
     000249AA  A$SpriteSkeleton$391               SpriteSkeleton
     000249AB  A$SpriteSkeleton$392               SpriteSkeleton
     000249AC  A$SpriteSkeleton$393               SpriteSkeleton
     000249AF  A$SpriteSkeleton$394               SpriteSkeleton
     000249B1  A$SpriteSkeleton$395               SpriteSkeleton
     000249B2  A$SpriteSkeleton$396               SpriteSkeleton
     000249B3  A$SpriteSkeleton$397               SpriteSkeleton
     000249B4  A$SpriteSkeleton$398               SpriteSkeleton
     000249B7  A$SpriteSkeleton$410               SpriteSkeleton
     000249B7  C$SpriteSkeleton.c$68$1_0$191      SpriteSkeleton
     000249B7  C$SpriteSkeleton.c$69$1_0$191      SpriteSkeleton
     000249B7  XG$skeleton_update_anim$0$0        SpriteSkeleton
     000249B8  A$SpriteSkeleton$423               SpriteSkeleton
     000249B8  C$SpriteSkeleton.c$71$1_0$193      SpriteSkeleton
     000249B8  C$SpriteSkeleton.c$72$1_0$193      SpriteSkeleton
     000249B8  G$Destroy_SpriteSkeleton$0$0       SpriteSkeleton
     000249B8  _Destroy_SpriteSkeleton            SpriteSkeleton
     000249BB  A$SpriteSkeleton$424               SpriteSkeleton
     000249BC  A$SpriteSkeleton$425               SpriteSkeleton
     000249BD  A$SpriteSkeleton$426               SpriteSkeleton
     000249BE  A$SpriteSkeleton$427               SpriteSkeleton
     000249C1  A$SpriteSkeleton$428               SpriteSkeleton
     000249C2  A$SpriteSkeleton$429               SpriteSkeleton
     000249C3  A$SpriteSkeleton$430               SpriteSkeleton
     000249C4  A$SpriteSkeleton$431               SpriteSkeleton
     000249C5  A$SpriteSkeleton$432               SpriteSkeleton
     000249C8  A$SpriteSkeleton$433               SpriteSkeleton
     000249C9  A$SpriteSkeleton$434               SpriteSkeleton
     000249CA  A$SpriteSkeleton$435               SpriteSkeleton
     000249CB  A$SpriteSkeleton$436               SpriteSkeleton
     000249CC  A$SpriteSkeleton$437               SpriteSkeleton
     000249CE  A$SpriteSkeleton$438               SpriteSkeleton
     000249D1  A$SpriteSkeleton$439               SpriteSkeleton
     000249D4  A$SpriteSkeleton$440               SpriteSkeleton
ASxxxx Linker V03.00/V05.40 + sdld,  page 290.
Hexadecimal  [32-Bits]

Area                                    Addr        Size        Decimal Bytes (Attributes)
--------------------------------        ----        ----        ------- ----- ------------
_CODE_2                             00024000    000009D7 =        2519. bytes (REL,CON)

      Value  Global                              Global Defined In Module
      -----  --------------------------------   ------------------------
     000249D6  A$SpriteSkeleton$448               SpriteSkeleton
     000249D6  C$SpriteSkeleton.c$73$1_0$193      SpriteSkeleton
     000249D6  XG$Destroy_SpriteSkeleton$0$0      SpriteSkeleton

ASxxxx Linker V03.00/V05.40 + sdld,  page 291.
Hexadecimal  [32-Bits]

Area                                    Addr        Size        Decimal Bytes (Attributes)
--------------------------------        ----        ----        ------- ----- ------------
_HEADER_NESTED_TIM0                 00000000    00000006 =           6. bytes (ABS,CON)

      Value  Global                              Global Defined In Module
      -----  --------------------------------   ------------------------
ASxxxx Linker V03.00/V05.40 + sdld,  page 292.
Hexadecimal  [32-Bits]

Area                                    Addr        Size        Decimal Bytes (Attributes)
--------------------------------        ----        ----        ------- ----- ------------
_HEADER_LCD0                        00000000    00000003 =           3. bytes (ABS,CON)

      Value  Global                              Global Defined In Module
      -----  --------------------------------   ------------------------
ASxxxx Linker V03.00/V05.40 + sdld,  page 293.

Files Linked                              [ module(s) ]

C:/ZGB-2023.0/common/../env/gbdk/lib/gb/crt0.o
                                          [ Runtime ]
../Debug/res/hudmap.gbm.rel               [ hudmap_gbm ]
../Debug/res/omapintro.gbm.rel            [ omapintro_gbm ]
../Debug/res/font.gbr.rel                 [ font_gbr ]
../Debug/res/hudt.gbr.rel                 [ hudt_gbr ]
../Debug/res/omapintrot.gbr.rel           [ omapintrot_gbr ]
../Debug/res/sprites/camera.gbr.rel       [ camera_gbr ]
../Debug/res/sprites/enemyskeletor.gbr.rel
                                          [ enemyskeletor_gbr ]
../Debug/res/sprites/orpheus.gbr.rel      [ orpheus_gbr ]
../Debug/SpriteCamera.rel                 [ SpriteCamera ]
../Debug/SpriteOrpheus.rel                [ SpriteOrpheus ]
../Debug/SpriteSkeleton.rel               [ SpriteSkeleton ]
../Debug/StateGame.rel                    [ StateGame ]
../Debug/UtilEnemy.rel                    [ UtilEnemy ]
../Debug/ZGBMain.rel                      [ ZGBMain ]
C:/ZGB-2023.0/common/lib/hUGEDriver.obj.o
                                          [ hUGEDriver_obj ]


Libraries Linked                          [ object file ]

../Debug/zgb/zgb.lib                      [ Sprite.o ]
../Debug/zgb/zgb.lib                      [ main.o ]
../Debug/zgb/zgb.lib                      [ Scroll.o ]
../Debug/zgb/zgb.lib                      [ Fade.o ]
../Debug/zgb/zgb.lib                      [ Fade_b.o ]
../Debug/zgb/zgb.lib                      [ Music.o ]
C:/ZGB-2023.0/common/../env/gbdk/lib/gb/gb.lib
                                          [ sfr.o ]
../Debug/zgb/zgb.lib                      [ BankManager.o ]
C:/ZGB-2023.0/common/../env/gbdk/lib/gb/gb.lib
                                          [ cgb_palettes.o ]
../Debug/zgb/zgb.lib                      [ ZGBMain_Init.o ]
../Debug/zgb/zgb.lib                      [ SpriteManager.o ]
../Debug/zgb/zgb.lib                      [ OAMManager.o ]
C:/ZGB-2023.0/common/../env/gbdk/lib/sm83/sm83.lib
                                          [ mul.o ]
C:/ZGB-2023.0/common/../env/gbdk/lib/gb/gb.lib
                                          [ metasprites_flip.o ]
C:/ZGB-2023.0/common/../env/gbdk/lib/gb/gb.lib
                                          [ set_data.o ]
../Debug/zgb/zgb.lib                      [ Vector.o ]
C:/ZGB-2023.0/common/../env/gbdk/lib/gb/gb.lib
                                          [ set_tile.o ]
../Debug/zgb/zgb.lib                      [ Keys.o ]
C:/ZGB-2023.0/common/../env/gbdk/lib/gb/gb.lib
                                          [ tim_nested.o ]
C:/ZGB-2023.0/common/../env/gbdk/lib/gb/gb.lib
                                          [ tim_common.o ]
C:/ZGB-2023.0/common/../env/gbdk/lib/gb/gb.lib
                                          [ pad.o ]
C:/ZGB-2023.0/common/../env/gbdk/lib/gb/gb.lib
                                          [ metasprites.o ]
C:/ZGB-2023.0/common/../env/gbdk/lib/sm83/sm83.lib
                                          [ __sdcc_call_hl.o ]
../Debug/zgb/zgb.lib                      [ Math.o ]
C:/ZGB-2023.0/common/../env/gbdk/lib/sm83/sm83.lib
                                          [ memcpy.o ]
C:/ZGB-2023.0/common/../env/gbdk/lib/sm83/sm83.lib
                                          [ _memset.o ]
C:/ZGB-2023.0/common/../env/gbdk/lib/gb/gb.lib
                                          [ delay.o ]
C:/ZGB-2023.0/common/../env/gbdk/lib/gb/gb.lib
                                          [ ___sdcc_bcall_ehl.o ]
../Debug/zgb/zgb.lib                      [ Print.o ]
C:/ZGB-2023.0/common/../env/gbdk/lib/gb/gb.lib
                                          [ lcd.o ]
C:/ZGB-2023.0/common/../env/gbdk/lib/sm83/sm83.lib
                                          [ div.o ]
C:/ZGB-2023.0/common/../env/gbdk/lib/sm83/sm83.lib
                                          [ itoa.o ]

ASxxxx Linker V03.00/V05.40 + sdld,  page 294.

User Base Address Definitions

_DATA=0xc0a0
_CODE=0x0200
ASxxxx Linker V03.00/V05.40 + sdld,  page 295.

User Global Definitions

_shadow_OAM=0xC000
.STACK=0xDEFF
.refresh_OAM=0xFF80

