                                      1 ;--------------------------------------------------------
                                      2 ; File Created by SDCC : free open source ISO C Compiler 
                                      3 ; Version 4.3.2 #14228 (MINGW64)
                                      4 ;--------------------------------------------------------
                                      5 	.module hudmap_gbm
                                      6 	.optsdcc -msm83
                                      7 	
                                      8 ;--------------------------------------------------------
                                      9 ; Public variables in this module
                                     10 ;--------------------------------------------------------
                                     11 	.globl _hudmap
                                     12 	.globl ___bank_hudmap
                                     13 	.globl _hudmap_map
                                     14 ;--------------------------------------------------------
                                     15 ; special function registers
                                     16 ;--------------------------------------------------------
                                     17 ;--------------------------------------------------------
                                     18 ; ram data
                                     19 ;--------------------------------------------------------
                                     20 	.area _DATA
                                     21 ;--------------------------------------------------------
                                     22 ; ram data
                                     23 ;--------------------------------------------------------
                                     24 	.area _INITIALIZED
                                     25 ;--------------------------------------------------------
                                     26 ; absolute external ram data
                                     27 ;--------------------------------------------------------
                                     28 	.area _DABS (ABS)
                                     29 ;--------------------------------------------------------
                                     30 ; global & static initialisations
                                     31 ;--------------------------------------------------------
                                     32 	.area _HOME
                                     33 	.area _GSINIT
                                     34 	.area _GSFINAL
                                     35 	.area _GSINIT
                                     36 ;--------------------------------------------------------
                                     37 ; Home
                                     38 ;--------------------------------------------------------
                                     39 	.area _HOME
                                     40 	.area _HOME
                                     41 ;--------------------------------------------------------
                                     42 ; code
                                     43 ;--------------------------------------------------------
                                     44 	.area _CODE_255
                                     45 	.area _CODE_255
                           000000    46 G$hudmap_map$0_0$0 == .
      000000                         47 _hudmap_map:
      000000 34                      48 	.db #0x34	; 52	'4'
      000001 01                      49 	.db #0x01	; 1
      000002 03                      50 	.db #0x03	; 3
      000003 03                      51 	.db #0x03	; 3
      000004 03                      52 	.db #0x03	; 3
      000005 2F                      53 	.db #0x2f	; 47
      000006 00                      54 	.db #0x00	; 0
      000007 05                      55 	.db #0x05	; 5
      000008 07                      56 	.db #0x07	; 7
      000009 11                      57 	.db #0x11	; 17
      00000A 13                      58 	.db #0x13	; 19
      00000B 15                      59 	.db #0x15	; 21
      00000C 17                      60 	.db #0x17	; 23
      00000D 19                      61 	.db #0x19	; 25
      00000E 1D                      62 	.db #0x1d	; 29
      00000F 1D                      63 	.db #0x1d	; 29
      000010 1D                      64 	.db #0x1d	; 29
      000011 1D                      65 	.db #0x1d	; 29
      000012 1D                      66 	.db #0x1d	; 29
      000013 1B                      67 	.db #0x1b	; 27
      000014 35                      68 	.db #0x35	; 53	'5'
      000015 02                      69 	.db #0x02	; 2
      000016 04                      70 	.db #0x04	; 4
      000017 04                      71 	.db #0x04	; 4
      000018 04                      72 	.db #0x04	; 4
      000019 36                      73 	.db #0x36	; 54	'6'
      00001A 00                      74 	.db #0x00	; 0
      00001B 06                      75 	.db #0x06	; 6
      00001C 08                      76 	.db #0x08	; 8
      00001D 12                      77 	.db #0x12	; 18
      00001E 14                      78 	.db #0x14	; 20
      00001F 16                      79 	.db #0x16	; 22
      000020 18                      80 	.db #0x18	; 24
      000021 1A                      81 	.db #0x1a	; 26
      000022 1E                      82 	.db #0x1e	; 30
      000023 1E                      83 	.db #0x1e	; 30
      000024 1E                      84 	.db #0x1e	; 30
      000025 1E                      85 	.db #0x1e	; 30
      000026 1E                      86 	.db #0x1e	; 30
      000027 1C                      87 	.db #0x1c	; 28
                           0000FF    88 G$__bank_hudmap$0_0$0 == 0x00ff
                           0000FF    89 ___bank_hudmap	=	0x00ff
                           000028    90 G$hudmap$0_0$0 == .
      000028                         91 _hudmap:
      000028r00r00                   92 	.dw _hudmap_map
      00002A 14                      93 	.db #0x14	; 20
      00002B 02                      94 	.db #0x02	; 2
      00002C 00 00                   95 	.dw #0x0000
      00002Er00                      96 	.byte ___bank_hudt
      00002Fr00r00                   97 	.dw _hudt
                                     98 	.area _INITIALIZER
                                     99 	.area _CABS (ABS)
