                                      1 ;--------------------------------------------------------
                                      2 ; File Created by SDCC : free open source ISO C Compiler 
                                      3 ; Version 4.3.2 #14228 (MINGW64)
                                      4 ;--------------------------------------------------------
                                      5 	.module hudt_gbr
                                      6 	.optsdcc -msm83
                                      7 	
                                      8 ;--------------------------------------------------------
                                      9 ; Public variables in this module
                                     10 ;--------------------------------------------------------
                                     11 	.globl _hudt
                                     12 	.globl ___bank_hudt
                                     13 	.globl _hudt_tiles
                                     14 	.globl _hudtCGB
                                     15 	.globl _hudt_palettes
                                     16 ;--------------------------------------------------------
                                     17 ; special function registers
                                     18 ;--------------------------------------------------------
                                     19 ;--------------------------------------------------------
                                     20 ; ram data
                                     21 ;--------------------------------------------------------
                                     22 	.area _DATA
                                     23 ;--------------------------------------------------------
                                     24 ; ram data
                                     25 ;--------------------------------------------------------
                                     26 	.area _INITIALIZED
                                     27 ;--------------------------------------------------------
                                     28 ; absolute external ram data
                                     29 ;--------------------------------------------------------
                                     30 	.area _DABS (ABS)
                                     31 ;--------------------------------------------------------
                                     32 ; global & static initialisations
                                     33 ;--------------------------------------------------------
                                     34 	.area _HOME
                                     35 	.area _GSINIT
                                     36 	.area _GSFINAL
                                     37 	.area _GSINIT
                                     38 ;--------------------------------------------------------
                                     39 ; Home
                                     40 ;--------------------------------------------------------
                                     41 	.area _HOME
                                     42 	.area _HOME
                                     43 ;--------------------------------------------------------
                                     44 ; code
                                     45 ;--------------------------------------------------------
                                     46 	.area _CODE_255
                                     47 	.area _CODE_255
                           000000    48 G$hudt_palettes$0_0$0 == .
      000000                         49 _hudt_palettes:
      000000 FF 7F                   50 	.dw #0x7fff
      000002 FD 27                   51 	.dw #0x27fd
      000004 BF 0C                   52 	.dw #0x0cbf
      000006 00 00                   53 	.dw #0x0000
      000008 FF 7F                   54 	.dw #0x7fff
      00000A B0 7A                   55 	.dw #0x7ab0
      00000C 60 68                   56 	.dw #0x6860
      00000E 00 00                   57 	.dw #0x0000
                           000010    58 G$hudtCGB$0_0$0 == .
      000010                         59 _hudtCGB:
      000010 00                      60 	.db #0x00	; 0
      000011 00                      61 	.db #0x00	; 0
      000012 00                      62 	.db #0x00	; 0
      000013 00                      63 	.db #0x00	; 0
      000014 00                      64 	.db #0x00	; 0
      000015 01                      65 	.db #0x01	; 1
      000016 01                      66 	.db #0x01	; 1
      000017 01                      67 	.db #0x01	; 1
      000018 01                      68 	.db #0x01	; 1
      000019 01                      69 	.db #0x01	; 1
      00001A 01                      70 	.db #0x01	; 1
      00001B 01                      71 	.db #0x01	; 1
      00001C 01                      72 	.db #0x01	; 1
      00001D 01                      73 	.db #0x01	; 1
      00001E 01                      74 	.db #0x01	; 1
      00001F 01                      75 	.db #0x01	; 1
      000020 01                      76 	.db #0x01	; 1
      000021 01                      77 	.db #0x01	; 1
      000022 01                      78 	.db #0x01	; 1
      000023 01                      79 	.db #0x01	; 1
      000024 01                      80 	.db #0x01	; 1
      000025 01                      81 	.db #0x01	; 1
      000026 01                      82 	.db #0x01	; 1
      000027 01                      83 	.db #0x01	; 1
      000028 01                      84 	.db #0x01	; 1
      000029 00                      85 	.db #0x00	; 0
      00002A 00                      86 	.db #0x00	; 0
      00002B 00                      87 	.db #0x00	; 0
      00002C 00                      88 	.db #0x00	; 0
      00002D 00                      89 	.db #0x00	; 0
      00002E 00                      90 	.db #0x00	; 0
      00002F 00                      91 	.db #0x00	; 0
      000030 00                      92 	.db #0x00	; 0
      000031 00                      93 	.db #0x00	; 0
      000032 00                      94 	.db #0x00	; 0
      000033 00                      95 	.db #0x00	; 0
      000034 00                      96 	.db #0x00	; 0
      000035 00                      97 	.db #0x00	; 0
      000036 00                      98 	.db #0x00	; 0
      000037 00                      99 	.db #0x00	; 0
      000038 00                     100 	.db #0x00	; 0
      000039 00                     101 	.db #0x00	; 0
      00003A 00                     102 	.db #0x00	; 0
      00003B 00                     103 	.db #0x00	; 0
      00003C 00                     104 	.db #0x00	; 0
      00003D 00                     105 	.db #0x00	; 0
      00003E 00                     106 	.db #0x00	; 0
      00003F 00                     107 	.db #0x00	; 0
      000040 01                     108 	.db #0x01	; 1
      000041 01                     109 	.db #0x01	; 1
      000042 01                     110 	.db #0x01	; 1
      000043 01                     111 	.db #0x01	; 1
      000044 00                     112 	.db #0x00	; 0
      000045 00                     113 	.db #0x00	; 0
      000046 00                     114 	.db #0x00	; 0
                           000047   115 G$hudt_tiles$0_0$0 == .
      000047                        116 _hudt_tiles:
      000047 FF                     117 	.db #0xff	; 255
      000048 FF                     118 	.db #0xff	; 255
      000049 FF                     119 	.db #0xff	; 255
      00004A FF                     120 	.db #0xff	; 255
      00004B FF                     121 	.db #0xff	; 255
      00004C FF                     122 	.db #0xff	; 255
      00004D FF                     123 	.db #0xff	; 255
      00004E FF                     124 	.db #0xff	; 255
      00004F FF                     125 	.db #0xff	; 255
      000050 FF                     126 	.db #0xff	; 255
      000051 FF                     127 	.db #0xff	; 255
      000052 FF                     128 	.db #0xff	; 255
      000053 FF                     129 	.db #0xff	; 255
      000054 FF                     130 	.db #0xff	; 255
      000055 FF                     131 	.db #0xff	; 255
      000056 FF                     132 	.db #0xff	; 255
      000057 FF                     133 	.db #0xff	; 255
      000058 FF                     134 	.db #0xff	; 255
      000059 00                     135 	.db #0x00	; 0
      00005A 00                     136 	.db #0x00	; 0
      00005B FF                     137 	.db #0xff	; 255
      00005C FF                     138 	.db #0xff	; 255
      00005D 88                     139 	.db #0x88	; 136
      00005E 88                     140 	.db #0x88	; 136
      00005F 00                     141 	.db #0x00	; 0
      000060 77                     142 	.db #0x77	; 119	'w'
      000061 00                     143 	.db #0x00	; 0
      000062 4F                     144 	.db #0x4f	; 79	'O'
      000063 00                     145 	.db #0x00	; 0
      000064 5F                     146 	.db #0x5f	; 95
      000065 00                     147 	.db #0x00	; 0
      000066 7F                     148 	.db #0x7f	; 127
      000067 80                     149 	.db #0x80	; 128
      000068 BE                     150 	.db #0xbe	; 190
      000069 C1                     151 	.db #0xc1	; 193
      00006A DD                     152 	.db #0xdd	; 221
      00006B E3                     153 	.db #0xe3	; 227
      00006C EB                     154 	.db #0xeb	; 235
      00006D F7                     155 	.db #0xf7	; 247
      00006E F7                     156 	.db #0xf7	; 247
      00006F FF                     157 	.db #0xff	; 255
      000070 FF                     158 	.db #0xff	; 255
      000071 00                     159 	.db #0x00	; 0
      000072 00                     160 	.db #0x00	; 0
      000073 FF                     161 	.db #0xff	; 255
      000074 FF                     162 	.db #0xff	; 255
      000075 FF                     163 	.db #0xff	; 255
      000076 FF                     164 	.db #0xff	; 255
      000077 FF                     165 	.db #0xff	; 255
      000078 FF                     166 	.db #0xff	; 255
      000079 00                     167 	.db #0x00	; 0
      00007A 00                     168 	.db #0x00	; 0
      00007B FF                     169 	.db #0xff	; 255
      00007C FF                     170 	.db #0xff	; 255
      00007D 88                     171 	.db #0x88	; 136
      00007E 88                     172 	.db #0x88	; 136
      00007F 77                     173 	.db #0x77	; 119	'w'
      000080 77                     174 	.db #0x77	; 119	'w'
      000081 7F                     175 	.db #0x7f	; 127
      000082 7F                     176 	.db #0x7f	; 127
      000083 7F                     177 	.db #0x7f	; 127
      000084 7F                     178 	.db #0x7f	; 127
      000085 7F                     179 	.db #0x7f	; 127
      000086 7F                     180 	.db #0x7f	; 127
      000087 BE                     181 	.db #0xbe	; 190
      000088 BE                     182 	.db #0xbe	; 190
      000089 DD                     183 	.db #0xdd	; 221
      00008A DD                     184 	.db #0xdd	; 221
      00008B EB                     185 	.db #0xeb	; 235
      00008C EB                     186 	.db #0xeb	; 235
      00008D F7                     187 	.db #0xf7	; 247
      00008E F7                     188 	.db #0xf7	; 247
      00008F FF                     189 	.db #0xff	; 255
      000090 FF                     190 	.db #0xff	; 255
      000091 00                     191 	.db #0x00	; 0
      000092 00                     192 	.db #0x00	; 0
      000093 FF                     193 	.db #0xff	; 255
      000094 FF                     194 	.db #0xff	; 255
      000095 FF                     195 	.db #0xff	; 255
      000096 FF                     196 	.db #0xff	; 255
      000097 FF                     197 	.db #0xff	; 255
      000098 FF                     198 	.db #0xff	; 255
      000099 C0                     199 	.db #0xc0	; 192
      00009A C0                     200 	.db #0xc0	; 192
      00009B 80                     201 	.db #0x80	; 128
      00009C BF                     202 	.db #0xbf	; 191
      00009D 00                     203 	.db #0x00	; 0
      00009E 7F                     204 	.db #0x7f	; 127
      00009F 06                     205 	.db #0x06	; 6
      0000A0 7F                     206 	.db #0x7f	; 127
      0000A1 0F                     207 	.db #0x0f	; 15
      0000A2 79                     208 	.db #0x79	; 121	'y'
      0000A3 1F                     209 	.db #0x1f	; 31
      0000A4 70                     210 	.db #0x70	; 112	'p'
      0000A5 3F                     211 	.db #0x3f	; 63
      0000A6 61                     212 	.db #0x61	; 97	'a'
      0000A7 3F                     213 	.db #0x3f	; 63
      0000A8 7F                     214 	.db #0x7f	; 127
      0000A9 3F                     215 	.db #0x3f	; 63
      0000AA 61                     216 	.db #0x61	; 97	'a'
      0000AB 1F                     217 	.db #0x1f	; 31
      0000AC 70                     218 	.db #0x70	; 112	'p'
      0000AD 0F                     219 	.db #0x0f	; 15
      0000AE 7F                     220 	.db #0x7f	; 127
      0000AF 00                     221 	.db #0x00	; 0
      0000B0 7F                     222 	.db #0x7f	; 127
      0000B1 80                     223 	.db #0x80	; 128
      0000B2 BF                     224 	.db #0xbf	; 191
      0000B3 C0                     225 	.db #0xc0	; 192
      0000B4 C0                     226 	.db #0xc0	; 192
      0000B5 FF                     227 	.db #0xff	; 255
      0000B6 FF                     228 	.db #0xff	; 255
      0000B7 FF                     229 	.db #0xff	; 255
      0000B8 FF                     230 	.db #0xff	; 255
      0000B9 07                     231 	.db #0x07	; 7
      0000BA 07                     232 	.db #0x07	; 7
      0000BB 03                     233 	.db #0x03	; 3
      0000BC FB                     234 	.db #0xfb	; 251
      0000BD 01                     235 	.db #0x01	; 1
      0000BE FD                     236 	.db #0xfd	; 253
      0000BF C1                     237 	.db #0xc1	; 193
      0000C0 FD                     238 	.db #0xfd	; 253
      0000C1 E1                     239 	.db #0xe1	; 225
      0000C2 3D                     240 	.db #0x3d	; 61
      0000C3 71                     241 	.db #0x71	; 113	'q'
      0000C4 1D                     242 	.db #0x1d	; 29
      0000C5 F9                     243 	.db #0xf9	; 249
      0000C6 0D                     244 	.db #0x0d	; 13
      0000C7 F9                     245 	.db #0xf9	; 249
      0000C8 FD                     246 	.db #0xfd	; 253
      0000C9 F9                     247 	.db #0xf9	; 249
      0000CA 0D                     248 	.db #0x0d	; 13
      0000CB F1                     249 	.db #0xf1	; 241
      0000CC 1D                     250 	.db #0x1d	; 29
      0000CD E1                     251 	.db #0xe1	; 225
      0000CE FD                     252 	.db #0xfd	; 253
      0000CF 01                     253 	.db #0x01	; 1
      0000D0 FD                     254 	.db #0xfd	; 253
      0000D1 03                     255 	.db #0x03	; 3
      0000D2 FB                     256 	.db #0xfb	; 251
      0000D3 07                     257 	.db #0x07	; 7
      0000D4 07                     258 	.db #0x07	; 7
      0000D5 FF                     259 	.db #0xff	; 255
      0000D6 FF                     260 	.db #0xff	; 255
      0000D7 FF                     261 	.db #0xff	; 255
      0000D8 FF                     262 	.db #0xff	; 255
      0000D9 FF                     263 	.db #0xff	; 255
      0000DA FF                     264 	.db #0xff	; 255
      0000DB FF                     265 	.db #0xff	; 255
      0000DC FF                     266 	.db #0xff	; 255
      0000DD FF                     267 	.db #0xff	; 255
      0000DE FF                     268 	.db #0xff	; 255
      0000DF FF                     269 	.db #0xff	; 255
      0000E0 F9                     270 	.db #0xf9	; 249
      0000E1 FF                     271 	.db #0xff	; 255
      0000E2 F0                     272 	.db #0xf0	; 240
      0000E3 FF                     273 	.db #0xff	; 255
      0000E4 E1                     274 	.db #0xe1	; 225
      0000E5 FF                     275 	.db #0xff	; 255
      0000E6 FF                     276 	.db #0xff	; 255
      0000E7 FF                     277 	.db #0xff	; 255
      0000E8 E1                     278 	.db #0xe1	; 225
      0000E9 FF                     279 	.db #0xff	; 255
      0000EA F0                     280 	.db #0xf0	; 240
      0000EB FF                     281 	.db #0xff	; 255
      0000EC FF                     282 	.db #0xff	; 255
      0000ED FF                     283 	.db #0xff	; 255
      0000EE FF                     284 	.db #0xff	; 255
      0000EF FF                     285 	.db #0xff	; 255
      0000F0 FF                     286 	.db #0xff	; 255
      0000F1 FF                     287 	.db #0xff	; 255
      0000F2 FF                     288 	.db #0xff	; 255
      0000F3 FF                     289 	.db #0xff	; 255
      0000F4 FF                     290 	.db #0xff	; 255
      0000F5 FF                     291 	.db #0xff	; 255
      0000F6 FF                     292 	.db #0xff	; 255
      0000F7 FF                     293 	.db #0xff	; 255
      0000F8 FF                     294 	.db #0xff	; 255
      0000F9 FF                     295 	.db #0xff	; 255
      0000FA FF                     296 	.db #0xff	; 255
      0000FB FF                     297 	.db #0xff	; 255
      0000FC FF                     298 	.db #0xff	; 255
      0000FD FF                     299 	.db #0xff	; 255
      0000FE FF                     300 	.db #0xff	; 255
      0000FF FF                     301 	.db #0xff	; 255
      000100 3F                     302 	.db #0x3f	; 63
      000101 7F                     303 	.db #0x7f	; 127
      000102 1F                     304 	.db #0x1f	; 31
      000103 FF                     305 	.db #0xff	; 255
      000104 0F                     306 	.db #0x0f	; 15
      000105 FF                     307 	.db #0xff	; 255
      000106 FF                     308 	.db #0xff	; 255
      000107 FF                     309 	.db #0xff	; 255
      000108 0F                     310 	.db #0x0f	; 15
      000109 FF                     311 	.db #0xff	; 255
      00010A 1F                     312 	.db #0x1f	; 31
      00010B FF                     313 	.db #0xff	; 255
      00010C FF                     314 	.db #0xff	; 255
      00010D FF                     315 	.db #0xff	; 255
      00010E FF                     316 	.db #0xff	; 255
      00010F FF                     317 	.db #0xff	; 255
      000110 FF                     318 	.db #0xff	; 255
      000111 FF                     319 	.db #0xff	; 255
      000112 FF                     320 	.db #0xff	; 255
      000113 FF                     321 	.db #0xff	; 255
      000114 FF                     322 	.db #0xff	; 255
      000115 FF                     323 	.db #0xff	; 255
      000116 FF                     324 	.db #0xff	; 255
      000117 FF                     325 	.db #0xff	; 255
      000118 FF                     326 	.db #0xff	; 255
      000119 E0                     327 	.db #0xe0	; 224
      00011A E0                     328 	.db #0xe0	; 224
      00011B C0                     329 	.db #0xc0	; 192
      00011C DF                     330 	.db #0xdf	; 223
      00011D 80                     331 	.db #0x80	; 128
      00011E A1                     332 	.db #0xa1	; 161
      00011F 80                     333 	.db #0x80	; 128
      000120 BD                     334 	.db #0xbd	; 189
      000121 80                     335 	.db #0x80	; 128
      000122 BB                     336 	.db #0xbb	; 187
      000123 80                     337 	.db #0x80	; 128
      000124 B7                     338 	.db #0xb7	; 183
      000125 80                     339 	.db #0x80	; 128
      000126 A1                     340 	.db #0xa1	; 161
      000127 80                     341 	.db #0x80	; 128
      000128 BF                     342 	.db #0xbf	; 191
      000129 80                     343 	.db #0x80	; 128
      00012A BF                     344 	.db #0xbf	; 191
      00012B 80                     345 	.db #0x80	; 128
      00012C BF                     346 	.db #0xbf	; 191
      00012D C0                     347 	.db #0xc0	; 192
      00012E DF                     348 	.db #0xdf	; 223
      00012F E0                     349 	.db #0xe0	; 224
      000130 E0                     350 	.db #0xe0	; 224
      000131 FF                     351 	.db #0xff	; 255
      000132 FF                     352 	.db #0xff	; 255
      000133 FF                     353 	.db #0xff	; 255
      000134 FF                     354 	.db #0xff	; 255
      000135 FF                     355 	.db #0xff	; 255
      000136 FF                     356 	.db #0xff	; 255
      000137 FF                     357 	.db #0xff	; 255
      000138 FF                     358 	.db #0xff	; 255
      000139 07                     359 	.db #0x07	; 7
      00013A 07                     360 	.db #0x07	; 7
      00013B 03                     361 	.db #0x03	; 3
      00013C FB                     362 	.db #0xfb	; 251
      00013D 01                     363 	.db #0x01	; 1
      00013E FD                     364 	.db #0xfd	; 253
      00013F 01                     365 	.db #0x01	; 1
      000140 FD                     366 	.db #0xfd	; 253
      000141 01                     367 	.db #0x01	; 1
      000142 C5                     368 	.db #0xc5	; 197
      000143 01                     369 	.db #0x01	; 1
      000144 ED                     370 	.db #0xed	; 237
      000145 01                     371 	.db #0x01	; 1
      000146 DD                     372 	.db #0xdd	; 221
      000147 01                     373 	.db #0x01	; 1
      000148 85                     374 	.db #0x85	; 133
      000149 01                     375 	.db #0x01	; 1
      00014A FD                     376 	.db #0xfd	; 253
      00014B 01                     377 	.db #0x01	; 1
      00014C FD                     378 	.db #0xfd	; 253
      00014D 03                     379 	.db #0x03	; 3
      00014E FB                     380 	.db #0xfb	; 251
      00014F 07                     381 	.db #0x07	; 7
      000150 07                     382 	.db #0x07	; 7
      000151 FF                     383 	.db #0xff	; 255
      000152 FF                     384 	.db #0xff	; 255
      000153 FF                     385 	.db #0xff	; 255
      000154 FF                     386 	.db #0xff	; 255
      000155 FF                     387 	.db #0xff	; 255
      000156 FF                     388 	.db #0xff	; 255
      000157 FF                     389 	.db #0xff	; 255
      000158 FF                     390 	.db #0xff	; 255
      000159 FF                     391 	.db #0xff	; 255
      00015A FF                     392 	.db #0xff	; 255
      00015B E1                     393 	.db #0xe1	; 225
      00015C E1                     394 	.db #0xe1	; 225
      00015D FD                     395 	.db #0xfd	; 253
      00015E FD                     396 	.db #0xfd	; 253
      00015F FB                     397 	.db #0xfb	; 251
      000160 FB                     398 	.db #0xfb	; 251
      000161 F7                     399 	.db #0xf7	; 247
      000162 F7                     400 	.db #0xf7	; 247
      000163 E1                     401 	.db #0xe1	; 225
      000164 E1                     402 	.db #0xe1	; 225
      000165 FF                     403 	.db #0xff	; 255
      000166 FF                     404 	.db #0xff	; 255
      000167 FF                     405 	.db #0xff	; 255
      000168 FF                     406 	.db #0xff	; 255
      000169 FF                     407 	.db #0xff	; 255
      00016A FF                     408 	.db #0xff	; 255
      00016B FF                     409 	.db #0xff	; 255
      00016C FF                     410 	.db #0xff	; 255
      00016D FF                     411 	.db #0xff	; 255
      00016E FF                     412 	.db #0xff	; 255
      00016F FF                     413 	.db #0xff	; 255
      000170 FF                     414 	.db #0xff	; 255
      000171 FF                     415 	.db #0xff	; 255
      000172 FF                     416 	.db #0xff	; 255
      000173 FF                     417 	.db #0xff	; 255
      000174 FF                     418 	.db #0xff	; 255
      000175 FF                     419 	.db #0xff	; 255
      000176 FF                     420 	.db #0xff	; 255
      000177 FF                     421 	.db #0xff	; 255
      000178 FF                     422 	.db #0xff	; 255
      000179 FF                     423 	.db #0xff	; 255
      00017A FF                     424 	.db #0xff	; 255
      00017B FF                     425 	.db #0xff	; 255
      00017C FF                     426 	.db #0xff	; 255
      00017D FF                     427 	.db #0xff	; 255
      00017E FF                     428 	.db #0xff	; 255
      00017F C7                     429 	.db #0xc7	; 199
      000180 C7                     430 	.db #0xc7	; 199
      000181 EF                     431 	.db #0xef	; 239
      000182 EF                     432 	.db #0xef	; 239
      000183 DF                     433 	.db #0xdf	; 223
      000184 DF                     434 	.db #0xdf	; 223
      000185 87                     435 	.db #0x87	; 135
      000186 87                     436 	.db #0x87	; 135
      000187 FF                     437 	.db #0xff	; 255
      000188 FF                     438 	.db #0xff	; 255
      000189 FF                     439 	.db #0xff	; 255
      00018A FF                     440 	.db #0xff	; 255
      00018B FF                     441 	.db #0xff	; 255
      00018C FF                     442 	.db #0xff	; 255
      00018D FF                     443 	.db #0xff	; 255
      00018E FF                     444 	.db #0xff	; 255
      00018F FF                     445 	.db #0xff	; 255
      000190 FF                     446 	.db #0xff	; 255
      000191 FF                     447 	.db #0xff	; 255
      000192 FF                     448 	.db #0xff	; 255
      000193 FF                     449 	.db #0xff	; 255
      000194 FF                     450 	.db #0xff	; 255
      000195 FF                     451 	.db #0xff	; 255
      000196 FF                     452 	.db #0xff	; 255
      000197 FF                     453 	.db #0xff	; 255
      000198 FF                     454 	.db #0xff	; 255
      000199 FF                     455 	.db #0xff	; 255
      00019A FF                     456 	.db #0xff	; 255
      00019B FF                     457 	.db #0xff	; 255
      00019C FF                     458 	.db #0xff	; 255
      00019D FE                     459 	.db #0xfe	; 254
      00019E FC                     460 	.db #0xfc	; 252
      00019F FC                     461 	.db #0xfc	; 252
      0001A0 F8                     462 	.db #0xf8	; 248
      0001A1 FF                     463 	.db #0xff	; 255
      0001A2 FB                     464 	.db #0xfb	; 251
      0001A3 FF                     465 	.db #0xff	; 255
      0001A4 FB                     466 	.db #0xfb	; 251
      0001A5 FC                     467 	.db #0xfc	; 252
      0001A6 F8                     468 	.db #0xf8	; 248
      0001A7 FC                     469 	.db #0xfc	; 252
      0001A8 FC                     470 	.db #0xfc	; 252
      0001A9 FF                     471 	.db #0xff	; 255
      0001AA FD                     472 	.db #0xfd	; 253
      0001AB FF                     473 	.db #0xff	; 255
      0001AC FF                     474 	.db #0xff	; 255
      0001AD FF                     475 	.db #0xff	; 255
      0001AE FF                     476 	.db #0xff	; 255
      0001AF FF                     477 	.db #0xff	; 255
      0001B0 FF                     478 	.db #0xff	; 255
      0001B1 FF                     479 	.db #0xff	; 255
      0001B2 FF                     480 	.db #0xff	; 255
      0001B3 FF                     481 	.db #0xff	; 255
      0001B4 FF                     482 	.db #0xff	; 255
      0001B5 FF                     483 	.db #0xff	; 255
      0001B6 FF                     484 	.db #0xff	; 255
      0001B7 FF                     485 	.db #0xff	; 255
      0001B8 FF                     486 	.db #0xff	; 255
      0001B9 FF                     487 	.db #0xff	; 255
      0001BA FF                     488 	.db #0xff	; 255
      0001BB FF                     489 	.db #0xff	; 255
      0001BC FF                     490 	.db #0xff	; 255
      0001BD 3F                     491 	.db #0x3f	; 63
      0001BE 1F                     492 	.db #0x1f	; 31
      0001BF 1F                     493 	.db #0x1f	; 31
      0001C0 0F                     494 	.db #0x0f	; 15
      0001C1 3F                     495 	.db #0x3f	; 63
      0001C2 3F                     496 	.db #0x3f	; 63
      0001C3 3F                     497 	.db #0x3f	; 63
      0001C4 3F                     498 	.db #0x3f	; 63
      0001C5 DF                     499 	.db #0xdf	; 223
      0001C6 4F                     500 	.db #0x4f	; 79	'O'
      0001C7 1F                     501 	.db #0x1f	; 31
      0001C8 1F                     502 	.db #0x1f	; 31
      0001C9 7F                     503 	.db #0x7f	; 127
      0001CA 5F                     504 	.db #0x5f	; 95
      0001CB FF                     505 	.db #0xff	; 255
      0001CC FF                     506 	.db #0xff	; 255
      0001CD FF                     507 	.db #0xff	; 255
      0001CE FF                     508 	.db #0xff	; 255
      0001CF FF                     509 	.db #0xff	; 255
      0001D0 FF                     510 	.db #0xff	; 255
      0001D1 FF                     511 	.db #0xff	; 255
      0001D2 FF                     512 	.db #0xff	; 255
      0001D3 FF                     513 	.db #0xff	; 255
      0001D4 FF                     514 	.db #0xff	; 255
      0001D5 FF                     515 	.db #0xff	; 255
      0001D6 FF                     516 	.db #0xff	; 255
      0001D7 FF                     517 	.db #0xff	; 255
      0001D8 FF                     518 	.db #0xff	; 255
      0001D9 FF                     519 	.db #0xff	; 255
      0001DA FF                     520 	.db #0xff	; 255
      0001DB FF                     521 	.db #0xff	; 255
      0001DC FF                     522 	.db #0xff	; 255
      0001DD FF                     523 	.db #0xff	; 255
      0001DE FF                     524 	.db #0xff	; 255
      0001DF FE                     525 	.db #0xfe	; 254
      0001E0 FE                     526 	.db #0xfe	; 254
      0001E1 FC                     527 	.db #0xfc	; 252
      0001E2 FC                     528 	.db #0xfc	; 252
      0001E3 FC                     529 	.db #0xfc	; 252
      0001E4 FC                     530 	.db #0xfc	; 252
      0001E5 FC                     531 	.db #0xfc	; 252
      0001E6 FC                     532 	.db #0xfc	; 252
      0001E7 FC                     533 	.db #0xfc	; 252
      0001E8 FC                     534 	.db #0xfc	; 252
      0001E9 FC                     535 	.db #0xfc	; 252
      0001EA FC                     536 	.db #0xfc	; 252
      0001EB FC                     537 	.db #0xfc	; 252
      0001EC FC                     538 	.db #0xfc	; 252
      0001ED FE                     539 	.db #0xfe	; 254
      0001EE FE                     540 	.db #0xfe	; 254
      0001EF FF                     541 	.db #0xff	; 255
      0001F0 FF                     542 	.db #0xff	; 255
      0001F1 FF                     543 	.db #0xff	; 255
      0001F2 FF                     544 	.db #0xff	; 255
      0001F3 FF                     545 	.db #0xff	; 255
      0001F4 FF                     546 	.db #0xff	; 255
      0001F5 FF                     547 	.db #0xff	; 255
      0001F6 FF                     548 	.db #0xff	; 255
      0001F7 FF                     549 	.db #0xff	; 255
      0001F8 FF                     550 	.db #0xff	; 255
      0001F9 FF                     551 	.db #0xff	; 255
      0001FA FF                     552 	.db #0xff	; 255
      0001FB FF                     553 	.db #0xff	; 255
      0001FC FF                     554 	.db #0xff	; 255
      0001FD FF                     555 	.db #0xff	; 255
      0001FE FF                     556 	.db #0xff	; 255
      0001FF 7F                     557 	.db #0x7f	; 127
      000200 7F                     558 	.db #0x7f	; 127
      000201 3F                     559 	.db #0x3f	; 63
      000202 3F                     560 	.db #0x3f	; 63
      000203 3F                     561 	.db #0x3f	; 63
      000204 3F                     562 	.db #0x3f	; 63
      000205 3F                     563 	.db #0x3f	; 63
      000206 3F                     564 	.db #0x3f	; 63
      000207 3F                     565 	.db #0x3f	; 63
      000208 3F                     566 	.db #0x3f	; 63
      000209 3F                     567 	.db #0x3f	; 63
      00020A 3F                     568 	.db #0x3f	; 63
      00020B 3F                     569 	.db #0x3f	; 63
      00020C 3F                     570 	.db #0x3f	; 63
      00020D 7F                     571 	.db #0x7f	; 127
      00020E 7F                     572 	.db #0x7f	; 127
      00020F FF                     573 	.db #0xff	; 255
      000210 FF                     574 	.db #0xff	; 255
      000211 FF                     575 	.db #0xff	; 255
      000212 FF                     576 	.db #0xff	; 255
      000213 FF                     577 	.db #0xff	; 255
      000214 FF                     578 	.db #0xff	; 255
      000215 FF                     579 	.db #0xff	; 255
      000216 FF                     580 	.db #0xff	; 255
      000217 FF                     581 	.db #0xff	; 255
      000218 FF                     582 	.db #0xff	; 255
      000219 FF                     583 	.db #0xff	; 255
      00021A FF                     584 	.db #0xff	; 255
      00021B FF                     585 	.db #0xff	; 255
      00021C FF                     586 	.db #0xff	; 255
      00021D FF                     587 	.db #0xff	; 255
      00021E FF                     588 	.db #0xff	; 255
      00021F 00                     589 	.db #0x00	; 0
      000220 00                     590 	.db #0x00	; 0
      000221 FF                     591 	.db #0xff	; 255
      000222 00                     592 	.db #0x00	; 0
      000223 FF                     593 	.db #0xff	; 255
      000224 00                     594 	.db #0x00	; 0
      000225 FF                     595 	.db #0xff	; 255
      000226 00                     596 	.db #0x00	; 0
      000227 FF                     597 	.db #0xff	; 255
      000228 00                     598 	.db #0x00	; 0
      000229 FF                     599 	.db #0xff	; 255
      00022A 00                     600 	.db #0x00	; 0
      00022B FF                     601 	.db #0xff	; 255
      00022C 00                     602 	.db #0x00	; 0
      00022D 00                     603 	.db #0x00	; 0
      00022E 00                     604 	.db #0x00	; 0
      00022F FF                     605 	.db #0xff	; 255
      000230 FF                     606 	.db #0xff	; 255
      000231 FF                     607 	.db #0xff	; 255
      000232 FF                     608 	.db #0xff	; 255
      000233 FF                     609 	.db #0xff	; 255
      000234 FF                     610 	.db #0xff	; 255
      000235 FF                     611 	.db #0xff	; 255
      000236 FF                     612 	.db #0xff	; 255
      000237 FF                     613 	.db #0xff	; 255
      000238 FF                     614 	.db #0xff	; 255
      000239 FF                     615 	.db #0xff	; 255
      00023A FF                     616 	.db #0xff	; 255
      00023B FF                     617 	.db #0xff	; 255
      00023C FF                     618 	.db #0xff	; 255
      00023D FF                     619 	.db #0xff	; 255
      00023E FF                     620 	.db #0xff	; 255
      00023F 00                     621 	.db #0x00	; 0
      000240 00                     622 	.db #0x00	; 0
      000241 FF                     623 	.db #0xff	; 255
      000242 01                     624 	.db #0x01	; 1
      000243 FF                     625 	.db #0xff	; 255
      000244 02                     626 	.db #0x02	; 2
      000245 FF                     627 	.db #0xff	; 255
      000246 01                     628 	.db #0x01	; 1
      000247 FF                     629 	.db #0xff	; 255
      000248 02                     630 	.db #0x02	; 2
      000249 FF                     631 	.db #0xff	; 255
      00024A 01                     632 	.db #0x01	; 1
      00024B FF                     633 	.db #0xff	; 255
      00024C 02                     634 	.db #0x02	; 2
      00024D 00                     635 	.db #0x00	; 0
      00024E 00                     636 	.db #0x00	; 0
      00024F FF                     637 	.db #0xff	; 255
      000250 FF                     638 	.db #0xff	; 255
      000251 FF                     639 	.db #0xff	; 255
      000252 FF                     640 	.db #0xff	; 255
      000253 FF                     641 	.db #0xff	; 255
      000254 FF                     642 	.db #0xff	; 255
      000255 FF                     643 	.db #0xff	; 255
      000256 FF                     644 	.db #0xff	; 255
      000257 FF                     645 	.db #0xff	; 255
      000258 FF                     646 	.db #0xff	; 255
      000259 FF                     647 	.db #0xff	; 255
      00025A FF                     648 	.db #0xff	; 255
      00025B FF                     649 	.db #0xff	; 255
      00025C FF                     650 	.db #0xff	; 255
      00025D FF                     651 	.db #0xff	; 255
      00025E FF                     652 	.db #0xff	; 255
      00025F 00                     653 	.db #0x00	; 0
      000260 00                     654 	.db #0x00	; 0
      000261 FF                     655 	.db #0xff	; 255
      000262 05                     656 	.db #0x05	; 5
      000263 FF                     657 	.db #0xff	; 255
      000264 03                     658 	.db #0x03	; 3
      000265 FF                     659 	.db #0xff	; 255
      000266 05                     660 	.db #0x05	; 5
      000267 FF                     661 	.db #0xff	; 255
      000268 03                     662 	.db #0x03	; 3
      000269 FF                     663 	.db #0xff	; 255
      00026A 05                     664 	.db #0x05	; 5
      00026B FF                     665 	.db #0xff	; 255
      00026C 03                     666 	.db #0x03	; 3
      00026D 00                     667 	.db #0x00	; 0
      00026E 00                     668 	.db #0x00	; 0
      00026F FF                     669 	.db #0xff	; 255
      000270 FF                     670 	.db #0xff	; 255
      000271 FF                     671 	.db #0xff	; 255
      000272 FF                     672 	.db #0xff	; 255
      000273 FF                     673 	.db #0xff	; 255
      000274 FF                     674 	.db #0xff	; 255
      000275 FF                     675 	.db #0xff	; 255
      000276 FF                     676 	.db #0xff	; 255
      000277 FF                     677 	.db #0xff	; 255
      000278 FF                     678 	.db #0xff	; 255
      000279 FF                     679 	.db #0xff	; 255
      00027A FF                     680 	.db #0xff	; 255
      00027B FF                     681 	.db #0xff	; 255
      00027C FF                     682 	.db #0xff	; 255
      00027D FF                     683 	.db #0xff	; 255
      00027E FF                     684 	.db #0xff	; 255
      00027F 00                     685 	.db #0x00	; 0
      000280 00                     686 	.db #0x00	; 0
      000281 FF                     687 	.db #0xff	; 255
      000282 07                     688 	.db #0x07	; 7
      000283 FF                     689 	.db #0xff	; 255
      000284 0B                     690 	.db #0x0b	; 11
      000285 FF                     691 	.db #0xff	; 255
      000286 07                     692 	.db #0x07	; 7
      000287 FF                     693 	.db #0xff	; 255
      000288 0B                     694 	.db #0x0b	; 11
      000289 FF                     695 	.db #0xff	; 255
      00028A 07                     696 	.db #0x07	; 7
      00028B FF                     697 	.db #0xff	; 255
      00028C 0B                     698 	.db #0x0b	; 11
      00028D 00                     699 	.db #0x00	; 0
      00028E 00                     700 	.db #0x00	; 0
      00028F FF                     701 	.db #0xff	; 255
      000290 FF                     702 	.db #0xff	; 255
      000291 FF                     703 	.db #0xff	; 255
      000292 FF                     704 	.db #0xff	; 255
      000293 FF                     705 	.db #0xff	; 255
      000294 FF                     706 	.db #0xff	; 255
      000295 FF                     707 	.db #0xff	; 255
      000296 FF                     708 	.db #0xff	; 255
      000297 FF                     709 	.db #0xff	; 255
      000298 FF                     710 	.db #0xff	; 255
      000299 FF                     711 	.db #0xff	; 255
      00029A FF                     712 	.db #0xff	; 255
      00029B FF                     713 	.db #0xff	; 255
      00029C FF                     714 	.db #0xff	; 255
      00029D FF                     715 	.db #0xff	; 255
      00029E FF                     716 	.db #0xff	; 255
      00029F 00                     717 	.db #0x00	; 0
      0002A0 00                     718 	.db #0x00	; 0
      0002A1 FF                     719 	.db #0xff	; 255
      0002A2 17                     720 	.db #0x17	; 23
      0002A3 FF                     721 	.db #0xff	; 255
      0002A4 0F                     722 	.db #0x0f	; 15
      0002A5 FF                     723 	.db #0xff	; 255
      0002A6 17                     724 	.db #0x17	; 23
      0002A7 FF                     725 	.db #0xff	; 255
      0002A8 0F                     726 	.db #0x0f	; 15
      0002A9 FF                     727 	.db #0xff	; 255
      0002AA 17                     728 	.db #0x17	; 23
      0002AB FF                     729 	.db #0xff	; 255
      0002AC 0F                     730 	.db #0x0f	; 15
      0002AD 00                     731 	.db #0x00	; 0
      0002AE 00                     732 	.db #0x00	; 0
      0002AF FF                     733 	.db #0xff	; 255
      0002B0 FF                     734 	.db #0xff	; 255
      0002B1 FF                     735 	.db #0xff	; 255
      0002B2 FF                     736 	.db #0xff	; 255
      0002B3 FF                     737 	.db #0xff	; 255
      0002B4 FF                     738 	.db #0xff	; 255
      0002B5 FF                     739 	.db #0xff	; 255
      0002B6 FF                     740 	.db #0xff	; 255
      0002B7 FF                     741 	.db #0xff	; 255
      0002B8 FF                     742 	.db #0xff	; 255
      0002B9 FF                     743 	.db #0xff	; 255
      0002BA FF                     744 	.db #0xff	; 255
      0002BB FF                     745 	.db #0xff	; 255
      0002BC FF                     746 	.db #0xff	; 255
      0002BD FF                     747 	.db #0xff	; 255
      0002BE FF                     748 	.db #0xff	; 255
      0002BF 00                     749 	.db #0x00	; 0
      0002C0 00                     750 	.db #0x00	; 0
      0002C1 FF                     751 	.db #0xff	; 255
      0002C2 1F                     752 	.db #0x1f	; 31
      0002C3 FF                     753 	.db #0xff	; 255
      0002C4 2F                     754 	.db #0x2f	; 47
      0002C5 FF                     755 	.db #0xff	; 255
      0002C6 1F                     756 	.db #0x1f	; 31
      0002C7 FF                     757 	.db #0xff	; 255
      0002C8 2F                     758 	.db #0x2f	; 47
      0002C9 FF                     759 	.db #0xff	; 255
      0002CA 1F                     760 	.db #0x1f	; 31
      0002CB FF                     761 	.db #0xff	; 255
      0002CC 2F                     762 	.db #0x2f	; 47
      0002CD 00                     763 	.db #0x00	; 0
      0002CE 00                     764 	.db #0x00	; 0
      0002CF FF                     765 	.db #0xff	; 255
      0002D0 FF                     766 	.db #0xff	; 255
      0002D1 FF                     767 	.db #0xff	; 255
      0002D2 FF                     768 	.db #0xff	; 255
      0002D3 FF                     769 	.db #0xff	; 255
      0002D4 FF                     770 	.db #0xff	; 255
      0002D5 FF                     771 	.db #0xff	; 255
      0002D6 FF                     772 	.db #0xff	; 255
      0002D7 FF                     773 	.db #0xff	; 255
      0002D8 FF                     774 	.db #0xff	; 255
      0002D9 FF                     775 	.db #0xff	; 255
      0002DA FF                     776 	.db #0xff	; 255
      0002DB FF                     777 	.db #0xff	; 255
      0002DC FF                     778 	.db #0xff	; 255
      0002DD FF                     779 	.db #0xff	; 255
      0002DE FF                     780 	.db #0xff	; 255
      0002DF 00                     781 	.db #0x00	; 0
      0002E0 00                     782 	.db #0x00	; 0
      0002E1 FF                     783 	.db #0xff	; 255
      0002E2 5F                     784 	.db #0x5f	; 95
      0002E3 FF                     785 	.db #0xff	; 255
      0002E4 3F                     786 	.db #0x3f	; 63
      0002E5 FF                     787 	.db #0xff	; 255
      0002E6 5F                     788 	.db #0x5f	; 95
      0002E7 FF                     789 	.db #0xff	; 255
      0002E8 3F                     790 	.db #0x3f	; 63
      0002E9 FF                     791 	.db #0xff	; 255
      0002EA 5F                     792 	.db #0x5f	; 95
      0002EB FF                     793 	.db #0xff	; 255
      0002EC 3F                     794 	.db #0x3f	; 63
      0002ED 00                     795 	.db #0x00	; 0
      0002EE 00                     796 	.db #0x00	; 0
      0002EF FF                     797 	.db #0xff	; 255
      0002F0 FF                     798 	.db #0xff	; 255
      0002F1 FF                     799 	.db #0xff	; 255
      0002F2 FF                     800 	.db #0xff	; 255
      0002F3 FF                     801 	.db #0xff	; 255
      0002F4 FF                     802 	.db #0xff	; 255
      0002F5 FF                     803 	.db #0xff	; 255
      0002F6 FF                     804 	.db #0xff	; 255
      0002F7 FF                     805 	.db #0xff	; 255
      0002F8 FF                     806 	.db #0xff	; 255
      0002F9 FF                     807 	.db #0xff	; 255
      0002FA FF                     808 	.db #0xff	; 255
      0002FB FF                     809 	.db #0xff	; 255
      0002FC FF                     810 	.db #0xff	; 255
      0002FD FF                     811 	.db #0xff	; 255
      0002FE FF                     812 	.db #0xff	; 255
      0002FF 00                     813 	.db #0x00	; 0
      000300 00                     814 	.db #0x00	; 0
      000301 FF                     815 	.db #0xff	; 255
      000302 7F                     816 	.db #0x7f	; 127
      000303 FF                     817 	.db #0xff	; 255
      000304 BF                     818 	.db #0xbf	; 191
      000305 FF                     819 	.db #0xff	; 255
      000306 7F                     820 	.db #0x7f	; 127
      000307 FF                     821 	.db #0xff	; 255
      000308 BF                     822 	.db #0xbf	; 191
      000309 FF                     823 	.db #0xff	; 255
      00030A 7F                     824 	.db #0x7f	; 127
      00030B FF                     825 	.db #0xff	; 255
      00030C BF                     826 	.db #0xbf	; 191
      00030D 00                     827 	.db #0x00	; 0
      00030E 00                     828 	.db #0x00	; 0
      00030F FF                     829 	.db #0xff	; 255
      000310 FF                     830 	.db #0xff	; 255
      000311 FF                     831 	.db #0xff	; 255
      000312 FF                     832 	.db #0xff	; 255
      000313 FF                     833 	.db #0xff	; 255
      000314 FF                     834 	.db #0xff	; 255
      000315 FF                     835 	.db #0xff	; 255
      000316 FF                     836 	.db #0xff	; 255
      000317 FF                     837 	.db #0xff	; 255
      000318 FF                     838 	.db #0xff	; 255
      000319 FF                     839 	.db #0xff	; 255
      00031A FF                     840 	.db #0xff	; 255
      00031B FF                     841 	.db #0xff	; 255
      00031C FF                     842 	.db #0xff	; 255
      00031D FF                     843 	.db #0xff	; 255
      00031E FF                     844 	.db #0xff	; 255
      00031F 00                     845 	.db #0x00	; 0
      000320 00                     846 	.db #0x00	; 0
      000321 FF                     847 	.db #0xff	; 255
      000322 FF                     848 	.db #0xff	; 255
      000323 FF                     849 	.db #0xff	; 255
      000324 FF                     850 	.db #0xff	; 255
      000325 FF                     851 	.db #0xff	; 255
      000326 FF                     852 	.db #0xff	; 255
      000327 FF                     853 	.db #0xff	; 255
      000328 FF                     854 	.db #0xff	; 255
      000329 FF                     855 	.db #0xff	; 255
      00032A FF                     856 	.db #0xff	; 255
      00032B FF                     857 	.db #0xff	; 255
      00032C FF                     858 	.db #0xff	; 255
      00032D 00                     859 	.db #0x00	; 0
      00032E 00                     860 	.db #0x00	; 0
      00032F FF                     861 	.db #0xff	; 255
      000330 FF                     862 	.db #0xff	; 255
      000331 FF                     863 	.db #0xff	; 255
      000332 FF                     864 	.db #0xff	; 255
      000333 FF                     865 	.db #0xff	; 255
      000334 FF                     866 	.db #0xff	; 255
      000335 FF                     867 	.db #0xff	; 255
      000336 FF                     868 	.db #0xff	; 255
      000337 FF                     869 	.db #0xff	; 255
      000338 FF                     870 	.db #0xff	; 255
      000339 1F                     871 	.db #0x1f	; 31
      00033A 1F                     872 	.db #0x1f	; 31
      00033B CF                     873 	.db #0xcf	; 207
      00033C CF                     874 	.db #0xcf	; 207
      00033D CF                     875 	.db #0xcf	; 207
      00033E CF                     876 	.db #0xcf	; 207
      00033F 4F                     877 	.db #0x4f	; 79	'O'
      000340 4F                     878 	.db #0x4f	; 79	'O'
      000341 4F                     879 	.db #0x4f	; 79	'O'
      000342 4F                     880 	.db #0x4f	; 79	'O'
      000343 4F                     881 	.db #0x4f	; 79	'O'
      000344 4F                     882 	.db #0x4f	; 79	'O'
      000345 4F                     883 	.db #0x4f	; 79	'O'
      000346 4F                     884 	.db #0x4f	; 79	'O'
      000347 FF                     885 	.db #0xff	; 255
      000348 FF                     886 	.db #0xff	; 255
      000349 C0                     887 	.db #0xc0	; 192
      00034A C0                     888 	.db #0xc0	; 192
      00034B 80                     889 	.db #0x80	; 128
      00034C BF                     890 	.db #0xbf	; 191
      00034D 07                     891 	.db #0x07	; 7
      00034E 7F                     892 	.db #0x7f	; 127
      00034F 0C                     893 	.db #0x0c	; 12
      000350 78                     894 	.db #0x78	; 120	'x'
      000351 18                     895 	.db #0x18	; 24
      000352 70                     896 	.db #0x70	; 112	'p'
      000353 1E                     897 	.db #0x1e	; 30
      000354 76                     898 	.db #0x76	; 118	'v'
      000355 1E                     899 	.db #0x1e	; 30
      000356 76                     900 	.db #0x76	; 118	'v'
      000357 19                     901 	.db #0x19	; 25
      000358 70                     902 	.db #0x70	; 112	'p'
      000359 08                     903 	.db #0x08	; 8
      00035A 78                     904 	.db #0x78	; 120	'x'
      00035B 0E                     905 	.db #0x0e	; 14
      00035C 7A                     906 	.db #0x7a	; 122	'z'
      00035D 07                     907 	.db #0x07	; 7
      00035E 7F                     908 	.db #0x7f	; 127
      00035F 00                     909 	.db #0x00	; 0
      000360 7F                     910 	.db #0x7f	; 127
      000361 80                     911 	.db #0x80	; 128
      000362 BF                     912 	.db #0xbf	; 191
      000363 C0                     913 	.db #0xc0	; 192
      000364 C0                     914 	.db #0xc0	; 192
      000365 FF                     915 	.db #0xff	; 255
      000366 FF                     916 	.db #0xff	; 255
      000367 FF                     917 	.db #0xff	; 255
      000368 FF                     918 	.db #0xff	; 255
      000369 07                     919 	.db #0x07	; 7
      00036A 07                     920 	.db #0x07	; 7
      00036B 03                     921 	.db #0x03	; 3
      00036C FB                     922 	.db #0xfb	; 251
      00036D C1                     923 	.db #0xc1	; 193
      00036E FD                     924 	.db #0xfd	; 253
      00036F 61                     925 	.db #0x61	; 97	'a'
      000370 3D                     926 	.db #0x3d	; 61
      000371 31                     927 	.db #0x31	; 49	'1'
      000372 1D                     928 	.db #0x1d	; 29
      000373 71                     929 	.db #0x71	; 113	'q'
      000374 7D                     930 	.db #0x7d	; 125
      000375 71                     931 	.db #0x71	; 113	'q'
      000376 7D                     932 	.db #0x7d	; 125
      000377 B1                     933 	.db #0xb1	; 177
      000378 9D                     934 	.db #0x9d	; 157
      000379 21                     935 	.db #0x21	; 33
      00037A 3D                     936 	.db #0x3d	; 61
      00037B E1                     937 	.db #0xe1	; 225
      00037C BD                     938 	.db #0xbd	; 189
      00037D C1                     939 	.db #0xc1	; 193
      00037E FD                     940 	.db #0xfd	; 253
      00037F 01                     941 	.db #0x01	; 1
      000380 FD                     942 	.db #0xfd	; 253
      000381 03                     943 	.db #0x03	; 3
      000382 FB                     944 	.db #0xfb	; 251
      000383 07                     945 	.db #0x07	; 7
      000384 07                     946 	.db #0x07	; 7
      000385 FF                     947 	.db #0xff	; 255
      000386 FF                     948 	.db #0xff	; 255
      000387 FF                     949 	.db #0xff	; 255
      000388 FF                     950 	.db #0xff	; 255
      000389 FC                     951 	.db #0xfc	; 252
      00038A FC                     952 	.db #0xfc	; 252
      00038B F9                     953 	.db #0xf9	; 249
      00038C F9                     954 	.db #0xf9	; 249
      00038D F9                     955 	.db #0xf9	; 249
      00038E F9                     956 	.db #0xf9	; 249
      00038F F9                     957 	.db #0xf9	; 249
      000390 F9                     958 	.db #0xf9	; 249
      000391 F9                     959 	.db #0xf9	; 249
      000392 F9                     960 	.db #0xf9	; 249
      000393 F9                     961 	.db #0xf9	; 249
      000394 F9                     962 	.db #0xf9	; 249
      000395 F9                     963 	.db #0xf9	; 249
      000396 F9                     964 	.db #0xf9	; 249
      000397 F9                     965 	.db #0xf9	; 249
      000398 F9                     966 	.db #0xf9	; 249
      000399 F9                     967 	.db #0xf9	; 249
      00039A F9                     968 	.db #0xf9	; 249
      00039B F9                     969 	.db #0xf9	; 249
      00039C F9                     970 	.db #0xf9	; 249
      00039D F9                     971 	.db #0xf9	; 249
      00039E F9                     972 	.db #0xf9	; 249
      00039F F9                     973 	.db #0xf9	; 249
      0003A0 F9                     974 	.db #0xf9	; 249
      0003A1 FC                     975 	.db #0xfc	; 252
      0003A2 FC                     976 	.db #0xfc	; 252
      0003A3 FF                     977 	.db #0xff	; 255
      0003A4 FF                     978 	.db #0xff	; 255
      0003A5 FF                     979 	.db #0xff	; 255
      0003A6 FF                     980 	.db #0xff	; 255
      0003A7 CF                     981 	.db #0xcf	; 207
      0003A8 CF                     982 	.db #0xcf	; 207
      0003A9 CF                     983 	.db #0xcf	; 207
      0003AA CF                     984 	.db #0xcf	; 207
      0003AB CF                     985 	.db #0xcf	; 207
      0003AC CF                     986 	.db #0xcf	; 207
      0003AD CF                     987 	.db #0xcf	; 207
      0003AE CF                     988 	.db #0xcf	; 207
      0003AF CF                     989 	.db #0xcf	; 207
      0003B0 CF                     990 	.db #0xcf	; 207
      0003B1 1F                     991 	.db #0x1f	; 31
      0003B2 1F                     992 	.db #0x1f	; 31
      0003B3 FF                     993 	.db #0xff	; 255
      0003B4 FF                     994 	.db #0xff	; 255
      0003B5 FF                     995 	.db #0xff	; 255
      0003B6 FF                     996 	.db #0xff	; 255
                           0000FF   997 G$__bank_hudt$0_0$0 == 0x00ff
                           0000FF   998 ___bank_hudt	=	0x00ff
                           0003B7   999 G$hudt$0_0$0 == .
      0003B7                       1000 _hudt:
      0003B7 37                    1001 	.db #0x37	; 55	'7'
      0003B8r47r00                 1002 	.dw _hudt_tiles
      0003BA 02                    1003 	.db #0x02	; 2
      0003BBr00r00                 1004 	.dw _hudt_palettes
      0003BDr10r00                 1005 	.dw _hudtCGB
                                   1006 	.area _INITIALIZER
                                   1007 	.area _CABS (ABS)
