ASxxxx Linker V03.00/V05.40 + sdld,  page 1.
Hexadecimal  [32-Bits]

Area                                    Addr        Size        Decimal Bytes (Attributes)
--------------------------------        ----        ----        ------- ----- ------------
.  .ABS.                            00000000    00000000 =           0. bytes (ABS,CON)

      Value  Global                              Global Defined In Module
      -----  --------------------------------   ------------------------
     00000000  .__.ABS.                           itoa
     00000000  _rRAMG                             
     00000000  l__BASE                         
     00000000  l__BSS                          
     00000000  l__CABS                         
     00000000  l__CODE_0                       
     00000000  l__DABS                         
     00000000  l__HEADER                       
     00000000  l__HEADER_LCD                   
     00000000  l__HEADER_NESTED_TIM            
     00000000  l__HEAP                         
     00000000  l__HEAP_END                     
     00000000  l__HRAM                         
     00000000  l__LIT                          
     00000000  s__CABS                         
     00000000  s__DABS                         
     00000000  s__HEADER                       
     00000000  s__HEADER0                      
     00000000  s__HEADER1                      
     00000000  s__HEADER10                     
     00000000  s__HEADER11                     
     00000000  s__HEADER2                      
     00000000  s__HEADER3                      
     00000000  s__HEADER4                      
     00000000  s__HEADER5                      
     00000000  s__HEADER6                      
     00000000  s__HEADER7                      
     00000000  s__HEADER8                      
     00000000  s__HEADER9                      
     00000000  s__HEADER_LCD                   
     00000000  s__HEADER_LCD0                  
     00000000  s__HEADER_NESTED_TIM            
     00000000  s__HEADER_NESTED_TIM0           
     00000000  s__HEADERa                      
     00000000  s__HEADERb                      
     00000000  s__HEADERc                      
     00000000  s__HEADERd                      
     00000000  s__HEADERe                      
     00000000  s__HEADERf                      
     00000000  s__HRAM                         
     00000000  s__HRAM12                       
     00000001  ___bank_SpriteCamera               SpriteCamera
     00000001  ___bank_SpriteOrpheus              SpriteOrpheus
     00000001  ___bank_StateGame                  StateGame
     00000001  ___bank_UtilEnemy                  UtilEnemy
     00000001  ___bank_camera                     camera_gbr
     00000001  ___bank_hudmap                     hudmap_gbm
     00000001  ___bank_hudt                       hudt_gbr
     00000001  ___bank_omapintro                  omapintro_gbm
     00000001  ___bank_omapintrot                 omapintrot_gbr
ASxxxx Linker V03.00/V05.40 + sdld,  page 2.
Hexadecimal  [32-Bits]

Area                                    Addr        Size        Decimal Bytes (Attributes)
--------------------------------        ----        ----        ------- ----- ------------
.  .ABS.                            00000000    00000000 =           0. bytes (ABS,CON)

      Value  Global                              Global Defined In Module
      -----  --------------------------------   ------------------------
     00000001  b_FadeIn_b                         Fade_b
     00000001  b_FadeOut_b                        Fade_b
     00000001  b_UpdateHUD                        StateGame
     00000001  b_e_change_state                   UtilEnemy
     00000001  b_e_check_tile_collision           UtilEnemy
     00000001  b_e_configure                      UtilEnemy
     00000001  b_e_destroy                        UtilEnemy
     00000001  b_e_management                     UtilEnemy
     00000001  b_e_start                          UtilEnemy
     00000001  b_e_turn                           UtilEnemy
     00000001  b_e_update_anim                    UtilEnemy
     00000001  b_orhpeus_change_state             SpriteOrpheus
     00000001  b_orpheus_hit                      SpriteOrpheus
     00000001  b_orpheus_recharge                 SpriteOrpheus
     00000001  b_orpheus_update_position          SpriteOrpheus
     00000001  l__GSFINAL                      
     00000001  l__HEADER0                      
     00000001  l__HEADER5                      
     00000001  l__HEADERa                      
     00000001  l__HEADERb                      
     00000001  l__HEADERc                      
     00000001  l__HEADERe                      
     00000001  l__HEADERf                      
     00000002  ___bank_SpriteSkeleton             SpriteSkeleton
     00000002  ___bank_enemyskeletor              enemyskeletor_gbr
     00000002  ___bank_font                       font_gbr
     00000002  ___bank_orpheus                    orpheus_gbr
     00000002  b_skeleton_update_anim             SpriteSkeleton
     00000002  l__HEADER10                     
     00000002  l__HEADER6                      
     00000002  l__HEADERd                      
     00000003  l__HEADER9                      
     00000003  l__HEADER_LCD0                  
     00000003  l__HRAM12                       
     00000005  l__HEADER1                      
     00000006  l__HEADER8                      
     00000006  l__HEADER_NESTED_TIM0           
     00000007  l__HEADER2                      
     00000008  l__HEADER3                      
     0000000C  l__GSINIT                       
     00000030  l__HEADER7                      
     0000005C  l__HEADER4                      
     00000076  l__INITIALIZED                  
     00000076  l__INITIALIZER                  
     000000AF  l__HEADER11                     
     000000FF  G$__bank_SpriteCamera$0_0$0        SpriteCamera
     000000FF  G$__bank_SpriteOrpheus$0_0$0       SpriteOrpheus
     000000FF  G$__bank_SpriteSkeleton$0_0$0      SpriteSkeleton
     000000FF  G$__bank_StateGame$0_0$0           StateGame
     000000FF  G$__bank_UtilEnemy$0_0$0           UtilEnemy
     000000FF  G$__bank_font$0_0$0                font_gbr
ASxxxx Linker V03.00/V05.40 + sdld,  page 3.
Hexadecimal  [32-Bits]

Area                                    Addr        Size        Decimal Bytes (Attributes)
--------------------------------        ----        ----        ------- ----- ------------
.  .ABS.                            00000000    00000000 =           0. bytes (ABS,CON)

      Value  Global                              Global Defined In Module
      -----  --------------------------------   ------------------------
     000000FF  G$__bank_hudmap$0_0$0              hudmap_gbm
     000000FF  G$__bank_hudt$0_0$0                hudt_gbr
     000000FF  G$__bank_omapintro$0_0$0           omapintro_gbm
     000000FF  G$__bank_omapintrot$0_0$0          omapintrot_gbr
     00000200  s__CODE                         
     000002B8  l__HOME                         
     00000765  l__DATA                         
     000009EB  l__CODE_2                       
     00002000  _rROMB0                            
     00002F69  l__CODE                         
     00003000  _rROMB1                            
     00003169  s__HOME                         
     00003421  s__BASE                         
     00003421  s__CODE_0                       
     00003421  s__INITIALIZER                  
     00003421  s__LIT                          
     00003497  s__GSINIT                       
     000034A3  s__GSFINAL                      
     000038AF  l__CODE_1                       
     00004000  _rRAMB                             
     00008000  __VRAM                             
     00008000  __VRAM8000                         
     00008800  __VRAM8800                         
     00009000  __VRAM9000                         
     00009800  __SCRN0                            
     00009C00  __SCRN1                            
     0000A000  __SRAM                             
     0000C000  __RAM                              
     0000C000  _shadow_OAM                     
     0000C0A0  s__DATA                         
     0000C805  s__BSS                          
     0000C805  s__INITIALIZED                  
     0000C87B  s__HEAP                         
     0000C87B  s__HEAP_END                     
     0000D000  __RAMBANK                          
     0000DEFF  .STACK                          
     0000DF00  G$oam_mirror$0_0$0                 OAMManager
     0000DF00  _oam_mirror                        OAMManager
     0000FE00  __OAMRAM                           
     0000FF00  _P1_REG                            
     0000FF00  __IO                               
     0000FF01  _SB_REG                            
     0000FF02  _SC_REG                            
     0000FF04  _DIV_REG                           
     0000FF05  _TIMA_REG                          
     0000FF06  _TMA_REG                           
     0000FF07  _TAC_REG                           
     0000FF0F  _IF_REG                            
     0000FF10  _NR10_REG                          
     0000FF11  _NR11_REG                          
     0000FF12  _NR12_REG                          
ASxxxx Linker V03.00/V05.40 + sdld,  page 4.
Hexadecimal  [32-Bits]

Area                                    Addr        Size        Decimal Bytes (Attributes)
--------------------------------        ----        ----        ------- ----- ------------
.  .ABS.                            00000000    00000000 =           0. bytes (ABS,CON)

      Value  Global                              Global Defined In Module
      -----  --------------------------------   ------------------------
     0000FF13  _NR13_REG                          
     0000FF14  _NR14_REG                          
     0000FF16  _NR21_REG                          
     0000FF17  _NR22_REG                          
     0000FF18  _NR23_REG                          
     0000FF19  _NR24_REG                          
     0000FF1A  _NR30_REG                          
     0000FF1B  _NR31_REG                          
     0000FF1C  _NR32_REG                          
     0000FF1D  _NR33_REG                          
     0000FF1E  _NR34_REG                          
     0000FF20  _NR41_REG                          
     0000FF21  _NR42_REG                          
     0000FF22  _NR43_REG                          
     0000FF23  _NR44_REG                          
     0000FF24  _NR50_REG                          
     0000FF25  _NR51_REG                          
     0000FF26  _NR52_REG                          
     0000FF30  _AUD3WAVE                          
     0000FF30  _PCM_SAMPLE                        
     0000FF30  __AUD3WAVERAM                      
     0000FF40  _LCDC_REG                          
     0000FF41  _STAT_REG                          
     0000FF42  _SCY_REG                           
     0000FF43  _SCX_REG                           
     0000FF44  _LY_REG                            
     0000FF45  _LYC_REG                           
     0000FF46  _DMA_REG                           
     0000FF47  _BGP_REG                           
     0000FF48  _OBP0_REG                          
     0000FF49  _OBP1_REG                          
     0000FF4A  _WY_REG                            
     0000FF4B  _WX_REG                            
     0000FF4D  _KEY1_REG                          
     0000FF4F  _VBK_REG                           
     0000FF51  _HDMA1_REG                         
     0000FF52  _HDMA2_REG                         
     0000FF53  _HDMA3_REG                         
     0000FF54  _HDMA4_REG                         
     0000FF55  _HDMA5_REG                         
     0000FF56  _RP_REG                            
     0000FF68  _BCPS_REG                          
     0000FF69  _BCPD_REG                          
     0000FF6A  _OCPS_REG                          
     0000FF6B  _OCPD_REG                          
     0000FF70  _SVBK_REG                          
     0000FF76  _PCM12_REG                         
     0000FF77  _PCM34_REG                         
     0000FF80  .refresh_OAM                    
     0000FF80  __HRAM                             
     0000FFFF  _IE_REG                            
ASxxxx Linker V03.00/V05.40 + sdld,  page 5.
Hexadecimal  [32-Bits]

Area                                    Addr        Size        Decimal Bytes (Attributes)
--------------------------------        ----        ----        ------- ----- ------------
.  .ABS.                            00000000    00000000 =           0. bytes (ABS,CON)

      Value  Global                              Global Defined In Module
      -----  --------------------------------   ------------------------
     00014000  s__CODE_1                       
     00024000  s__CODE_2                       

ASxxxx Linker V03.00/V05.40 + sdld,  page 6.
Hexadecimal  [32-Bits]

Area                                    Addr        Size        Decimal Bytes (Attributes)
--------------------------------        ----        ----        ------- ----- ------------
_CODE                               00000200    00002F69 =       12137. bytes (REL,CON)

      Value  Global                              Global Defined In Module
      -----  --------------------------------   ------------------------
     00000200  A$ZGBMain$56                       ZGBMain
     00000200  C$ZGBMain.c$6$0_0$161              ZGBMain
     00000200  G$GetTileReplacement$0$0           ZGBMain
     00000200  _GetTileReplacement                ZGBMain
     00000202  A$ZGBMain$57                       ZGBMain
     00000204  A$ZGBMain$58                       ZGBMain
     00000205  A$ZGBMain$59                       ZGBMain
     00000206  A$ZGBMain$60                       ZGBMain
     00000207  A$ZGBMain$64                       ZGBMain
     00000207  C$ZGBMain.c$7$1_0$161              ZGBMain
     0000020A  A$ZGBMain$65                       ZGBMain
     0000020B  A$ZGBMain$66                       ZGBMain
     0000020D  A$ZGBMain$70                       ZGBMain
     0000020D  C$ZGBMain.c$8$2_0$162              ZGBMain
     0000020F  A$ZGBMain$71                       ZGBMain
     00000210  A$ZGBMain$72                       ZGBMain
     00000211  A$ZGBMain$73                       ZGBMain
     00000212  A$ZGBMain$74                       ZGBMain
     00000213  A$ZGBMain$75                       ZGBMain
     00000214  A$ZGBMain$76                       ZGBMain
     00000215  A$ZGBMain$77                       ZGBMain
     00000216  A$ZGBMain$78                       ZGBMain
     00000217  A$ZGBMain$79                       ZGBMain
     00000219  A$ZGBMain$80                       ZGBMain
     0000021B  A$ZGBMain$81                       ZGBMain
     0000021C  A$ZGBMain$82                       ZGBMain
     0000021D  A$ZGBMain$83                       ZGBMain
     0000021E  A$ZGBMain$84                       ZGBMain
     0000021F  A$ZGBMain$85                       ZGBMain
     00000221  A$ZGBMain$89                       ZGBMain
     00000221  C$ZGBMain.c$9$3_0$163              ZGBMain
     00000222  A$ZGBMain$90                       ZGBMain
     00000223  A$ZGBMain$94                       ZGBMain
     00000223  C$ZGBMain.c$10$3_0$163             ZGBMain
     00000225  A$ZGBMain$95                       ZGBMain
     00000226  A$ZGBMain$96                       ZGBMain
     00000227  A$ZGBMain$97                       ZGBMain
     00000228  A$ZGBMain$98                       ZGBMain
     00000229  A$ZGBMain$99                       ZGBMain
     0000022A  A$ZGBMain$100                      ZGBMain
     0000022C  A$ZGBMain$101                      ZGBMain
     0000022D  A$ZGBMain$102                      ZGBMain
     0000022F  A$ZGBMain$107                      ZGBMain
     0000022F  C$ZGBMain.c$13$2_0$162             ZGBMain
     00000231  A$ZGBMain$108                      ZGBMain
     00000232  A$ZGBMain$109                      ZGBMain
     00000233  A$ZGBMain$114                      ZGBMain
     00000233  C$ZGBMain.c$16$1_0$161             ZGBMain
     00000235  A$ZGBMain$119                      ZGBMain
     00000237  A$ZGBMain$124                      ZGBMain
ASxxxx Linker V03.00/V05.40 + sdld,  page 7.
Hexadecimal  [32-Bits]

Area                                    Addr        Size        Decimal Bytes (Attributes)
--------------------------------        ----        ----        ------- ----- ------------
_CODE                               00000200    00002F69 =       12137. bytes (REL,CON)

      Value  Global                              Global Defined In Module
      -----  --------------------------------   ------------------------
     00000237  C$ZGBMain.c$17$1_0$161             ZGBMain
     00000237  XG$GetTileReplacement$0$0          ZGBMain
     00000238  _hUGE_init                         hUGEDriver_obj
     0000023A  hUGE_init                          hUGEDriver_obj
     00000290  _hUGE_mute_channel                 hUGEDriver_obj
     00000292  hUGE_mute_channel                  hUGEDriver_obj
     000004E0  _hUGE_set_position                 hUGEDriver_obj
     000004E1  hUGE_set_position                  hUGEDriver_obj
     000006A6  _hUGE_dosound                      hUGEDriver_obj
     000006A6  hUGE_dosound                       hUGEDriver_obj
     000009D2  A$Sprite$103                       Sprite
     000009D2  C$Sprite.c$8$0_0$180               Sprite
     000009D2  G$SetFrame$0$0                     Sprite
     000009D2  _SetFrame                          Sprite
     000009D4  A$Sprite$104                       Sprite
     000009D6  A$Sprite$105                       Sprite
     000009D7  A$Sprite$106                       Sprite
     000009D8  A$Sprite$107                       Sprite
     000009D9  A$Sprite$108                       Sprite
     000009DA  A$Sprite$109                       Sprite
     000009DB  A$Sprite$113                       Sprite
     000009DB  C$Sprite.c$10$1_0$180              Sprite
     000009DC  A$Sprite$114                       Sprite
     000009DD  A$Sprite$115                       Sprite
     000009DE  A$Sprite$116                       Sprite
     000009DF  A$Sprite$117                       Sprite
     000009E0  A$Sprite$118                       Sprite
     000009E1  A$Sprite$119                       Sprite
     000009E2  A$Sprite$120                       Sprite
     000009E5  A$Sprite$121                       Sprite
     000009E6  A$Sprite$125                       Sprite
     000009E6  C$Sprite.c$11$1_0$180              Sprite
     000009E8  A$Sprite$126                       Sprite
     000009E9  A$Sprite$127                       Sprite
     000009EA  A$Sprite$128                       Sprite
     000009EB  A$Sprite$129                       Sprite
     000009EE  A$Sprite$130                       Sprite
     000009EF  A$Sprite$131                       Sprite
     000009F0  A$Sprite$132                       Sprite
     000009F1  A$Sprite$133                       Sprite
     000009F2  A$Sprite$134                       Sprite
     000009F4  A$Sprite$135                       Sprite
     000009F5  A$Sprite$136                       Sprite
     000009F6  A$Sprite$139                       Sprite
     000009F7  A$Sprite$142                       Sprite
     000009F8  A$Sprite$143                       Sprite
     000009F9  A$Sprite$144                       Sprite
     000009FA  A$Sprite$145                       Sprite
     000009FB  A$Sprite$146                       Sprite
     000009FE  A$Sprite$147                       Sprite
     000009FF  A$Sprite$148                       Sprite
ASxxxx Linker V03.00/V05.40 + sdld,  page 8.
Hexadecimal  [32-Bits]

Area                                    Addr        Size        Decimal Bytes (Attributes)
--------------------------------        ----        ----        ------- ----- ------------
_CODE                               00000200    00002F69 =       12137. bytes (REL,CON)

      Value  Global                              Global Defined In Module
      -----  --------------------------------   ------------------------
     00000A00  A$Sprite$149                       Sprite
     00000A01  A$Sprite$150                       Sprite
     00000A02  A$Sprite$151                       Sprite
     00000A04  A$Sprite$152                       Sprite
     00000A05  A$Sprite$153                       Sprite
     00000A07  A$Sprite$154                       Sprite
     00000A08  A$Sprite$155                       Sprite
     00000A09  A$Sprite$156                       Sprite
     00000A0A  A$Sprite$157                       Sprite
     00000A0B  A$Sprite$158                       Sprite
     00000A0C  A$Sprite$159                       Sprite
     00000A0D  A$Sprite$160                       Sprite
     00000A0E  A$Sprite$161                       Sprite
     00000A0F  A$Sprite$162                       Sprite
     00000A10  A$Sprite$163                       Sprite
     00000A11  A$Sprite$167                       Sprite
     00000A11  C$Sprite.c$12$1_0$180              Sprite
     00000A14  A$Sprite$171                       Sprite
     00000A14  C$Sprite.c$13$1_0$180              Sprite
     00000A16  A$Sprite$172                       Sprite
     00000A17  A$Sprite$173                       Sprite
     00000A18  A$Sprite$174                       Sprite
     00000A19  A$Sprite$175                       Sprite
     00000A1C  A$Sprite$176                       Sprite
     00000A1D  A$Sprite$177                       Sprite
     00000A1E  A$Sprite$178                       Sprite
     00000A1F  A$Sprite$179                       Sprite
     00000A21  A$Sprite$180                       Sprite
     00000A22  A$Sprite$181                       Sprite
     00000A23  A$Sprite$185                       Sprite
     00000A25  A$Sprite$190                       Sprite
     00000A25  C$Sprite.c$14$1_0$180              Sprite
     00000A25  XG$SetFrame$0$0                    Sprite
     00000A26  A$Sprite$200                       Sprite
     00000A26  C$Sprite.c$16$1_0$182              Sprite
     00000A26  G$InitSprite$0$0                   Sprite
     00000A26  _InitSprite                        Sprite
     00000A28  A$Sprite$201                       Sprite
     00000A29  A$Sprite$202                       Sprite
     00000A2A  A$Sprite$203                       Sprite
     00000A2C  A$Sprite$204                       Sprite
     00000A2D  A$Sprite$208                       Sprite
     00000A2D  C$Sprite.c$17$1_0$182              Sprite
     00000A2E  A$Sprite$209                       Sprite
     00000A30  A$Sprite$210                       Sprite
     00000A31  A$Sprite$211                       Sprite
     00000A34  A$Sprite$212                       Sprite
     00000A35  A$Sprite$213                       Sprite
     00000A36  A$Sprite$214                       Sprite
     00000A37  A$Sprite$215                       Sprite
     00000A38  A$Sprite$216                       Sprite
ASxxxx Linker V03.00/V05.40 + sdld,  page 9.
Hexadecimal  [32-Bits]

Area                                    Addr        Size        Decimal Bytes (Attributes)
--------------------------------        ----        ----        ------- ----- ------------
_CODE                               00000200    00002F69 =       12137. bytes (REL,CON)

      Value  Global                              Global Defined In Module
      -----  --------------------------------   ------------------------
     00000A3A  A$Sprite$217                       Sprite
     00000A3B  A$Sprite$218                       Sprite
     00000A3C  A$Sprite$219                       Sprite
     00000A3D  A$Sprite$220                       Sprite
     00000A3E  A$Sprite$224                       Sprite
     00000A3E  C$Sprite.c$19$1_0$182              Sprite
     00000A3F  A$Sprite$225                       Sprite
     00000A40  A$Sprite$226                       Sprite
     00000A41  A$Sprite$227                       Sprite
     00000A43  A$Sprite$228                       Sprite
     00000A44  A$Sprite$229                       Sprite
     00000A45  A$Sprite$230                       Sprite
     00000A46  A$Sprite$231                       Sprite
     00000A47  A$Sprite$232                       Sprite
     00000A48  A$Sprite$236                       Sprite
     00000A48  C$Sprite.c$20$1_0$182              Sprite
     00000A4B  A$Sprite$237                       Sprite
     00000A4D  A$Sprite$238                       Sprite
     00000A4E  A$Sprite$239                       Sprite
     00000A50  A$Sprite$240                       Sprite
     00000A51  A$Sprite$241                       Sprite
     00000A52  A$Sprite$242                       Sprite
     00000A53  A$Sprite$243                       Sprite
     00000A55  A$Sprite$244                       Sprite
     00000A56  A$Sprite$245                       Sprite
     00000A57  A$Sprite$246                       Sprite
     00000A58  A$Sprite$247                       Sprite
     00000A5A  A$Sprite$248                       Sprite
     00000A5B  A$Sprite$249                       Sprite
     00000A5C  A$Sprite$250                       Sprite
     00000A5D  A$Sprite$251                       Sprite
     00000A5E  A$Sprite$252                       Sprite
     00000A5F  A$Sprite$253                       Sprite
     00000A60  A$Sprite$257                       Sprite
     00000A60  C$Sprite.c$22$1_0$182              Sprite
     00000A63  A$Sprite$258                       Sprite
     00000A64  A$Sprite$259                       Sprite
     00000A65  A$Sprite$260                       Sprite
     00000A66  A$Sprite$261                       Sprite
     00000A68  A$Sprite$262                       Sprite
     00000A69  A$Sprite$263                       Sprite
     00000A6A  A$Sprite$264                       Sprite
     00000A6B  A$Sprite$265                       Sprite
     00000A6D  A$Sprite$266                       Sprite
     00000A6E  A$Sprite$267                       Sprite
     00000A71  A$Sprite$268                       Sprite
     00000A72  A$Sprite$269                       Sprite
     00000A74  A$Sprite$270                       Sprite
     00000A75  A$Sprite$271                       Sprite
     00000A76  A$Sprite$272                       Sprite
     00000A77  A$Sprite$273                       Sprite
ASxxxx Linker V03.00/V05.40 + sdld,  page 10.
Hexadecimal  [32-Bits]

Area                                    Addr        Size        Decimal Bytes (Attributes)
--------------------------------        ----        ----        ------- ----- ------------
_CODE                               00000200    00002F69 =       12137. bytes (REL,CON)

      Value  Global                              Global Defined In Module
      -----  --------------------------------   ------------------------
     00000A78  A$Sprite$274                       Sprite
     00000A7A  A$Sprite$275                       Sprite
     00000A7B  A$Sprite$276                       Sprite
     00000A7C  A$Sprite$277                       Sprite
     00000A7D  A$Sprite$278                       Sprite
     00000A7E  A$Sprite$279                       Sprite
     00000A7F  A$Sprite$280                       Sprite
     00000A80  A$Sprite$284                       Sprite
     00000A80  C$Sprite.c$24$1_0$182              Sprite
     00000A83  A$Sprite$285                       Sprite
     00000A84  A$Sprite$286                       Sprite
     00000A85  A$Sprite$287                       Sprite
     00000A86  A$Sprite$288                       Sprite
     00000A88  A$Sprite$289                       Sprite
     00000A89  A$Sprite$290                       Sprite
     00000A8A  A$Sprite$291                       Sprite
     00000A8B  A$Sprite$292                       Sprite
     00000A8D  A$Sprite$293                       Sprite
     00000A8E  A$Sprite$294                       Sprite
     00000A91  A$Sprite$295                       Sprite
     00000A93  A$Sprite$296                       Sprite
     00000A95  A$Sprite$297                       Sprite
     00000A98  A$Sprite$298                       Sprite
     00000A9A  A$Sprite$299                       Sprite
     00000A9B  A$Sprite$300                       Sprite
     00000A9D  A$Sprite$301                       Sprite
     00000A9E  A$Sprite$302                       Sprite
     00000A9F  A$Sprite$303                       Sprite
     00000AA0  A$Sprite$304                       Sprite
     00000AA1  A$Sprite$305                       Sprite
     00000AA3  A$Sprite$307                       Sprite
     00000AA4  A$Sprite$309                       Sprite
     00000AA6  A$Sprite$310                       Sprite
     00000AA7  A$Sprite$311                       Sprite
     00000AA8  A$Sprite$312                       Sprite
     00000AA9  A$Sprite$313                       Sprite
     00000AAA  A$Sprite$314                       Sprite
     00000AAB  A$Sprite$315                       Sprite
     00000AAC  A$Sprite$319                       Sprite
     00000AAC  C$Sprite.c$28$1_0$182              Sprite
     00000AAF  A$Sprite$320                       Sprite
     00000AB0  A$Sprite$321                       Sprite
     00000AB1  A$Sprite$322                       Sprite
     00000AB2  A$Sprite$323                       Sprite
     00000AB3  A$Sprite$327                       Sprite
     00000AB3  C$Sprite.c$30$1_0$182              Sprite
     00000AB4  A$Sprite$328                       Sprite
     00000AB5  A$Sprite$329                       Sprite
     00000AB6  A$Sprite$330                       Sprite
     00000AB7  A$Sprite$331                       Sprite
     00000ABA  A$Sprite$332                       Sprite
ASxxxx Linker V03.00/V05.40 + sdld,  page 11.
Hexadecimal  [32-Bits]

Area                                    Addr        Size        Decimal Bytes (Attributes)
--------------------------------        ----        ----        ------- ----- ------------
_CODE                               00000200    00002F69 =       12137. bytes (REL,CON)

      Value  Global                              Global Defined In Module
      -----  --------------------------------   ------------------------
     00000ABB  A$Sprite$336                       Sprite
     00000ABB  C$Sprite.c$32$1_0$182              Sprite
     00000ABE  A$Sprite$337                       Sprite
     00000ABF  A$Sprite$338                       Sprite
     00000AC1  A$Sprite$342                       Sprite
     00000AC1  C$Sprite.c$34$1_0$182              Sprite
     00000AC4  A$Sprite$343                       Sprite
     00000AC5  A$Sprite$344                       Sprite
     00000AC6  A$Sprite$345                       Sprite
     00000AC7  A$Sprite$346                       Sprite
     00000AC8  A$Sprite$350                       Sprite
     00000AC8  C$Sprite.c$35$1_0$182              Sprite
     00000ACB  A$Sprite$351                       Sprite
     00000ACC  A$Sprite$352                       Sprite
     00000ACD  A$Sprite$353                       Sprite
     00000ACE  A$Sprite$354                       Sprite
     00000ACF  A$Sprite$358                       Sprite
     00000ACF  C$Sprite.c$37$1_0$182              Sprite
     00000AD1  A$Sprite$359                       Sprite
     00000AD2  A$Sprite$360                       Sprite
     00000AD3  A$Sprite$361                       Sprite
     00000AD4  A$Sprite$362                       Sprite
     00000AD5  A$Sprite$363                       Sprite
     00000AD6  A$Sprite$364                       Sprite
     00000AD7  A$Sprite$365                       Sprite
     00000AD8  A$Sprite$366                       Sprite
     00000ADB  A$Sprite$367                       Sprite
     00000ADC  A$Sprite$368                       Sprite
     00000ADD  A$Sprite$372                       Sprite
     00000ADD  C$Sprite.c$38$1_0$182              Sprite
     00000AE0  A$Sprite$373                       Sprite
     00000AE1  A$Sprite$374                       Sprite
     00000AE2  A$Sprite$375                       Sprite
     00000AE3  A$Sprite$376                       Sprite
     00000AE5  A$Sprite$377                       Sprite
     00000AE6  A$Sprite$378                       Sprite
     00000AE7  A$Sprite$379                       Sprite
     00000AE8  A$Sprite$380                       Sprite
     00000AEA  A$Sprite$381                       Sprite
     00000AEB  A$Sprite$382                       Sprite
     00000AEC  A$Sprite$383                       Sprite
     00000AED  A$Sprite$384                       Sprite
     00000AEE  A$Sprite$385                       Sprite
     00000AEF  A$Sprite$386                       Sprite
     00000AF0  A$Sprite$387                       Sprite
     00000AF1  A$Sprite$388                       Sprite
     00000AF2  A$Sprite$389                       Sprite
     00000AF3  A$Sprite$390                       Sprite
     00000AF4  A$Sprite$394                       Sprite
     00000AF4  C$Sprite.c$39$1_0$182              Sprite
     00000AF7  A$Sprite$395                       Sprite
ASxxxx Linker V03.00/V05.40 + sdld,  page 12.
Hexadecimal  [32-Bits]

Area                                    Addr        Size        Decimal Bytes (Attributes)
--------------------------------        ----        ----        ------- ----- ------------
_CODE                               00000200    00002F69 =       12137. bytes (REL,CON)

      Value  Global                              Global Defined In Module
      -----  --------------------------------   ------------------------
     00000AF8  A$Sprite$396                       Sprite
     00000AF9  A$Sprite$397                       Sprite
     00000AFA  A$Sprite$398                       Sprite
     00000AFB  A$Sprite$399                       Sprite
     00000AFC  A$Sprite$400                       Sprite
     00000AFD  A$Sprite$401                       Sprite
     00000AFE  A$Sprite$402                       Sprite
     00000AFF  A$Sprite$406                       Sprite
     00000AFF  C$Sprite.c$40$1_0$182              Sprite
     00000B02  A$Sprite$410                       Sprite
     00000B04  A$Sprite$415                       Sprite
     00000B04  C$Sprite.c$41$1_0$182              Sprite
     00000B04  XG$InitSprite$0$0                  Sprite
     00000B05  A$Sprite$425                       Sprite
     00000B05  C$Sprite.c$43$1_0$184              Sprite
     00000B05  G$SetSpriteAnim$0$0                Sprite
     00000B05  _SetSpriteAnim                     Sprite
     00000B07  A$Sprite$426                       Sprite
     00000B09  A$Sprite$427                       Sprite
     00000B0A  A$Sprite$428                       Sprite
     00000B0B  A$Sprite$432                       Sprite
     00000B0B  C$Sprite.c$44$1_0$184              Sprite
     00000B0C  A$Sprite$433                       Sprite
     00000B0D  A$Sprite$434                       Sprite
     00000B0E  A$Sprite$435                       Sprite
     00000B0F  A$Sprite$436                       Sprite
     00000B10  A$Sprite$437                       Sprite
     00000B13  A$Sprite$438                       Sprite
     00000B14  A$Sprite$439                       Sprite
     00000B15  A$Sprite$440                       Sprite
     00000B16  A$Sprite$441                       Sprite
     00000B17  A$Sprite$442                       Sprite
     00000B18  A$Sprite$443                       Sprite
     00000B19  A$Sprite$444                       Sprite
     00000B1A  A$Sprite$445                       Sprite
     00000B1B  A$Sprite$448                       Sprite
     00000B1C  A$Sprite$449                       Sprite
     00000B1D  A$Sprite$450                       Sprite
     00000B1E  A$Sprite$453                       Sprite
     00000B1F  A$Sprite$454                       Sprite
     00000B20  A$Sprite$455                       Sprite
     00000B22  A$Sprite$456                       Sprite
     00000B23  A$Sprite$457                       Sprite
     00000B24  A$Sprite$458                       Sprite
     00000B26  A$Sprite$463                       Sprite
     00000B26  C$Sprite.c$45$2_0$185              Sprite
     00000B27  A$Sprite$464                       Sprite
     00000B28  A$Sprite$465                       Sprite
     00000B29  A$Sprite$466                       Sprite
     00000B2A  A$Sprite$467                       Sprite
     00000B2B  A$Sprite$471                       Sprite
ASxxxx Linker V03.00/V05.40 + sdld,  page 13.
Hexadecimal  [32-Bits]

Area                                    Addr        Size        Decimal Bytes (Attributes)
--------------------------------        ----        ----        ------- ----- ------------
_CODE                               00000200    00002F69 =       12137. bytes (REL,CON)

      Value  Global                              Global Defined In Module
      -----  --------------------------------   ------------------------
     00000B2B  C$Sprite.c$46$2_0$185              Sprite
     00000B2C  A$Sprite$472                       Sprite
     00000B2D  A$Sprite$473                       Sprite
     00000B2F  A$Sprite$474                       Sprite
     00000B30  A$Sprite$475                       Sprite
     00000B31  A$Sprite$476                       Sprite
     00000B32  A$Sprite$477                       Sprite
     00000B35  A$Sprite$481                       Sprite
     00000B35  C$Sprite.c$47$2_0$185              Sprite
     00000B37  A$Sprite$482                       Sprite
     00000B38  A$Sprite$483                       Sprite
     00000B39  A$Sprite$484                       Sprite
     00000B3A  A$Sprite$485                       Sprite
     00000B3D  A$Sprite$486                       Sprite
     00000B3E  A$Sprite$487                       Sprite
     00000B3F  A$Sprite$488                       Sprite
     00000B40  A$Sprite$489                       Sprite
     00000B41  A$Sprite$490                       Sprite
     00000B42  A$Sprite$494                       Sprite
     00000B42  C$Sprite.c$48$2_0$185              Sprite
     00000B44  A$Sprite$495                       Sprite
     00000B45  A$Sprite$496                       Sprite
     00000B46  A$Sprite$497                       Sprite
     00000B47  A$Sprite$498                       Sprite
     00000B4A  A$Sprite$499                       Sprite
     00000B4B  A$Sprite$500                       Sprite
     00000B4C  A$Sprite$501                       Sprite
     00000B4D  A$Sprite$502                       Sprite
     00000B4E  A$Sprite$503                       Sprite
     00000B4F  A$Sprite$507                       Sprite
     00000B4F  C$Sprite.c$49$2_0$185              Sprite
     00000B51  A$Sprite$508                       Sprite
     00000B52  A$Sprite$509                       Sprite
     00000B53  A$Sprite$510                       Sprite
     00000B54  A$Sprite$511                       Sprite
     00000B57  A$Sprite$512                       Sprite
     00000B58  A$Sprite$513                       Sprite
     00000B59  A$Sprite$514                       Sprite
     00000B5A  A$Sprite$515                       Sprite
     00000B5C  A$Sprite$516                       Sprite
     00000B5D  A$Sprite$517                       Sprite
     00000B5E  A$Sprite$522                       Sprite
     00000B5E  C$Sprite.c$51$1_0$184              Sprite
     00000B60  A$Sprite$523                       Sprite
     00000B61  A$Sprite$524                       Sprite
     00000B62  A$Sprite$525                       Sprite
     00000B63  A$Sprite$535                       Sprite
     00000B63  C$Sprite.c$88$1_0$188              Sprite
     00000B63  G$DrawSprite$0$0                   Sprite
     00000B63  _DrawSprite                        Sprite
     00000B65  A$Sprite$539                       Sprite
ASxxxx Linker V03.00/V05.40 + sdld,  page 14.
Hexadecimal  [32-Bits]

Area                                    Addr        Size        Decimal Bytes (Attributes)
--------------------------------        ----        ----        ------- ----- ------------
_CODE                               00000200    00002F69 =       12137. bytes (REL,CON)

      Value  Global                              Global Defined In Module
      -----  --------------------------------   ------------------------
     00000B68  A$Sprite$540                       Sprite
     00000B6A  A$Sprite$541                       Sprite
     00000B6B  A$Sprite$542                       Sprite
     00000B6E  A$Sprite$543                       Sprite
     00000B70  A$Sprite$544                       Sprite
     00000B71  A$Sprite$545                       Sprite
     00000B72  A$Sprite$546                       Sprite
     00000B73  A$Sprite$547                       Sprite
     00000B74  A$Sprite$548                       Sprite
     00000B77  A$Sprite$549                       Sprite
     00000B78  A$Sprite$550                       Sprite
     00000B79  A$Sprite$551                       Sprite
     00000B7A  A$Sprite$552                       Sprite
     00000B7D  A$Sprite$556                       Sprite
     00000B7F  A$Sprite$557                       Sprite
     00000B80  A$Sprite$558                       Sprite
     00000B81  A$Sprite$559                       Sprite
     00000B82  A$Sprite$560                       Sprite
     00000B85  A$Sprite$561                       Sprite
     00000B86  A$Sprite$562                       Sprite
     00000B87  A$Sprite$563                       Sprite
     00000B88  A$Sprite$564                       Sprite
     00000B89  A$Sprite$565                       Sprite
     00000B8B  A$Sprite$566                       Sprite
     00000B8C  A$Sprite$567                       Sprite
     00000B8D  A$Sprite$568                       Sprite
     00000B8E  A$Sprite$569                       Sprite
     00000B8F  A$Sprite$570                       Sprite
     00000B90  A$Sprite$571                       Sprite
     00000B91  A$Sprite$572                       Sprite
     00000B94  A$Sprite$573                       Sprite
     00000B95  A$Sprite$574                       Sprite
     00000B96  A$Sprite$575                       Sprite
     00000B97  A$Sprite$576                       Sprite
     00000B98  A$Sprite$577                       Sprite
     00000B99  A$Sprite$578                       Sprite
     00000B9C  A$Sprite$579                       Sprite
     00000B9D  A$Sprite$580                       Sprite
     00000B9E  A$Sprite$581                       Sprite
     00000BA0  A$Sprite$583                       Sprite
     00000BA1  A$Sprite$585                       Sprite
     00000BA2  A$Sprite$586                       Sprite
     00000BA4  A$Sprite$587                       Sprite
     00000BA6  A$Sprite$588                       Sprite
     00000BA7  A$Sprite$589                       Sprite
     00000BA8  A$Sprite$593                       Sprite
     00000BAB  A$Sprite$594                       Sprite
     00000BAC  A$Sprite$595                       Sprite
     00000BAD  A$Sprite$596                       Sprite
     00000BAE  A$Sprite$600                       Sprite
     00000BAE  C$Sprite.c$98$2_0$189              Sprite
ASxxxx Linker V03.00/V05.40 + sdld,  page 15.
Hexadecimal  [32-Bits]

Area                                    Addr        Size        Decimal Bytes (Attributes)
--------------------------------        ----        ----        ------- ----- ------------
_CODE                               00000200    00002F69 =       12137. bytes (REL,CON)

      Value  Global                              Global Defined In Module
      -----  --------------------------------   ------------------------
     00000BB1  A$Sprite$601                       Sprite
     00000BB2  A$Sprite$602                       Sprite
     00000BB3  A$Sprite$603                       Sprite
     00000BB5  A$Sprite$604                       Sprite
     00000BB6  A$Sprite$605                       Sprite
     00000BB9  A$Sprite$609                       Sprite
     00000BB9  C$Sprite.c$99$3_0$190              Sprite
     00000BBC  A$Sprite$610                       Sprite
     00000BBD  A$Sprite$611                       Sprite
     00000BBE  A$Sprite$612                       Sprite
     00000BBF  A$Sprite$616                       Sprite
     00000BC2  A$Sprite$617                       Sprite
     00000BC3  A$Sprite$618                       Sprite
     00000BC4  A$Sprite$619                       Sprite
     00000BC5  A$Sprite$623                       Sprite
     00000BC5  C$Sprite.c$99$1_0$188              Sprite
     00000BC8  A$Sprite$624                       Sprite
     00000BC9  A$Sprite$625                       Sprite
     00000BCA  A$Sprite$626                       Sprite
     00000BCB  A$Sprite$630                       Sprite
     00000BCB  C$Sprite.c$100$3_0$190             Sprite
     00000BCC  A$Sprite$631                       Sprite
     00000BCE  A$Sprite$632                       Sprite
     00000BCF  A$Sprite$633                       Sprite
     00000BD2  A$Sprite$634                       Sprite
     00000BD3  A$Sprite$635                       Sprite
     00000BD4  A$Sprite$636                       Sprite
     00000BD5  A$Sprite$638                       Sprite
     00000BD6  A$Sprite$641                       Sprite
     00000BD7  A$Sprite$642                       Sprite
     00000BD9  A$Sprite$643                       Sprite
     00000BDA  A$Sprite$644                       Sprite
     00000BDB  A$Sprite$645                       Sprite
     00000BDD  A$Sprite$649                       Sprite
     00000BDD  C$Sprite.c$101$4_0$191             Sprite
     00000BDE  A$Sprite$650                       Sprite
     00000BDF  A$Sprite$655                       Sprite
     00000BE2  A$Sprite$656                       Sprite
     00000BE3  A$Sprite$657                       Sprite
     00000BE4  A$Sprite$658                       Sprite
     00000BE5  A$Sprite$662                       Sprite
     00000BE5  C$Sprite.c$104$3_0$190             Sprite
     00000BE8  A$Sprite$663                       Sprite
     00000BE9  A$Sprite$664                       Sprite
     00000BEA  A$Sprite$665                       Sprite
     00000BEB  A$Sprite$667                       Sprite
     00000BEC  A$Sprite$670                       Sprite
     00000BED  A$Sprite$671                       Sprite
     00000BEF  A$Sprite$672                       Sprite
     00000BF0  A$Sprite$673                       Sprite
     00000BF1  A$Sprite$674                       Sprite
ASxxxx Linker V03.00/V05.40 + sdld,  page 16.
Hexadecimal  [32-Bits]

Area                                    Addr        Size        Decimal Bytes (Attributes)
--------------------------------        ----        ----        ------- ----- ------------
_CODE                               00000200    00002F69 =       12137. bytes (REL,CON)

      Value  Global                              Global Defined In Module
      -----  --------------------------------   ------------------------
     00000BF3  A$Sprite$675                       Sprite
     00000BF4  A$Sprite$676                       Sprite
     00000BF5  A$Sprite$677                       Sprite
     00000BF7  A$Sprite$678                       Sprite
     00000BF8  A$Sprite$679                       Sprite
     00000BF9  A$Sprite$680                       Sprite
     00000BFA  A$Sprite$681                       Sprite
     00000BFB  A$Sprite$682                       Sprite
     00000BFD  A$Sprite$683                       Sprite
     00000BFE  A$Sprite$687                       Sprite
     00000BFE  C$Sprite.c$105$3_0$190             Sprite
     00000BFF  A$Sprite$688                       Sprite
     00000C00  A$Sprite$689                       Sprite
     00000C01  A$Sprite$690                       Sprite
     00000C04  A$Sprite$691                       Sprite
     00000C05  A$Sprite$695                       Sprite
     00000C08  A$Sprite$696                       Sprite
     00000C09  A$Sprite$697                       Sprite
     00000C0A  A$Sprite$698                       Sprite
     00000C0B  A$Sprite$702                       Sprite
     00000C0B  C$Sprite.c$106$3_0$190             Sprite
     00000C0E  A$Sprite$703                       Sprite
     00000C0F  A$Sprite$704                       Sprite
     00000C10  A$Sprite$705                       Sprite
     00000C11  A$Sprite$706                       Sprite
     00000C13  A$Sprite$707                       Sprite
     00000C14  A$Sprite$708                       Sprite
     00000C15  A$Sprite$709                       Sprite
     00000C16  A$Sprite$710                       Sprite
     00000C18  A$Sprite$711                       Sprite
     00000C19  A$Sprite$712                       Sprite
     00000C1A  A$Sprite$713                       Sprite
     00000C1B  A$Sprite$714                       Sprite
     00000C1C  A$Sprite$715                       Sprite
     00000C1D  A$Sprite$716                       Sprite
     00000C1E  A$Sprite$717                       Sprite
     00000C1F  A$Sprite$718                       Sprite
     00000C22  A$Sprite$719                       Sprite
     00000C23  A$Sprite$720                       Sprite
     00000C24  A$Sprite$721                       Sprite
     00000C25  A$Sprite$722                       Sprite
     00000C26  A$Sprite$723                       Sprite
     00000C28  A$Sprite$724                       Sprite
     00000C29  A$Sprite$725                       Sprite
     00000C2B  A$Sprite$726                       Sprite
     00000C2C  A$Sprite$727                       Sprite
     00000C2D  A$Sprite$728                       Sprite
     00000C2E  A$Sprite$729                       Sprite
     00000C2F  A$Sprite$730                       Sprite
     00000C30  A$Sprite$731                       Sprite
     00000C32  A$Sprite$732                       Sprite
ASxxxx Linker V03.00/V05.40 + sdld,  page 17.
Hexadecimal  [32-Bits]

Area                                    Addr        Size        Decimal Bytes (Attributes)
--------------------------------        ----        ----        ------- ----- ------------
_CODE                               00000200    00002F69 =       12137. bytes (REL,CON)

      Value  Global                              Global Defined In Module
      -----  --------------------------------   ------------------------
     00000C33  A$Sprite$733                       Sprite
     00000C34  A$Sprite$734                       Sprite
     00000C35  A$Sprite$735                       Sprite
     00000C36  A$Sprite$736                       Sprite
     00000C37  A$Sprite$737                       Sprite
     00000C38  A$Sprite$741                       Sprite
     00000C38  C$Sprite.c$107$3_0$190             Sprite
     00000C3B  A$Sprite$745                       Sprite
     00000C3E  A$Sprite$746                       Sprite
     00000C3F  A$Sprite$747                       Sprite
     00000C40  A$Sprite$748                       Sprite
     00000C41  A$Sprite$752                       Sprite
     00000C41  C$Sprite.c$97$1_0$188              Sprite
     00000C44  A$Sprite$753                       Sprite
     00000C45  A$Sprite$757                       Sprite
     00000C45  C$Sprite.c$108$3_0$190             Sprite
     00000C46  A$Sprite$758                       Sprite
     00000C48  A$Sprite$759                       Sprite
     00000C49  A$Sprite$764                       Sprite
     00000C4C  A$Sprite$765                       Sprite
     00000C4E  A$Sprite$766                       Sprite
     00000C4F  A$Sprite$767                       Sprite
     00000C52  A$Sprite$768                       Sprite
     00000C54  A$Sprite$772                       Sprite
     00000C54  C$Sprite.c$112$1_0$188             Sprite
     00000C55  A$Sprite$773                       Sprite
     00000C56  A$Sprite$774                       Sprite
     00000C57  A$Sprite$775                       Sprite
     00000C58  A$Sprite$776                       Sprite
     00000C5B  A$Sprite$777                       Sprite
     00000C5C  A$Sprite$778                       Sprite
     00000C5D  A$Sprite$779                       Sprite
     00000C5E  A$Sprite$780                       Sprite
     00000C5F  A$Sprite$781                       Sprite
     00000C62  A$Sprite$782                       Sprite
     00000C64  A$Sprite$783                       Sprite
     00000C65  A$Sprite$784                       Sprite
     00000C68  A$Sprite$785                       Sprite
     00000C6A  A$Sprite$786                       Sprite
     00000C6B  A$Sprite$787                       Sprite
     00000C6C  A$Sprite$788                       Sprite
     00000C6D  A$Sprite$789                       Sprite
     00000C6E  A$Sprite$790                       Sprite
     00000C6F  A$Sprite$791                       Sprite
     00000C70  A$Sprite$792                       Sprite
     00000C71  A$Sprite$793                       Sprite
     00000C72  A$Sprite$794                       Sprite
     00000C73  A$Sprite$795                       Sprite
     00000C75  A$Sprite$796                       Sprite
     00000C76  A$Sprite$797                       Sprite
     00000C77  A$Sprite$801                       Sprite
ASxxxx Linker V03.00/V05.40 + sdld,  page 18.
Hexadecimal  [32-Bits]

Area                                    Addr        Size        Decimal Bytes (Attributes)
--------------------------------        ----        ----        ------- ----- ------------
_CODE                               00000200    00002F69 =       12137. bytes (REL,CON)

      Value  Global                              Global Defined In Module
      -----  --------------------------------   ------------------------
     00000C77  C$Sprite.c$113$1_0$188             Sprite
     00000C79  A$Sprite$802                       Sprite
     00000C7A  A$Sprite$803                       Sprite
     00000C7B  A$Sprite$804                       Sprite
     00000C7C  A$Sprite$805                       Sprite
     00000C7F  A$Sprite$806                       Sprite
     00000C80  A$Sprite$807                       Sprite
     00000C81  A$Sprite$808                       Sprite
     00000C82  A$Sprite$809                       Sprite
     00000C83  A$Sprite$810                       Sprite
     00000C86  A$Sprite$811                       Sprite
     00000C88  A$Sprite$812                       Sprite
     00000C89  A$Sprite$813                       Sprite
     00000C8C  A$Sprite$814                       Sprite
     00000C8E  A$Sprite$815                       Sprite
     00000C8F  A$Sprite$816                       Sprite
     00000C90  A$Sprite$817                       Sprite
     00000C91  A$Sprite$818                       Sprite
     00000C92  A$Sprite$819                       Sprite
     00000C93  A$Sprite$820                       Sprite
     00000C94  A$Sprite$821                       Sprite
     00000C95  A$Sprite$822                       Sprite
     00000C96  A$Sprite$823                       Sprite
     00000C97  A$Sprite$824                       Sprite
     00000C99  A$Sprite$825                       Sprite
     00000C9A  A$Sprite$829                       Sprite
     00000C9A  C$Sprite.c$115$1_0$188             Sprite
     00000C9B  A$Sprite$830                       Sprite
     00000C9C  A$Sprite$831                       Sprite
     00000C9D  A$Sprite$832                       Sprite
     00000C9E  A$Sprite$833                       Sprite
     00000C9F  A$Sprite$834                       Sprite
     00000CA0  A$Sprite$835                       Sprite
     00000CA3  A$Sprite$836                       Sprite
     00000CA4  A$Sprite$837                       Sprite
     00000CA5  A$Sprite$838                       Sprite
     00000CA6  A$Sprite$839                       Sprite
     00000CA7  A$Sprite$840                       Sprite
     00000CA9  A$Sprite$841                       Sprite
     00000CAA  A$Sprite$842                       Sprite
     00000CAC  A$Sprite$843                       Sprite
     00000CAF  A$Sprite$844                       Sprite
     00000CB1  A$Sprite$845                       Sprite
     00000CB2  A$Sprite$846                       Sprite
     00000CB3  A$Sprite$847                       Sprite
     00000CB4  A$Sprite$848                       Sprite
     00000CB7  A$Sprite$849                       Sprite
     00000CB8  A$Sprite$850                       Sprite
     00000CB9  A$Sprite$851                       Sprite
     00000CBA  A$Sprite$852                       Sprite
     00000CBB  A$Sprite$853                       Sprite
ASxxxx Linker V03.00/V05.40 + sdld,  page 19.
Hexadecimal  [32-Bits]

Area                                    Addr        Size        Decimal Bytes (Attributes)
--------------------------------        ----        ----        ------- ----- ------------
_CODE                               00000200    00002F69 =       12137. bytes (REL,CON)

      Value  Global                              Global Defined In Module
      -----  --------------------------------   ------------------------
     00000CBD  A$Sprite$854                       Sprite
     00000CBE  A$Sprite$855                       Sprite
     00000CC0  A$Sprite$856                       Sprite
     00000CC3  A$Sprite$860                       Sprite
     00000CC3  C$Sprite.c$116$2_0$192             Sprite
     00000CC5  A$Sprite$861                       Sprite
     00000CC6  A$Sprite$862                       Sprite
     00000CC7  A$Sprite$863                       Sprite
     00000CC8  A$Sprite$864                       Sprite
     00000CCB  A$Sprite$865                       Sprite
     00000CCC  A$Sprite$866                       Sprite
     00000CCD  A$Sprite$867                       Sprite
     00000CCE  A$Sprite$868                       Sprite
     00000CD0  A$Sprite$869                       Sprite
     00000CD1  A$Sprite$870                       Sprite
     00000CD2  A$Sprite$871                       Sprite
     00000CD3  A$Sprite$872                       Sprite
     00000CD5  A$Sprite$873                       Sprite
     00000CD6  A$Sprite$877                       Sprite
     00000CD6  C$Sprite.c$117$2_0$192             Sprite
     00000CD8  A$Sprite$878                       Sprite
     00000CD9  A$Sprite$879                       Sprite
     00000CDA  A$Sprite$880                       Sprite
     00000CDB  A$Sprite$881                       Sprite
     00000CDE  A$Sprite$882                       Sprite
     00000CDF  A$Sprite$883                       Sprite
     00000CE0  A$Sprite$884                       Sprite
     00000CE1  A$Sprite$888                       Sprite
     00000CE1  C$Sprite.c$118$2_0$192             Sprite
     00000CE4  A$Sprite$889                       Sprite
     00000CE6  A$Sprite$890                       Sprite
     00000CE7  A$Sprite$894                       Sprite
     00000CE7  C$Sprite.c$119$2_0$192             Sprite
     00000CE9  A$Sprite$895                       Sprite
     00000CEA  A$Sprite$896                       Sprite
     00000CEB  A$Sprite$897                       Sprite
     00000CEC  A$Sprite$898                       Sprite
     00000CED  A$Sprite$899                       Sprite
     00000CEE  A$Sprite$900                       Sprite
     00000CEF  A$Sprite$901                       Sprite
     00000CF0  A$Sprite$902                       Sprite
     00000CF3  A$Sprite$903                       Sprite
     00000CF4  A$Sprite$904                       Sprite
     00000CF5  A$Sprite$908                       Sprite
     00000CF8  A$Sprite$909                       Sprite
     00000CFA  A$Sprite$910                       Sprite
     00000CFB  A$Sprite$911                       Sprite
     00000CFE  A$Sprite$912                       Sprite
     00000D00  A$Sprite$916                       Sprite
     00000D01  A$Sprite$917                       Sprite
     00000D02  A$Sprite$918                       Sprite
ASxxxx Linker V03.00/V05.40 + sdld,  page 20.
Hexadecimal  [32-Bits]

Area                                    Addr        Size        Decimal Bytes (Attributes)
--------------------------------        ----        ----        ------- ----- ------------
_CODE                               00000200    00002F69 =       12137. bytes (REL,CON)

      Value  Global                              Global Defined In Module
      -----  --------------------------------   ------------------------
     00000D03  A$Sprite$919                       Sprite
     00000D04  A$Sprite$920                       Sprite
     00000D07  A$Sprite$921                       Sprite
     00000D08  A$Sprite$922                       Sprite
     00000D09  A$Sprite$923                       Sprite
     00000D0A  A$Sprite$924                       Sprite
     00000D0B  A$Sprite$925                       Sprite
     00000D0D  A$Sprite$926                       Sprite
     00000D0E  A$Sprite$930                       Sprite
     00000D0E  C$Sprite.c$118$1_0$188             Sprite
     00000D11  A$Sprite$931                       Sprite
     00000D13  A$Sprite$935                       Sprite
     00000D14  A$Sprite$936                       Sprite
     00000D15  A$Sprite$937                       Sprite
     00000D17  A$Sprite$938                       Sprite
     00000D18  A$Sprite$939                       Sprite
     00000D1A  A$Sprite$940                       Sprite
     00000D1B  A$Sprite$944                       Sprite
     00000D1B  C$Sprite.c$106$1_0$188             Sprite
     00000D1D  A$Sprite$945                       Sprite
     00000D1E  A$Sprite$946                       Sprite
     00000D1F  A$Sprite$947                       Sprite
     00000D20  A$Sprite$948                       Sprite
     00000D23  A$Sprite$949                       Sprite
     00000D24  A$Sprite$950                       Sprite
     00000D25  A$Sprite$951                       Sprite
     00000D26  A$Sprite$952                       Sprite
     00000D28  A$Sprite$953                       Sprite
     00000D29  A$Sprite$954                       Sprite
     00000D2A  A$Sprite$955                       Sprite
     00000D2B  A$Sprite$956                       Sprite
     00000D2D  A$Sprite$957                       Sprite
     00000D2E  A$Sprite$961                       Sprite
     00000D2E  C$Sprite.c$122$1_0$188             Sprite
     00000D30  A$Sprite$962                       Sprite
     00000D31  A$Sprite$963                       Sprite
     00000D32  A$Sprite$964                       Sprite
     00000D33  A$Sprite$965                       Sprite
     00000D36  A$Sprite$966                       Sprite
     00000D37  A$Sprite$967                       Sprite
     00000D38  A$Sprite$968                       Sprite
     00000D39  A$Sprite$969                       Sprite
     00000D3B  A$Sprite$970                       Sprite
     00000D3C  A$Sprite$971                       Sprite
     00000D3D  A$Sprite$972                       Sprite
     00000D3E  A$Sprite$973                       Sprite
     00000D40  A$Sprite$974                       Sprite
     00000D41  A$Sprite$978                       Sprite
     00000D43  A$Sprite$979                       Sprite
     00000D44  A$Sprite$980                       Sprite
     00000D45  A$Sprite$981                       Sprite
ASxxxx Linker V03.00/V05.40 + sdld,  page 21.
Hexadecimal  [32-Bits]

Area                                    Addr        Size        Decimal Bytes (Attributes)
--------------------------------        ----        ----        ------- ----- ------------
_CODE                               00000200    00002F69 =       12137. bytes (REL,CON)

      Value  Global                              Global Defined In Module
      -----  --------------------------------   ------------------------
     00000D47  A$Sprite$985                       Sprite
     00000D47  C$Sprite.c$123$1_0$188             Sprite
     00000D49  A$Sprite$986                       Sprite
     00000D4A  A$Sprite$987                       Sprite
     00000D4B  A$Sprite$988                       Sprite
     00000D4C  A$Sprite$989                       Sprite
     00000D4F  A$Sprite$990                       Sprite
     00000D50  A$Sprite$991                       Sprite
     00000D51  A$Sprite$992                       Sprite
     00000D52  A$Sprite$996                       Sprite
     00000D54  A$Sprite$997                       Sprite
     00000D55  A$Sprite$998                       Sprite
     00000D56  A$Sprite$999                       Sprite
     00000D58  A$Sprite$1003                      Sprite
     00000D58  C$Sprite.c$124$1_0$188             Sprite
     00000D5A  A$Sprite$1004                      Sprite
     00000D5B  A$Sprite$1005                      Sprite
     00000D5C  A$Sprite$1006                      Sprite
     00000D5D  A$Sprite$1007                      Sprite
     00000D60  A$Sprite$1008                      Sprite
     00000D61  A$Sprite$1009                      Sprite
     00000D62  A$Sprite$1010                      Sprite
     00000D63  A$Sprite$1014                      Sprite
     00000D63  C$Sprite.c$120$2_0$192             Sprite
     00000D65  A$Sprite$1015                      Sprite
     00000D66  A$Sprite$1016                      Sprite
     00000D68  A$Sprite$1017                      Sprite
     00000D6B  A$Sprite$1018                      Sprite
     00000D6D  A$Sprite$1019                      Sprite
     00000D6E  A$Sprite$1020                      Sprite
     00000D70  A$Sprite$1021                      Sprite
     00000D73  A$Sprite$1022                      Sprite
     00000D76  A$Sprite$1027                      Sprite
     00000D76  C$Sprite.c$122$3_0$193             Sprite
     00000D78  A$Sprite$1028                      Sprite
     00000D79  A$Sprite$1029                      Sprite
     00000D7A  A$Sprite$1030                      Sprite
     00000D7B  A$Sprite$1031                      Sprite
     00000D7D  A$Sprite$1032                      Sprite
     00000D7E  A$Sprite$1033                      Sprite
     00000D7F  A$Sprite$1034                      Sprite
     00000D80  A$Sprite$1035                      Sprite
     00000D81  A$Sprite$1036                      Sprite
     00000D84  A$Sprite$1037                      Sprite
     00000D86  A$Sprite$1038                      Sprite
     00000D87  A$Sprite$1039                      Sprite
     00000D88  A$Sprite$1040                      Sprite
     00000D89  A$Sprite$1041                      Sprite
     00000D8A  A$Sprite$1042                      Sprite
     00000D8B  A$Sprite$1045                      Sprite
     00000D8C  A$Sprite$1046                      Sprite
ASxxxx Linker V03.00/V05.40 + sdld,  page 22.
Hexadecimal  [32-Bits]

Area                                    Addr        Size        Decimal Bytes (Attributes)
--------------------------------        ----        ----        ------- ----- ------------
_CODE                               00000200    00002F69 =       12137. bytes (REL,CON)

      Value  Global                              Global Defined In Module
      -----  --------------------------------   ------------------------
     00000D8D  A$Sprite$1048                      Sprite
     00000D8E  A$Sprite$1049                      Sprite
     00000D8F  A$Sprite$1050                      Sprite
     00000D92  A$Sprite$1051                      Sprite
     00000D93  A$Sprite$1052                      Sprite
     00000D94  A$Sprite$1053                      Sprite
     00000D95  A$Sprite$1055                      Sprite
     00000D98  A$Sprite$1056                      Sprite
     00000D9A  A$Sprite$1058                      Sprite
     00000D9B  A$Sprite$1059                      Sprite
     00000D9C  A$Sprite$1060                      Sprite
     00000D9D  A$Sprite$1061                      Sprite
     00000D9E  A$Sprite$1062                      Sprite
     00000DA0  A$Sprite$1063                      Sprite
     00000DA1  A$Sprite$1064                      Sprite
     00000DA4  A$Sprite$1068                      Sprite
     00000DA4  C$Sprite.c$122$5_0$198             Sprite
     00000DA7  A$Sprite$1069                      Sprite
     00000DA8  A$Sprite$1070                      Sprite
     00000DA9  A$Sprite$1071                      Sprite
     00000DAC  A$Sprite$1076                      Sprite
     00000DAC  C$Sprite.c$123$3_0$193             Sprite
     00000DAD  A$Sprite$1077                      Sprite
     00000DAF  A$Sprite$1078                      Sprite
     00000DB0  A$Sprite$1079                      Sprite
     00000DB1  A$Sprite$1080                      Sprite
     00000DB2  A$Sprite$1081                      Sprite
     00000DB4  A$Sprite$1082                      Sprite
     00000DB5  A$Sprite$1083                      Sprite
     00000DB6  A$Sprite$1084                      Sprite
     00000DB7  A$Sprite$1085                      Sprite
     00000DB8  A$Sprite$1086                      Sprite
     00000DBB  A$Sprite$1087                      Sprite
     00000DBD  A$Sprite$1088                      Sprite
     00000DBE  A$Sprite$1089                      Sprite
     00000DBF  A$Sprite$1090                      Sprite
     00000DC0  A$Sprite$1091                      Sprite
     00000DC1  A$Sprite$1092                      Sprite
     00000DC2  A$Sprite$1093                      Sprite
     00000DC3  A$Sprite$1094                      Sprite
     00000DC4  A$Sprite$1095                      Sprite
     00000DC5  A$Sprite$1096                      Sprite
     00000DC7  A$Sprite$1097                      Sprite
     00000DC8  A$Sprite$1098                      Sprite
     00000DCA  A$Sprite$1099                      Sprite
     00000DCB  A$Sprite$1100                      Sprite
     00000DCC  A$Sprite$1102                      Sprite
     00000DCF  A$Sprite$1103                      Sprite
     00000DD0  A$Sprite$1104                      Sprite
     00000DD1  A$Sprite$1105                      Sprite
     00000DD2  A$Sprite$1107                      Sprite
ASxxxx Linker V03.00/V05.40 + sdld,  page 23.
Hexadecimal  [32-Bits]

Area                                    Addr        Size        Decimal Bytes (Attributes)
--------------------------------        ----        ----        ------- ----- ------------
_CODE                               00000200    00002F69 =       12137. bytes (REL,CON)

      Value  Global                              Global Defined In Module
      -----  --------------------------------   ------------------------
     00000DD5  A$Sprite$1108                      Sprite
     00000DD7  A$Sprite$1110                      Sprite
     00000DD9  A$Sprite$1111                      Sprite
     00000DDA  A$Sprite$1112                      Sprite
     00000DDC  A$Sprite$1113                      Sprite
     00000DDE  A$Sprite$1114                      Sprite
     00000DE0  A$Sprite$1115                      Sprite
     00000DE3  A$Sprite$1116                      Sprite
     00000DE5  A$Sprite$1118                      Sprite
     00000DE8  A$Sprite$1120                      Sprite
     00000DE9  A$Sprite$1121                      Sprite
     00000DEA  A$Sprite$1122                      Sprite
     00000DEB  A$Sprite$1123                      Sprite
     00000DEC  A$Sprite$1124                      Sprite
     00000DED  A$Sprite$1125                      Sprite
     00000DEE  A$Sprite$1126                      Sprite
     00000DF0  A$Sprite$1127                      Sprite
     00000DF1  A$Sprite$1128                      Sprite
     00000DF4  A$Sprite$1132                      Sprite
     00000DF4  C$Sprite.c$123$5_0$201             Sprite
     00000DF7  A$Sprite$1133                      Sprite
     00000DF8  A$Sprite$1134                      Sprite
     00000DF9  A$Sprite$1135                      Sprite
     00000DFC  A$Sprite$1140                      Sprite
     00000DFC  C$Sprite.c$124$3_0$193             Sprite
     00000DFE  A$Sprite$1141                      Sprite
     00000DFF  A$Sprite$1142                      Sprite
     00000E00  A$Sprite$1143                      Sprite
     00000E01  A$Sprite$1144                      Sprite
     00000E02  A$Sprite$1145                      Sprite
     00000E03  A$Sprite$1146                      Sprite
     00000E05  A$Sprite$1147                      Sprite
     00000E06  A$Sprite$1148                      Sprite
     00000E07  A$Sprite$1149                      Sprite
     00000E08  A$Sprite$1150                      Sprite
     00000E09  A$Sprite$1151                      Sprite
     00000E0C  A$Sprite$1152                      Sprite
     00000E0E  A$Sprite$1153                      Sprite
     00000E0F  A$Sprite$1154                      Sprite
     00000E10  A$Sprite$1155                      Sprite
     00000E11  A$Sprite$1156                      Sprite
     00000E12  A$Sprite$1157                      Sprite
     00000E13  A$Sprite$1160                      Sprite
     00000E14  A$Sprite$1161                      Sprite
     00000E15  A$Sprite$1163                      Sprite
     00000E16  A$Sprite$1164                      Sprite
     00000E17  A$Sprite$1165                      Sprite
     00000E1A  A$Sprite$1166                      Sprite
     00000E1B  A$Sprite$1167                      Sprite
     00000E1C  A$Sprite$1168                      Sprite
     00000E1D  A$Sprite$1170                      Sprite
ASxxxx Linker V03.00/V05.40 + sdld,  page 24.
Hexadecimal  [32-Bits]

Area                                    Addr        Size        Decimal Bytes (Attributes)
--------------------------------        ----        ----        ------- ----- ------------
_CODE                               00000200    00002F69 =       12137. bytes (REL,CON)

      Value  Global                              Global Defined In Module
      -----  --------------------------------   ------------------------
     00000E20  A$Sprite$1171                      Sprite
     00000E22  A$Sprite$1173                      Sprite
     00000E23  A$Sprite$1174                      Sprite
     00000E25  A$Sprite$1175                      Sprite
     00000E26  A$Sprite$1176                      Sprite
     00000E28  A$Sprite$1177                      Sprite
     00000E29  A$Sprite$1178                      Sprite
     00000E2A  A$Sprite$1179                      Sprite
     00000E2C  A$Sprite$1180                      Sprite
     00000E2D  A$Sprite$1181                      Sprite
     00000E30  A$Sprite$1185                      Sprite
     00000E30  C$Sprite.c$124$5_0$204             Sprite
     00000E33  A$Sprite$1186                      Sprite
     00000E34  A$Sprite$1187                      Sprite
     00000E35  A$Sprite$1188                      Sprite
     00000E37  A$Sprite$1193                      Sprite
     00000E37  C$Sprite.c$125$3_0$193             Sprite
     00000E38  A$Sprite$1194                      Sprite
     00000E3A  A$Sprite$1195                      Sprite
     00000E3B  A$Sprite$1196                      Sprite
     00000E3C  A$Sprite$1197                      Sprite
     00000E3D  A$Sprite$1198                      Sprite
     00000E3E  A$Sprite$1199                      Sprite
     00000E3F  A$Sprite$1200                      Sprite
     00000E41  A$Sprite$1201                      Sprite
     00000E42  A$Sprite$1202                      Sprite
     00000E43  A$Sprite$1203                      Sprite
     00000E44  A$Sprite$1204                      Sprite
     00000E45  A$Sprite$1205                      Sprite
     00000E48  A$Sprite$1206                      Sprite
     00000E4A  A$Sprite$1207                      Sprite
     00000E4B  A$Sprite$1208                      Sprite
     00000E4C  A$Sprite$1209                      Sprite
     00000E4D  A$Sprite$1210                      Sprite
     00000E4E  A$Sprite$1211                      Sprite
     00000E4F  A$Sprite$1212                      Sprite
     00000E50  A$Sprite$1213                      Sprite
     00000E51  A$Sprite$1214                      Sprite
     00000E52  A$Sprite$1215                      Sprite
     00000E53  A$Sprite$1216                      Sprite
     00000E54  A$Sprite$1217                      Sprite
     00000E56  A$Sprite$1218                      Sprite
     00000E57  A$Sprite$1219                      Sprite
     00000E59  A$Sprite$1220                      Sprite
     00000E5A  A$Sprite$1221                      Sprite
     00000E5B  A$Sprite$1223                      Sprite
     00000E5E  A$Sprite$1224                      Sprite
     00000E5F  A$Sprite$1225                      Sprite
     00000E60  A$Sprite$1226                      Sprite
     00000E61  A$Sprite$1228                      Sprite
     00000E64  A$Sprite$1229                      Sprite
ASxxxx Linker V03.00/V05.40 + sdld,  page 25.
Hexadecimal  [32-Bits]

Area                                    Addr        Size        Decimal Bytes (Attributes)
--------------------------------        ----        ----        ------- ----- ------------
_CODE                               00000200    00002F69 =       12137. bytes (REL,CON)

      Value  Global                              Global Defined In Module
      -----  --------------------------------   ------------------------
     00000E66  A$Sprite$1231                      Sprite
     00000E68  A$Sprite$1232                      Sprite
     00000E69  A$Sprite$1233                      Sprite
     00000E6B  A$Sprite$1234                      Sprite
     00000E6C  A$Sprite$1235                      Sprite
     00000E6E  A$Sprite$1236                      Sprite
     00000E70  A$Sprite$1237                      Sprite
     00000E72  A$Sprite$1238                      Sprite
     00000E74  A$Sprite$1239                      Sprite
     00000E76  A$Sprite$1240                      Sprite
     00000E77  A$Sprite$1241                      Sprite
     00000E78  A$Sprite$1242                      Sprite
     00000E79  A$Sprite$1243                      Sprite
     00000E7B  A$Sprite$1245                      Sprite
     00000E7D  A$Sprite$1246                      Sprite
     00000E7F  A$Sprite$1247                      Sprite
     00000E80  A$Sprite$1248                      Sprite
     00000E81  A$Sprite$1249                      Sprite
     00000E82  A$Sprite$1251                      Sprite
     00000E84  A$Sprite$1252                      Sprite
     00000E85  A$Sprite$1253                      Sprite
     00000E86  A$Sprite$1254                      Sprite
     00000E87  A$Sprite$1255                      Sprite
     00000E88  A$Sprite$1256                      Sprite
     00000E89  A$Sprite$1257                      Sprite
     00000E8A  A$Sprite$1258                      Sprite
     00000E8B  A$Sprite$1259                      Sprite
     00000E8D  A$Sprite$1260                      Sprite
     00000E8F  A$Sprite$1261                      Sprite
     00000E90  A$Sprite$1262                      Sprite
     00000E92  A$Sprite$1263                      Sprite
     00000E93  A$Sprite$1264                      Sprite
[...]
     000248E8  A$SpriteSkeleton$150               SpriteSkeleton
     000248EA  A$SpriteSkeleton$151               SpriteSkeleton
     000248EC  A$SpriteSkeleton$152               SpriteSkeleton
     000248ED  A$SpriteSkeleton$157               SpriteSkeleton
     000248ED  C$SpriteSkeleton.c$38$1_1$187      SpriteSkeleton
     000248F0  A$SpriteSkeleton$158               SpriteSkeleton
     000248F1  A$SpriteSkeleton$159               SpriteSkeleton
     000248F2  A$SpriteSkeleton$160               SpriteSkeleton
     000248F3  A$SpriteSkeleton$161               SpriteSkeleton
     000248F6  A$SpriteSkeleton$162               SpriteSkeleton
     000248F7  A$SpriteSkeleton$163               SpriteSkeleton
     000248F8  A$SpriteSkeleton$164               SpriteSkeleton
     000248FA  A$SpriteSkeleton$165               SpriteSkeleton
     000248FB  A$SpriteSkeleton$166               SpriteSkeleton
     000248FE  A$SpriteSkeleton$167               SpriteSkeleton
     000248FF  A$SpriteSkeleton$168               SpriteSkeleton
     00024900  A$SpriteSkeleton$169               SpriteSkeleton
     00024901  A$SpriteSkeleton$170               SpriteSkeleton
     00024902  A$SpriteSkeleton$171               SpriteSkeleton
     00024904  A$SpriteSkeleton$172               SpriteSkeleton
     00024907  A$SpriteSkeleton$173               SpriteSkeleton
     0002490A  A$SpriteSkeleton$174               SpriteSkeleton
     0002490C  A$SpriteSkeleton$182               SpriteSkeleton
     0002490C  C$SpriteSkeleton.c$39$1_1$186      SpriteSkeleton
     0002490C  XG$Start_SpriteSkeleton$0$0        SpriteSkeleton
     0002490D  G$a_skeleton_hidden$0_0$0          SpriteSkeleton
     0002490D  _a_skeleton_hidden                 SpriteSkeleton
ASxxxx Linker V03.00/V05.40 + sdld,  page 302.
Hexadecimal  [32-Bits]

Area                                    Addr        Size        Decimal Bytes (Attributes)
--------------------------------        ----        ----        ------- ----- ------------
_CODE_2                             00024000    000009EB =        2539. bytes (REL,CON)

      Value  Global                              Global Defined In Module
      -----  --------------------------------   ------------------------
     0002490F  G$a_skeleton_up$0_0$0              SpriteSkeleton
     0002490F  _a_skeleton_up                     SpriteSkeleton
     00024912  G$a_skeleton_down$0_0$0            SpriteSkeleton
     00024912  _a_skeleton_down                   SpriteSkeleton
     00024915  G$a_skeleton_h$0_0$0               SpriteSkeleton
     00024915  _a_skeleton_h                      SpriteSkeleton
     00024918  G$a_skeleton_repelled$0_0$0        SpriteSkeleton
     00024918  _a_skeleton_repelled               SpriteSkeleton
     0002491D  A$SpriteSkeleton$223               SpriteSkeleton
     0002491D  C$SpriteSkeleton.c$41$1_1$189      SpriteSkeleton
     0002491D  C$SpriteSkeleton.c$42$1_0$189      SpriteSkeleton
     0002491D  G$Update_SpriteSkeleton$0$0        SpriteSkeleton
     0002491D  _Update_SpriteSkeleton             SpriteSkeleton
     00024920  A$SpriteSkeleton$224               SpriteSkeleton
     00024921  A$SpriteSkeleton$225               SpriteSkeleton
     00024922  A$SpriteSkeleton$226               SpriteSkeleton
     00024923  A$SpriteSkeleton$230               SpriteSkeleton
     00024923  C$SpriteSkeleton.c$43$1_0$189      SpriteSkeleton
     00024926  A$SpriteSkeleton$231               SpriteSkeleton
     00024927  A$SpriteSkeleton$232               SpriteSkeleton
     00024928  A$SpriteSkeleton$233               SpriteSkeleton
     00024929  A$SpriteSkeleton$237               SpriteSkeleton
     00024929  C$SpriteSkeleton.c$44$2_0$190      SpriteSkeleton
     0002492A  A$SpriteSkeleton$241               SpriteSkeleton
     0002492A  C$SpriteSkeleton.c$46$1_0$189      SpriteSkeleton
     0002492D  A$SpriteSkeleton$242               SpriteSkeleton
     0002492E  A$SpriteSkeleton$243               SpriteSkeleton
     0002492F  A$SpriteSkeleton$244               SpriteSkeleton
     00024930  A$SpriteSkeleton$245               SpriteSkeleton
     00024931  A$SpriteSkeleton$246               SpriteSkeleton
     00024933  A$SpriteSkeleton$247               SpriteSkeleton
     00024936  A$SpriteSkeleton$248               SpriteSkeleton
     00024939  A$SpriteSkeleton$249               SpriteSkeleton
     0002493A  A$SpriteSkeleton$257               SpriteSkeleton
     0002493A  C$SpriteSkeleton.c$47$1_0$189      SpriteSkeleton
     0002493A  XG$Update_SpriteSkeleton$0$0       SpriteSkeleton
     0002493B  A$SpriteSkeleton$271               SpriteSkeleton
     0002493B  C$SpriteSkeleton.c$49$1_0$192      SpriteSkeleton
     0002493B  G$skeleton_update_anim$0$0         SpriteSkeleton
     0002493B  _skeleton_update_anim              SpriteSkeleton
     0002493D  A$SpriteSkeleton$272               SpriteSkeleton
     0002493F  A$SpriteSkeleton$273               SpriteSkeleton
     00024940  A$SpriteSkeleton$274               SpriteSkeleton
     00024941  A$SpriteSkeleton$278               SpriteSkeleton
     00024941  C$SpriteSkeleton.c$58$1_0$192      SpriteSkeleton
     00024942  A$SpriteSkeleton$279               SpriteSkeleton
     00024943  A$SpriteSkeleton$280               SpriteSkeleton
     00024944  A$SpriteSkeleton$281               SpriteSkeleton
     00024945  A$SpriteSkeleton$282               SpriteSkeleton
     00024946  A$SpriteSkeleton$283               SpriteSkeleton
     00024949  A$SpriteSkeleton$284               SpriteSkeleton
ASxxxx Linker V03.00/V05.40 + sdld,  page 303.
Hexadecimal  [32-Bits]

Area                                    Addr        Size        Decimal Bytes (Attributes)
--------------------------------        ----        ----        ------- ----- ------------
_CODE_2                             00024000    000009EB =        2539. bytes (REL,CON)

      Value  Global                              Global Defined In Module
      -----  --------------------------------   ------------------------
     0002494A  A$SpriteSkeleton$285               SpriteSkeleton
     0002494B  A$SpriteSkeleton$286               SpriteSkeleton
     0002494C  A$SpriteSkeleton$290               SpriteSkeleton
     0002494C  C$SpriteSkeleton.c$50$1_0$192      SpriteSkeleton
     0002494D  A$SpriteSkeleton$291               SpriteSkeleton
     0002494F  A$SpriteSkeleton$292               SpriteSkeleton
     00024950  A$SpriteSkeleton$293               SpriteSkeleton
     00024952  A$SpriteSkeleton$294               SpriteSkeleton
     00024955  A$SpriteSkeleton$295               SpriteSkeleton
     00024956  A$SpriteSkeleton$296               SpriteSkeleton
     00024957  A$SpriteSkeleton$297               SpriteSkeleton
     00024958  A$SpriteSkeleton$298               SpriteSkeleton
     00024959  A$SpriteSkeleton$299               SpriteSkeleton
     0002495A  A$SpriteSkeleton$301               SpriteSkeleton
     0002495D  A$SpriteSkeleton$302               SpriteSkeleton
     00024960  A$SpriteSkeleton$303               SpriteSkeleton
     00024963  A$SpriteSkeleton$304               SpriteSkeleton
     00024966  A$SpriteSkeleton$305               SpriteSkeleton
     00024969  A$SpriteSkeleton$306               SpriteSkeleton
     0002496C  A$SpriteSkeleton$307               SpriteSkeleton
     0002496F  A$SpriteSkeleton$308               SpriteSkeleton
     00024972  A$SpriteSkeleton$309               SpriteSkeleton
     00024975  A$SpriteSkeleton$310               SpriteSkeleton
     00024978  A$SpriteSkeleton$311               SpriteSkeleton
     0002497B  A$SpriteSkeleton$312               SpriteSkeleton
     0002497E  A$SpriteSkeleton$313               SpriteSkeleton
     00024981  A$SpriteSkeleton$321               SpriteSkeleton
     00024981  C$SpriteSkeleton.c$51$2_0$193      SpriteSkeleton
     00024981  C$SpriteSkeleton.c$52$2_0$193      SpriteSkeleton
     00024983  A$SpriteSkeleton$322               SpriteSkeleton
     00024984  A$SpriteSkeleton$323               SpriteSkeleton
     00024985  A$SpriteSkeleton$324               SpriteSkeleton
     00024988  A$SpriteSkeleton$325               SpriteSkeleton
     0002498A  A$SpriteSkeleton$326               SpriteSkeleton
     0002498B  A$SpriteSkeleton$327               SpriteSkeleton
     0002498C  A$SpriteSkeleton$328               SpriteSkeleton
     0002498D  A$SpriteSkeleton$329               SpriteSkeleton
     00024990  A$SpriteSkeleton$333               SpriteSkeleton
     00024990  C$SpriteSkeleton.c$53$2_0$193      SpriteSkeleton
     00024991  A$SpriteSkeleton$341               SpriteSkeleton
     00024991  C$SpriteSkeleton.c$54$2_0$193      SpriteSkeleton
     00024991  C$SpriteSkeleton.c$55$2_0$193      SpriteSkeleton
     00024993  A$SpriteSkeleton$342               SpriteSkeleton
     00024994  A$SpriteSkeleton$343               SpriteSkeleton
     00024995  A$SpriteSkeleton$344               SpriteSkeleton
     00024998  A$SpriteSkeleton$345               SpriteSkeleton
     0002499A  A$SpriteSkeleton$346               SpriteSkeleton
     0002499B  A$SpriteSkeleton$347               SpriteSkeleton
     0002499C  A$SpriteSkeleton$348               SpriteSkeleton
     0002499D  A$SpriteSkeleton$349               SpriteSkeleton
     000249A0  A$SpriteSkeleton$353               SpriteSkeleton
ASxxxx Linker V03.00/V05.40 + sdld,  page 304.
Hexadecimal  [32-Bits]

Area                                    Addr        Size        Decimal Bytes (Attributes)
--------------------------------        ----        ----        ------- ----- ------------
_CODE_2                             00024000    000009EB =        2539. bytes (REL,CON)

      Value  Global                              Global Defined In Module
      -----  --------------------------------   ------------------------
     000249A0  C$SpriteSkeleton.c$56$2_0$193      SpriteSkeleton
     000249A1  A$SpriteSkeleton$361               SpriteSkeleton
     000249A1  C$SpriteSkeleton.c$57$2_0$193      SpriteSkeleton
     000249A1  C$SpriteSkeleton.c$58$2_0$193      SpriteSkeleton
     000249A3  A$SpriteSkeleton$362               SpriteSkeleton
     000249A4  A$SpriteSkeleton$366               SpriteSkeleton
     000249A4  C$SpriteSkeleton.c$59$2_0$193      SpriteSkeleton
     000249A6  A$SpriteSkeleton$367               SpriteSkeleton
     000249A7  A$SpriteSkeleton$368               SpriteSkeleton
     000249A8  A$SpriteSkeleton$369               SpriteSkeleton
     000249AB  A$SpriteSkeleton$370               SpriteSkeleton
     000249AE  A$SpriteSkeleton$374               SpriteSkeleton
     000249AE  C$SpriteSkeleton.c$60$2_0$193      SpriteSkeleton
     000249AF  A$SpriteSkeleton$382               SpriteSkeleton
     000249AF  C$SpriteSkeleton.c$61$2_0$193      SpriteSkeleton
     000249AF  C$SpriteSkeleton.c$62$2_0$193      SpriteSkeleton
     000249B0  A$SpriteSkeleton$383               SpriteSkeleton
     000249B1  A$SpriteSkeleton$387               SpriteSkeleton
     000249B1  C$SpriteSkeleton.c$63$2_0$193      SpriteSkeleton
     000249B3  A$SpriteSkeleton$388               SpriteSkeleton
     000249B4  A$SpriteSkeleton$389               SpriteSkeleton
     000249B5  A$SpriteSkeleton$390               SpriteSkeleton
     000249B8  A$SpriteSkeleton$391               SpriteSkeleton
     000249BB  A$SpriteSkeleton$395               SpriteSkeleton
     000249BB  C$SpriteSkeleton.c$64$2_0$193      SpriteSkeleton
     000249BC  A$SpriteSkeleton$403               SpriteSkeleton
     000249BC  C$SpriteSkeleton.c$65$2_0$193      SpriteSkeleton
     000249BC  C$SpriteSkeleton.c$66$2_0$193      SpriteSkeleton
     000249BE  A$SpriteSkeleton$404               SpriteSkeleton
     000249BF  A$SpriteSkeleton$405               SpriteSkeleton
     000249C0  A$SpriteSkeleton$406               SpriteSkeleton
     000249C3  A$SpriteSkeleton$407               SpriteSkeleton
     000249C5  A$SpriteSkeleton$408               SpriteSkeleton
     000249C6  A$SpriteSkeleton$409               SpriteSkeleton
     000249C7  A$SpriteSkeleton$410               SpriteSkeleton
     000249C8  A$SpriteSkeleton$411               SpriteSkeleton
     000249CB  A$SpriteSkeleton$423               SpriteSkeleton
     000249CB  C$SpriteSkeleton.c$68$1_0$192      SpriteSkeleton
     000249CB  C$SpriteSkeleton.c$69$1_0$192      SpriteSkeleton
     000249CB  XG$skeleton_update_anim$0$0        SpriteSkeleton
     000249CC  A$SpriteSkeleton$436               SpriteSkeleton
     000249CC  C$SpriteSkeleton.c$71$1_0$194      SpriteSkeleton
     000249CC  C$SpriteSkeleton.c$72$1_0$194      SpriteSkeleton
     000249CC  G$Destroy_SpriteSkeleton$0$0       SpriteSkeleton
     000249CC  _Destroy_SpriteSkeleton            SpriteSkeleton
     000249CF  A$SpriteSkeleton$437               SpriteSkeleton
     000249D0  A$SpriteSkeleton$438               SpriteSkeleton
     000249D1  A$SpriteSkeleton$439               SpriteSkeleton
     000249D2  A$SpriteSkeleton$440               SpriteSkeleton
     000249D5  A$SpriteSkeleton$441               SpriteSkeleton
     000249D6  A$SpriteSkeleton$442               SpriteSkeleton
ASxxxx Linker V03.00/V05.40 + sdld,  page 305.
Hexadecimal  [32-Bits]

Area                                    Addr        Size        Decimal Bytes (Attributes)
--------------------------------        ----        ----        ------- ----- ------------
_CODE_2                             00024000    000009EB =        2539. bytes (REL,CON)

      Value  Global                              Global Defined In Module
      -----  --------------------------------   ------------------------
     000249D7  A$SpriteSkeleton$443               SpriteSkeleton
     000249D8  A$SpriteSkeleton$444               SpriteSkeleton
     000249D9  A$SpriteSkeleton$445               SpriteSkeleton
     000249DC  A$SpriteSkeleton$446               SpriteSkeleton
     000249DD  A$SpriteSkeleton$447               SpriteSkeleton
     000249DE  A$SpriteSkeleton$448               SpriteSkeleton
     000249DF  A$SpriteSkeleton$449               SpriteSkeleton
     000249E0  A$SpriteSkeleton$450               SpriteSkeleton
     000249E2  A$SpriteSkeleton$451               SpriteSkeleton
     000249E5  A$SpriteSkeleton$452               SpriteSkeleton
     000249E8  A$SpriteSkeleton$453               SpriteSkeleton
     000249EA  A$SpriteSkeleton$461               SpriteSkeleton
     000249EA  C$SpriteSkeleton.c$73$1_0$194      SpriteSkeleton
     000249EA  XG$Destroy_SpriteSkeleton$0$0      SpriteSkeleton

ASxxxx Linker V03.00/V05.40 + sdld,  page 306.
Hexadecimal  [32-Bits]

Area                                    Addr        Size        Decimal Bytes (Attributes)
--------------------------------        ----        ----        ------- ----- ------------
_HEADER_NESTED_TIM0                 00000000    00000006 =           6. bytes (ABS,CON)

      Value  Global                              Global Defined In Module
      -----  --------------------------------   ------------------------
ASxxxx Linker V03.00/V05.40 + sdld,  page 307.
Hexadecimal  [32-Bits]

Area                                    Addr        Size        Decimal Bytes (Attributes)
--------------------------------        ----        ----        ------- ----- ------------
_HEADER_LCD0                        00000000    00000003 =           3. bytes (ABS,CON)

      Value  Global                              Global Defined In Module
      -----  --------------------------------   ------------------------
ASxxxx Linker V03.00/V05.40 + sdld,  page 308.

Files Linked                              [ module(s) ]

C:/ZGB-2023.0/common/../env/gbdk/lib/gb/crt0.o
                                          [ Runtime ]
../DebugColor/res/hudmap.gbm.rel          [ hudmap_gbm ]
../DebugColor/res/omapintro.gbm.rel       [ omapintro_gbm ]
../DebugColor/res/font.gbr.rel            [ font_gbr ]
../DebugColor/res/hudt.gbr.rel            [ hudt_gbr ]
../DebugColor/res/omapintrot.gbr.rel      [ omapintrot_gbr ]
../DebugColor/res/sprites/camera.gbr.rel  [ camera_gbr ]
../DebugColor/res/sprites/enemyskeletor.gbr.rel
                                          [ enemyskeletor_gbr ]
../DebugColor/res/sprites/orpheus.gbr.rel
                                          [ orpheus_gbr ]
../DebugColor/SpriteCamera.rel            [ SpriteCamera ]
../DebugColor/SpriteOrpheus.rel           [ SpriteOrpheus ]
../DebugColor/SpriteSkeleton.rel          [ SpriteSkeleton ]
../DebugColor/StateGame.rel               [ StateGame ]
../DebugColor/UtilEnemy.rel               [ UtilEnemy ]
../DebugColor/ZGBMain.rel                 [ ZGBMain ]
C:/ZGB-2023.0/common/lib/hUGEDriver.obj.o
                                          [ hUGEDriver_obj ]


Libraries Linked                          [ object file ]

../DebugColor/zgb/zgb.lib                 [ Sprite.o ]
../DebugColor/zgb/zgb.lib                 [ main.o ]
../DebugColor/zgb/zgb.lib                 [ Scroll.o ]
../DebugColor/zgb/zgb.lib                 [ Fade.o ]
../DebugColor/zgb/zgb.lib                 [ Fade_b.o ]
../DebugColor/zgb/zgb.lib                 [ Music.o ]
C:/ZGB-2023.0/common/../env/gbdk/lib/gb/gb.lib
                                          [ sfr.o ]
../DebugColor/zgb/zgb.lib                 [ BankManager.o ]
C:/ZGB-2023.0/common/../env/gbdk/lib/gb/gb.lib
                                          [ cgb_palettes.o ]
../DebugColor/zgb/zgb.lib                 [ ZGBMain_Init.o ]
../DebugColor/zgb/zgb.lib                 [ SpriteManager.o ]
../DebugColor/zgb/zgb.lib                 [ OAMManager.o ]
C:/ZGB-2023.0/common/../env/gbdk/lib/sm83/sm83.lib
                                          [ mul.o ]
C:/ZGB-2023.0/common/../env/gbdk/lib/gb/gb.lib
                                          [ metasprites_flip.o ]
C:/ZGB-2023.0/common/../env/gbdk/lib/gb/gb.lib
                                          [ set_data.o ]
../DebugColor/zgb/zgb.lib                 [ Vector.o ]
C:/ZGB-2023.0/common/../env/gbdk/lib/gb/gb.lib
                                          [ set_tile.o ]
../DebugColor/zgb/zgb.lib                 [ Keys.o ]
C:/ZGB-2023.0/common/../env/gbdk/lib/sm83/sm83.lib
                                          [ _memcmp.o ]
C:/ZGB-2023.0/common/../env/gbdk/lib/gb/gb.lib
                                          [ tim_nested.o ]
C:/ZGB-2023.0/common/../env/gbdk/lib/gb/gb.lib
                                          [ tim_common.o ]
C:/ZGB-2023.0/common/../env/gbdk/lib/gb/gb.lib
                                          [ pad.o ]
C:/ZGB-2023.0/common/../env/gbdk/lib/gb/gb.lib
                                          [ metasprites.o ]
C:/ZGB-2023.0/common/../env/gbdk/lib/sm83/sm83.lib
                                          [ __sdcc_call_hl.o ]
../DebugColor/zgb/zgb.lib                 [ Math.o ]
C:/ZGB-2023.0/common/../env/gbdk/lib/sm83/sm83.lib
                                          [ _memset.o ]
C:/ZGB-2023.0/common/../env/gbdk/lib/sm83/sm83.lib
                                          [ memcpy.o ]
C:/ZGB-2023.0/common/../env/gbdk/lib/gb/gb.lib
                                          [ delay.o ]
C:/ZGB-2023.0/common/../env/gbdk/lib/gb/gb.lib
                                          [ ___sdcc_bcall_ehl.o ]
../DebugColor/zgb/zgb.lib                 [ Print.o ]
C:/ZGB-2023.0/common/../env/gbdk/lib/gb/gb.lib
                                          [ cgb.o ]
C:/ZGB-2023.0/common/../env/gbdk/lib/gb/gb.lib
                                          [ lcd.o ]
C:/ZGB-2023.0/common/../env/gbdk/lib/sm83/sm83.lib
                                          [ div.o ]
C:/ZGB-2023.0/common/../env/gbdk/lib/sm83/sm83.lib
                                          [ itoa.o ]

ASxxxx Linker V03.00/V05.40 + sdld,  page 309.

User Base Address Definitions

_DATA=0xc0a0
_CODE=0x0200
ASxxxx Linker V03.00/V05.40 + sdld,  page 310.

User Global Definitions

_shadow_OAM=0xC000
.STACK=0xDEFF
.refresh_OAM=0xFF80

